Component: ARM Compiler 5.06 update 6 (build 750) Tool: armlink [4d35ed]

==============================================================================

Section Cross References

    startup_stm32f407xx.o(RESET) refers to startup_stm32f407xx.o(STACK) for __initial_sp
    startup_stm32f407xx.o(RESET) refers to startup_stm32f407xx.o(.text) for Reset_Handler
    startup_stm32f407xx.o(RESET) refers to stm32f4xx_it.o(i.NMI_Handler) for NMI_Handler
    startup_stm32f407xx.o(RESET) refers to stm32f4xx_it.o(i.HardFault_Handler) for HardFault_Handler
    startup_stm32f407xx.o(RESET) refers to stm32f4xx_it.o(i.MemManage_Handler) for MemManage_Handler
    startup_stm32f407xx.o(RESET) refers to stm32f4xx_it.o(i.BusFault_Handler) for BusFault_Handler
    startup_stm32f407xx.o(RESET) refers to stm32f4xx_it.o(i.UsageFault_Handler) for UsageFault_Handler
    startup_stm32f407xx.o(RESET) refers to stm32f4xx_it.o(i.SVC_Handler) for SVC_Handler
    startup_stm32f407xx.o(RESET) refers to stm32f4xx_it.o(i.DebugMon_Handler) for DebugMon_Handler
    startup_stm32f407xx.o(RESET) refers to stm32f4xx_it.o(i.PendSV_Handler) for PendSV_Handler
    startup_stm32f407xx.o(RESET) refers to stm32f4xx_it.o(i.SysTick_Handler) for SysTick_Handler
    startup_stm32f407xx.o(RESET) refers to stm32f4xx_it.o(i.OTG_HS_IRQHandler) for OTG_HS_IRQHandler
    startup_stm32f407xx.o(.text) refers to system_stm32f4xx.o(i.SystemInit) for SystemInit
    startup_stm32f407xx.o(.text) refers to entry.o(.ARM.Collect$$$$00000000) for __main
    main.o(i.SystemClock_Config) refers to memseta.o(.text) for __aeabi_memclr4
    main.o(i.SystemClock_Config) refers to stm32f4xx_hal_rcc.o(i.HAL_RCC_OscConfig) for HAL_RCC_OscConfig
    main.o(i.SystemClock_Config) refers to stm32f4xx_hal_rcc.o(i.HAL_RCC_ClockConfig) for HAL_RCC_ClockConfig
    main.o(i.main) refers to stm32f4xx_hal.o(i.HAL_Init) for HAL_Init
    main.o(i.main) refers to main.o(i.SystemClock_Config) for SystemClock_Config
    main.o(i.main) refers to gpio.o(i.MX_GPIO_Init) for MX_GPIO_Init
    main.o(i.main) refers to usb_device.o(i.MX_USB_DEVICE_Init) for MX_USB_DEVICE_Init
    usb_device.o(i.MX_USB_DEVICE_Init) refers to usbd_core.o(i.USBD_Init) for USBD_Init
    usb_device.o(i.MX_USB_DEVICE_Init) refers to main.o(i.Error_Handler) for Error_Handler
    usb_device.o(i.MX_USB_DEVICE_Init) refers to usbd_core.o(i.USBD_RegisterClass) for USBD_RegisterClass
    usb_device.o(i.MX_USB_DEVICE_Init) refers to usbd_audio.o(i.USBD_AUDIO_RegisterInterface) for USBD_AUDIO_RegisterInterface
    usb_device.o(i.MX_USB_DEVICE_Init) refers to usbd_core.o(i.USBD_Start) for USBD_Start
    usb_device.o(i.MX_USB_DEVICE_Init) refers to usbd_desc.o(.data) for HS_Desc
    usb_device.o(i.MX_USB_DEVICE_Init) refers to usb_device.o(.bss) for .bss
    usb_device.o(i.MX_USB_DEVICE_Init) refers to usbd_audio.o(.data) for USBD_AUDIO
    usb_device.o(i.MX_USB_DEVICE_Init) refers to usbd_audio_if.o(.data) for USBD_AUDIO_fops_HS
    usbd_conf.o(i.HAL_PCD_ConnectCallback) refers to usbd_core.o(i.USBD_LL_DevConnected) for USBD_LL_DevConnected
    usbd_conf.o(i.HAL_PCD_DataInStageCallback) refers to usbd_core.o(i.USBD_LL_DataInStage) for USBD_LL_DataInStage
    usbd_conf.o(i.HAL_PCD_DataOutStageCallback) refers to usbd_core.o(i.USBD_LL_DataOutStage) for USBD_LL_DataOutStage
    usbd_conf.o(i.HAL_PCD_DisconnectCallback) refers to usbd_core.o(i.USBD_LL_DevDisconnected) for USBD_LL_DevDisconnected
    usbd_conf.o(i.HAL_PCD_ISOINIncompleteCallback) refers to usbd_core.o(i.USBD_LL_IsoINIncomplete) for USBD_LL_IsoINIncomplete
    usbd_conf.o(i.HAL_PCD_ISOOUTIncompleteCallback) refers to usbd_core.o(i.USBD_LL_IsoOUTIncomplete) for USBD_LL_IsoOUTIncomplete
    usbd_conf.o(i.HAL_PCD_MspDeInit) refers to stm32f4xx_hal_gpio.o(i.HAL_GPIO_DeInit) for HAL_GPIO_DeInit
    usbd_conf.o(i.HAL_PCD_MspDeInit) refers to stm32f4xx_hal_cortex.o(i.HAL_NVIC_DisableIRQ) for HAL_NVIC_DisableIRQ
    usbd_conf.o(i.HAL_PCD_MspInit) refers to memseta.o(.text) for __aeabi_memclr4
    usbd_conf.o(i.HAL_PCD_MspInit) refers to stm32f4xx_hal_gpio.o(i.HAL_GPIO_Init) for HAL_GPIO_Init
    usbd_conf.o(i.HAL_PCD_MspInit) refers to stm32f4xx_hal_cortex.o(i.HAL_NVIC_SetPriority) for HAL_NVIC_SetPriority
    usbd_conf.o(i.HAL_PCD_MspInit) refers to stm32f4xx_hal_cortex.o(i.HAL_NVIC_EnableIRQ) for HAL_NVIC_EnableIRQ
    usbd_conf.o(i.HAL_PCD_ResetCallback) refers to main.o(i.Error_Handler) for Error_Handler
    usbd_conf.o(i.HAL_PCD_ResetCallback) refers to usbd_core.o(i.USBD_LL_SetSpeed) for USBD_LL_SetSpeed
    usbd_conf.o(i.HAL_PCD_ResetCallback) refers to usbd_core.o(i.USBD_LL_Reset) for USBD_LL_Reset
    usbd_conf.o(i.HAL_PCD_ResumeCallback) refers to usbd_core.o(i.USBD_LL_Resume) for USBD_LL_Resume
    usbd_conf.o(i.HAL_PCD_SOFCallback) refers to usbd_core.o(i.USBD_LL_SOF) for USBD_LL_SOF
    usbd_conf.o(i.HAL_PCD_SetupStageCallback) refers to usbd_core.o(i.USBD_LL_SetupStage) for USBD_LL_SetupStage
[...]
    ../Drivers/STM32F4xx_HAL_Driver/Src/stm32f4xx_hal_dma_ex.c 0x00000000   Number         0  stm32f4xx_hal_dma_ex.o ABSOLUTE
    ../Drivers/STM32F4xx_HAL_Driver/Src/stm32f4xx_hal_exti.c 0x00000000   Number         0  stm32f4xx_hal_exti.o ABSOLUTE
    ../Drivers/STM32F4xx_HAL_Driver/Src/stm32f4xx_hal_flash.c 0x00000000   Number         0  stm32f4xx_hal_flash.o ABSOLUTE
    ../Drivers/STM32F4xx_HAL_Driver/Src/stm32f4xx_hal_flash_ex.c 0x00000000   Number         0  stm32f4xx_hal_flash_ex.o ABSOLUTE
    ../Drivers/STM32F4xx_HAL_Driver/Src/stm32f4xx_hal_flash_ramfunc.c 0x00000000   Number         0  stm32f4xx_hal_flash_ramfunc.o ABSOLUTE
    ../Drivers/STM32F4xx_HAL_Driver/Src/stm32f4xx_hal_gpio.c 0x00000000   Number         0  stm32f4xx_hal_gpio.o ABSOLUTE
    ../Drivers/STM32F4xx_HAL_Driver/Src/stm32f4xx_hal_pcd.c 0x00000000   Number         0  stm32f4xx_hal_pcd.o ABSOLUTE
    ../Drivers/STM32F4xx_HAL_Driver/Src/stm32f4xx_hal_pcd_ex.c 0x00000000   Number         0  stm32f4xx_hal_pcd_ex.o ABSOLUTE
    ../Drivers/STM32F4xx_HAL_Driver/Src/stm32f4xx_hal_pwr.c 0x00000000   Number         0  stm32f4xx_hal_pwr.o ABSOLUTE
    ../Drivers/STM32F4xx_HAL_Driver/Src/stm32f4xx_hal_pwr_ex.c 0x00000000   Number         0  stm32f4xx_hal_pwr_ex.o ABSOLUTE
    ../Drivers/STM32F4xx_HAL_Driver/Src/stm32f4xx_hal_rcc.c 0x00000000   Number         0  stm32f4xx_hal_rcc.o ABSOLUTE
    ../Drivers/STM32F4xx_HAL_Driver/Src/stm32f4xx_hal_rcc_ex.c 0x00000000   Number         0  stm32f4xx_hal_rcc_ex.o ABSOLUTE
    ../Drivers/STM32F4xx_HAL_Driver/Src/stm32f4xx_hal_tim.c 0x00000000   Number         0  stm32f4xx_hal_tim.o ABSOLUTE
    ../Drivers/STM32F4xx_HAL_Driver/Src/stm32f4xx_hal_tim_ex.c 0x00000000   Number         0  stm32f4xx_hal_tim_ex.o ABSOLUTE
    ../Drivers/STM32F4xx_HAL_Driver/Src/stm32f4xx_ll_usb.c 0x00000000   Number         0  stm32f4xx_ll_usb.o ABSOLUTE
    ../Middlewares/ST/STM32_USB_Device_Library/Class/AUDIO/Src/usbd_audio.c 0x00000000   Number         0  usbd_audio.o ABSOLUTE
    ../Middlewares/ST/STM32_USB_Device_Library/Core/Src/usbd_core.c 0x00000000   Number         0  usbd_core.o ABSOLUTE
    ../Middlewares/ST/STM32_USB_Device_Library/Core/Src/usbd_ctlreq.c 0x00000000   Number         0  usbd_ctlreq.o ABSOLUTE
    ../Middlewares/ST/STM32_USB_Device_Library/Core/Src/usbd_ioreq.c 0x00000000   Number         0  usbd_ioreq.o ABSOLUTE
    ../Src/gpio.c                            0x00000000   Number         0  gpio.o ABSOLUTE
    ../Src/main.c                            0x00000000   Number         0  main.o ABSOLUTE
    ../Src/stm32f4xx_hal_msp.c               0x00000000   Number         0  stm32f4xx_hal_msp.o ABSOLUTE
    ../Src/stm32f4xx_it.c                    0x00000000   Number         0  stm32f4xx_it.o ABSOLUTE
    ../Src/system_stm32f4xx.c                0x00000000   Number         0  system_stm32f4xx.o ABSOLUTE
    ../Src/usb_device.c                      0x00000000   Number         0  usb_device.o ABSOLUTE
    ../Src/usbd_audio_if.c                   0x00000000   Number         0  usbd_audio_if.o ABSOLUTE
    ../Src/usbd_conf.c                       0x00000000   Number         0  usbd_conf.o ABSOLUTE
    ../Src/usbd_desc.c                       0x00000000   Number         0  usbd_desc.o ABSOLUTE
    ../clib/../cmprslib/zerorunl2.c          0x00000000   Number         0  __dczerorl2.o ABSOLUTE
    ../clib/microlib/division.c              0x00000000   Number         0  uldiv.o ABSOLUTE
    ../clib/microlib/init/entry.s            0x00000000   Number         0  entry.o ABSOLUTE
    ../clib/microlib/init/entry.s            0x00000000   Number         0  entry7a.o ABSOLUTE
    ../clib/microlib/init/entry.s            0x00000000   Number         0  entry2.o ABSOLUTE
    ../clib/microlib/init/entry.s            0x00000000   Number         0  entry11b.o ABSOLUTE
    ../clib/microlib/init/entry.s            0x00000000   Number         0  entry10b.o ABSOLUTE
    ../clib/microlib/init/entry.s            0x00000000   Number         0  entry10a.o ABSOLUTE
    ../clib/microlib/init/entry.s            0x00000000   Number         0  entry9b.o ABSOLUTE
    ../clib/microlib/init/entry.s            0x00000000   Number         0  entry9a.o ABSOLUTE
    ../clib/microlib/init/entry.s            0x00000000   Number         0  entry8b.o ABSOLUTE
    ../clib/microlib/init/entry.s            0x00000000   Number         0  entry8a.o ABSOLUTE
    ../clib/microlib/init/entry.s            0x00000000   Number         0  entry7b.o ABSOLUTE
    ../clib/microlib/init/entry.s            0x00000000   Number         0  entry5.o ABSOLUTE
    ../clib/microlib/init/entry.s            0x00000000   Number         0  entry11a.o ABSOLUTE
    ../clib/microlib/longlong.c              0x00000000   Number         0  llshl.o ABSOLUTE
    ../clib/microlib/longlong.c              0x00000000   Number         0  llushr.o ABSOLUTE
    ../clib/microlib/malloc/malloc.c         0x00000000   Number         0  malloca.o ABSOLUTE
    ../clib/microlib/malloc/malloc.c         0x00000000   Number         0  malloc.o ABSOLUTE
    ../clib/microlib/malloc/malloc.c         0x00000000   Number         0  mallocra.o ABSOLUTE
    ../clib/microlib/malloc/malloc.c         0x00000000   Number         0  mallocr.o ABSOLUTE
    ../clib/microlib/malloc/mvars.c          0x00000000   Number         0  mvars.o ABSOLUTE
    ../clib/microlib/string/memcpy.c         0x00000000   Number         0  memcpya.o ABSOLUTE
    ../clib/microlib/string/memcpy.c         0x00000000   Number         0  memcpyb.o ABSOLUTE
    ../clib/microlib/string/memset.c         0x00000000   Number         0  memseta.o ABSOLUTE
    ..\Drivers\STM32F4xx_HAL_Driver\Src\stm32f4xx_hal.c 0x00000000   Number         0  stm32f4xx_hal.o ABSOLUTE
    ..\Drivers\STM32F4xx_HAL_Driver\Src\stm32f4xx_hal_cortex.c 0x00000000   Number         0  stm32f4xx_hal_cortex.o ABSOLUTE
    ..\Drivers\STM32F4xx_HAL_Driver\Src\stm32f4xx_hal_dma.c 0x00000000   Number         0  stm32f4xx_hal_dma.o ABSOLUTE
    ..\Drivers\STM32F4xx_HAL_Driver\Src\stm32f4xx_hal_dma_ex.c 0x00000000   Number         0  stm32f4xx_hal_dma_ex.o ABSOLUTE
    ..\Drivers\STM32F4xx_HAL_Driver\Src\stm32f4xx_hal_exti.c 0x00000000   Number         0  stm32f4xx_hal_exti.o ABSOLUTE
    ..\Drivers\STM32F4xx_HAL_Driver\Src\stm32f4xx_hal_flash.c 0x00000000   Number         0  stm32f4xx_hal_flash.o ABSOLUTE
    ..\Drivers\STM32F4xx_HAL_Driver\Src\stm32f4xx_hal_flash_ex.c 0x00000000   Number         0  stm32f4xx_hal_flash_ex.o ABSOLUTE
    ..\Drivers\STM32F4xx_HAL_Driver\Src\stm32f4xx_hal_flash_ramfunc.c 0x00000000   Number         0  stm32f4xx_hal_flash_ramfunc.o ABSOLUTE
    ..\Drivers\STM32F4xx_HAL_Driver\Src\stm32f4xx_hal_gpio.c 0x00000000   Number         0  stm32f4xx_hal_gpio.o ABSOLUTE
    ..\Drivers\STM32F4xx_HAL_Driver\Src\stm32f4xx_hal_pcd.c 0x00000000   Number         0  stm32f4xx_hal_pcd.o ABSOLUTE
    ..\Drivers\STM32F4xx_HAL_Driver\Src\stm32f4xx_hal_pcd_ex.c 0x00000000   Number         0  stm32f4xx_hal_pcd_ex.o ABSOLUTE
    ..\Drivers\STM32F4xx_HAL_Driver\Src\stm32f4xx_hal_pwr.c 0x00000000   Number         0  stm32f4xx_hal_pwr.o ABSOLUTE
    ..\Drivers\STM32F4xx_HAL_Driver\Src\stm32f4xx_hal_pwr_ex.c 0x00000000   Number         0  stm32f4xx_hal_pwr_ex.o ABSOLUTE
    ..\Drivers\STM32F4xx_HAL_Driver\Src\stm32f4xx_hal_rcc.c 0x00000000   Number         0  stm32f4xx_hal_rcc.o ABSOLUTE
    ..\Drivers\STM32F4xx_HAL_Driver\Src\stm32f4xx_hal_rcc_ex.c 0x00000000   Number         0  stm32f4xx_hal_rcc_ex.o ABSOLUTE
    ..\Drivers\STM32F4xx_HAL_Driver\Src\stm32f4xx_hal_tim.c 0x00000000   Number         0  stm32f4xx_hal_tim.o ABSOLUTE
    ..\Drivers\STM32F4xx_HAL_Driver\Src\stm32f4xx_hal_tim_ex.c 0x00000000   Number         0  stm32f4xx_hal_tim_ex.o ABSOLUTE
    ..\Drivers\STM32F4xx_HAL_Driver\Src\stm32f4xx_ll_usb.c 0x00000000   Number         0  stm32f4xx_ll_usb.o ABSOLUTE
    ..\Middlewares\ST\STM32_USB_Device_Library\Class\AUDIO\Src\usbd_audio.c 0x00000000   Number         0  usbd_audio.o ABSOLUTE
    ..\Middlewares\ST\STM32_USB_Device_Library\Core\Src\usbd_core.c 0x00000000   Number         0  usbd_core.o ABSOLUTE
    ..\Middlewares\ST\STM32_USB_Device_Library\Core\Src\usbd_ctlreq.c 0x00000000   Number         0  usbd_ctlreq.o ABSOLUTE
    ..\Middlewares\ST\STM32_USB_Device_Library\Core\Src\usbd_ioreq.c 0x00000000   Number         0  usbd_ioreq.o ABSOLUTE
    ..\Src\gpio.c                            0x00000000   Number         0  gpio.o ABSOLUTE
    ..\Src\main.c                            0x00000000   Number         0  main.o ABSOLUTE
    ..\Src\stm32f4xx_hal_msp.c               0x00000000   Number         0  stm32f4xx_hal_msp.o ABSOLUTE
    ..\Src\stm32f4xx_it.c                    0x00000000   Number         0  stm32f4xx_it.o ABSOLUTE
    ..\Src\system_stm32f4xx.c                0x00000000   Number         0  system_stm32f4xx.o ABSOLUTE
    ..\Src\usb_device.c                      0x00000000   Number         0  usb_device.o ABSOLUTE
    ..\Src\usbd_audio_if.c                   0x00000000   Number         0  usbd_audio_if.o ABSOLUTE
    ..\Src\usbd_conf.c                       0x00000000   Number         0  usbd_conf.o ABSOLUTE
    ..\Src\usbd_desc.c                       0x00000000   Number         0  usbd_desc.o ABSOLUTE
    dc.s                                     0x00000000   Number         0  dc.o ABSOLUTE
    handlers.s                               0x00000000   Number         0  handlers.o ABSOLUTE
    init.s                                   0x00000000   Number         0  init.o ABSOLUTE
    startup_stm32f407xx.s                    0x00000000   Number         0  startup_stm32f407xx.o ABSOLUTE
    RESET                                    0x08000000   Section      392  startup_stm32f407xx.o(RESET)
    .ARM.Collect$$$$00000000                 0x08000188   Section        0  entry.o(.ARM.Collect$$$$00000000)
    .ARM.Collect$$$$00000001                 0x08000188   Section        4  entry2.o(.ARM.Collect$$$$00000001)
    .ARM.Collect$$$$00000004                 0x0800018c   Section        4  entry5.o(.ARM.Collect$$$$00000004)
    .ARM.Collect$$$$00000008                 0x08000190   Section        0  entry7b.o(.ARM.Collect$$$$00000008)
    .ARM.Collect$$$$0000000A                 0x08000190   Section        0  entry8b.o(.ARM.Collect$$$$0000000A)
    .ARM.Collect$$$$0000000B                 0x08000190   Section        8  entry9a.o(.ARM.Collect$$$$0000000B)
    .ARM.Collect$$$$0000000D                 0x08000198   Section        0  entry10a.o(.ARM.Collect$$$$0000000D)
    .ARM.Collect$$$$0000000F                 0x08000198   Section        0  entry11a.o(.ARM.Collect$$$$0000000F)
    .ARM.Collect$$$$00002712                 0x08000198   Section        4  entry2.o(.ARM.Collect$$$$00002712)
    __lit__00000000                          0x08000198   Data           4  entry2.o(.ARM.Collect$$$$00002712)
    .text                                    0x0800019c   Section       36  startup_stm32f407xx.o(.text)
    $v0                                      0x0800019c   Number         0  startup_stm32f407xx.o(.text)
    .text                                    0x080001c0   Section        0  uldiv.o(.text)
    .text                                    0x08000222   Section        0  memcpya.o(.text)
    .text                                    0x08000246   Section        0  memseta.o(.text)
    .text                                    0x0800026a   Section        0  llshl.o(.text)
    .text                                    0x08000288   Section        0  llushr.o(.text)
    .text                                    0x080002a8   Section       36  init.o(.text)
    .text                                    0x080002cc   Section        0  __dczerorl2.o(.text)
    i.AUDIO_AudioCmd_HS                      0x08000322   Section        0  usbd_audio_if.o(i.AUDIO_AudioCmd_HS)
    AUDIO_AudioCmd_HS                        0x08000323   Thumb Code     4  usbd_audio_if.o(i.AUDIO_AudioCmd_HS)
    i.AUDIO_DeInit_HS                        0x08000326   Section        0  usbd_audio_if.o(i.AUDIO_DeInit_HS)
    AUDIO_DeInit_HS                          0x08000327   Thumb Code     4  usbd_audio_if.o(i.AUDIO_DeInit_HS)
    i.AUDIO_GetState_HS                      0x0800032a   Section        0  usbd_audio_if.o(i.AUDIO_GetState_HS)
    AUDIO_GetState_HS                        0x0800032b   Thumb Code     4  usbd_audio_if.o(i.AUDIO_GetState_HS)
    i.AUDIO_Init_HS                          0x0800032e   Section        0  usbd_audio_if.o(i.AUDIO_Init_HS)
    AUDIO_Init_HS                            0x0800032f   Thumb Code     4  usbd_audio_if.o(i.AUDIO_Init_HS)
    i.AUDIO_MuteCtl_HS                       0x08000332   Section        0  usbd_audio_if.o(i.AUDIO_MuteCtl_HS)
    AUDIO_MuteCtl_HS                         0x08000333   Thumb Code     4  usbd_audio_if.o(i.AUDIO_MuteCtl_HS)
    i.AUDIO_PeriodicTC_HS                    0x08000336   Section        0  usbd_audio_if.o(i.AUDIO_PeriodicTC_HS)
    AUDIO_PeriodicTC_HS                      0x08000337   Thumb Code     4  usbd_audio_if.o(i.AUDIO_PeriodicTC_HS)
    i.AUDIO_VolumeCtl_HS                     0x0800033a   Section        0  usbd_audio_if.o(i.AUDIO_VolumeCtl_HS)
    AUDIO_VolumeCtl_HS                       0x0800033b   Thumb Code     4  usbd_audio_if.o(i.AUDIO_VolumeCtl_HS)
    i.BusFault_Handler                       0x0800033e   Section        0  stm32f4xx_it.o(i.BusFault_Handler)
    i.DebugMon_Handler                       0x08000340   Section        0  stm32f4xx_it.o(i.DebugMon_Handler)
    i.Error_Handler                          0x08000342   Section        0  main.o(i.Error_Handler)
    i.HAL_Delay                              0x08000344   Section        0  stm32f4xx_hal.o(i.HAL_Delay)
    i.HAL_GPIO_Init                          0x08000368   Section        0  stm32f4xx_hal_gpio.o(i.HAL_GPIO_Init)
    i.HAL_GetTick                            0x08000520   Section        0  stm32f4xx_hal.o(i.HAL_GetTick)
    i.HAL_IncTick                            0x0800052c   Section        0  stm32f4xx_hal.o(i.HAL_IncTick)
    i.HAL_Init                               0x0800053c   Section        0  stm32f4xx_hal.o(i.HAL_Init)
    i.HAL_InitTick                           0x08000570   Section        0  stm32f4xx_hal.o(i.HAL_InitTick)
    i.HAL_MspInit                            0x080005b0   Section        0  stm32f4xx_hal_msp.o(i.HAL_MspInit)
    i.HAL_NVIC_EnableIRQ                     0x080005e0   Section        0  stm32f4xx_hal_cortex.o(i.HAL_NVIC_EnableIRQ)
    i.HAL_NVIC_SetPriority                   0x080005fc   Section        0  stm32f4xx_hal_cortex.o(i.HAL_NVIC_SetPriority)
    i.HAL_NVIC_SetPriorityGrouping           0x0800063c   Section        0  stm32f4xx_hal_cortex.o(i.HAL_NVIC_SetPriorityGrouping)
    i.HAL_PCDEx_LPM_Callback                 0x08000660   Section        0  stm32f4xx_hal_pcd_ex.o(i.HAL_PCDEx_LPM_Callback)
    i.HAL_PCDEx_SetRxFiFo                    0x08000662   Section        0  stm32f4xx_hal_pcd_ex.o(i.HAL_PCDEx_SetRxFiFo)
    i.HAL_PCDEx_SetTxFiFo                    0x0800066a   Section        0  stm32f4xx_hal_pcd_ex.o(i.HAL_PCDEx_SetTxFiFo)
    i.HAL_PCD_ConnectCallback                0x080006ae   Section        0  usbd_conf.o(i.HAL_PCD_ConnectCallback)
    i.HAL_PCD_DataInStageCallback            0x080006b6   Section        0  usbd_conf.o(i.HAL_PCD_DataInStageCallback)
    i.HAL_PCD_DataOutStageCallback           0x080006c8   Section        0  usbd_conf.o(i.HAL_PCD_DataOutStageCallback)
    i.HAL_PCD_DisconnectCallback             0x080006dc   Section        0  usbd_conf.o(i.HAL_PCD_DisconnectCallback)
    i.HAL_PCD_EP_Close                       0x080006e4   Section        0  stm32f4xx_hal_pcd.o(i.HAL_PCD_EP_Close)
    i.HAL_PCD_EP_ClrStall                    0x08000730   Section        0  stm32f4xx_hal_pcd.o(i.HAL_PCD_EP_ClrStall)
    i.HAL_PCD_EP_GetRxCount                  0x0800078c   Section        0  stm32f4xx_hal_pcd.o(i.HAL_PCD_EP_GetRxCount)
    i.HAL_PCD_EP_Open                        0x0800079e   Section        0  stm32f4xx_hal_pcd.o(i.HAL_PCD_EP_Open)
    i.HAL_PCD_EP_Receive                     0x080007fe   Section        0  stm32f4xx_hal_pcd.o(i.HAL_PCD_EP_Receive)
    i.HAL_PCD_EP_SetStall                    0x08000846   Section        0  stm32f4xx_hal_pcd.o(i.HAL_PCD_EP_SetStall)
    i.HAL_PCD_EP_Transmit                    0x080008ba   Section        0  stm32f4xx_hal_pcd.o(i.HAL_PCD_EP_Transmit)
    i.HAL_PCD_IRQHandler                     0x080008fc   Section        0  stm32f4xx_hal_pcd.o(i.HAL_PCD_IRQHandler)
    i.HAL_PCD_ISOINIncompleteCallback        0x08000d30   Section        0  usbd_conf.o(i.HAL_PCD_ISOINIncompleteCallback)
    i.HAL_PCD_ISOOUTIncompleteCallback       0x08000d38   Section        0  usbd_conf.o(i.HAL_PCD_ISOOUTIncompleteCallback)
    i.HAL_PCD_Init                           0x08000d40   Section        0  stm32f4xx_hal_pcd.o(i.HAL_PCD_Init)
    i.HAL_PCD_MspInit                        0x08000e24   Section        0  usbd_conf.o(i.HAL_PCD_MspInit)
    i.HAL_PCD_ResetCallback                  0x08000efc   Section        0  usbd_conf.o(i.HAL_PCD_ResetCallback)
    i.HAL_PCD_ResumeCallback                 0x08000f28   Section        0  usbd_conf.o(i.HAL_PCD_ResumeCallback)
    i.HAL_PCD_SOFCallback                    0x08000f30   Section        0  usbd_conf.o(i.HAL_PCD_SOFCallback)
    i.HAL_PCD_SetAddress                     0x08000f38   Section        0  stm32f4xx_hal_pcd.o(i.HAL_PCD_SetAddress)
    i.HAL_PCD_SetupStageCallback             0x08000f60   Section        0  usbd_conf.o(i.HAL_PCD_SetupStageCallback)
    i.HAL_PCD_Start                          0x08000f6e   Section        0  stm32f4xx_hal_pcd.o(i.HAL_PCD_Start)
    i.HAL_PCD_SuspendCallback                0x08000fb0   Section        0  usbd_conf.o(i.HAL_PCD_SuspendCallback)
    i.HAL_RCC_ClockConfig                    0x08000fe0   Section        0  stm32f4xx_hal_rcc.o(i.HAL_RCC_ClockConfig)
    i.HAL_RCC_GetHCLKFreq                    0x08001114   Section        0  stm32f4xx_hal_rcc.o(i.HAL_RCC_GetHCLKFreq)
    i.HAL_RCC_GetSysClockFreq                0x08001120   Section        0  stm32f4xx_hal_rcc.o(i.HAL_RCC_GetSysClockFreq)
    i.HAL_RCC_OscConfig                      0x08001180   Section        0  stm32f4xx_hal_rcc.o(i.HAL_RCC_OscConfig)
    i.HAL_SYSTICK_Config                     0x080014dc   Section        0  stm32f4xx_hal_cortex.o(i.HAL_SYSTICK_Config)
    i.HardFault_Handler                      0x08001504   Section        0  stm32f4xx_it.o(i.HardFault_Handler)
    i.IntToUnicode                           0x08001508   Section        0  usbd_desc.o(i.IntToUnicode)
    IntToUnicode                             0x08001509   Thumb Code    56  usbd_desc.o(i.IntToUnicode)
    i.MX_GPIO_Init                           0x08001540   Section        0  gpio.o(i.MX_GPIO_Init)
    i.MX_USB_DEVICE_Init                     0x0800158c   Section        0  usb_device.o(i.MX_USB_DEVICE_Init)
    i.MemManage_Handler                      0x080015e0   Section        0  stm32f4xx_it.o(i.MemManage_Handler)
    i.NMI_Handler                            0x080015e2   Section        0  stm32f4xx_it.o(i.NMI_Handler)
    i.OTG_HS_IRQHandler                      0x080015e4   Section        0  stm32f4xx_it.o(i.OTG_HS_IRQHandler)
    i.PCD_EP_OutXfrComplete_int              0x080015f0   Section        0  stm32f4xx_hal_pcd.o(i.PCD_EP_OutXfrComplete_int)
    PCD_EP_OutXfrComplete_int                0x080015f1   Thumb Code   196  stm32f4xx_hal_pcd.o(i.PCD_EP_OutXfrComplete_int)
    i.PCD_WriteEmptyTxFifo                   0x080016bc   Section        0  stm32f4xx_hal_pcd.o(i.PCD_WriteEmptyTxFifo)
    PCD_WriteEmptyTxFifo                     0x080016bd   Thumb Code   162  stm32f4xx_hal_pcd.o(i.PCD_WriteEmptyTxFifo)
    i.PendSV_Handler                         0x0800175e   Section        0  stm32f4xx_it.o(i.PendSV_Handler)
    i.SVC_Handler                            0x08001760   Section        0  stm32f4xx_it.o(i.SVC_Handler)
    i.SWAPBYTE                               0x08001762   Section        0  usbd_ctlreq.o(i.SWAPBYTE)
    SWAPBYTE                                 0x08001763   Thumb Code    10  usbd_ctlreq.o(i.SWAPBYTE)
    i.SysTick_Handler                        0x0800176c   Section        0  stm32f4xx_it.o(i.SysTick_Handler)
    i.SystemClock_Config                     0x08001770   Section        0  main.o(i.SystemClock_Config)
    i.SystemInit                             0x080017f4   Section        0  system_stm32f4xx.o(i.SystemInit)
    i.USBD_AUDIO_DataIn                      0x08001810   Section        0  usbd_audio.o(i.USBD_AUDIO_DataIn)
    USBD_AUDIO_DataIn                        0x08001811   Thumb Code     4  usbd_audio.o(i.USBD_AUDIO_DataIn)
    i.USBD_AUDIO_DataOut                     0x08001814   Section        0  usbd_audio.o(i.USBD_AUDIO_DataOut)
    USBD_AUDIO_DataOut                       0x08001815   Thumb Code   146  usbd_audio.o(i.USBD_AUDIO_DataOut)
    i.USBD_AUDIO_DeInit                      0x080018a6   Section        0  usbd_audio.o(i.USBD_AUDIO_DeInit)
    USBD_AUDIO_DeInit                        0x080018a7   Thumb Code    52  usbd_audio.o(i.USBD_AUDIO_DeInit)
    i.USBD_AUDIO_EP0_RxReady                 0x080018da   Section        0  usbd_audio.o(i.USBD_AUDIO_EP0_RxReady)
    USBD_AUDIO_EP0_RxReady                   0x080018db   Thumb Code    54  usbd_audio.o(i.USBD_AUDIO_EP0_RxReady)
    i.USBD_AUDIO_EP0_TxReady                 0x08001910   Section        0  usbd_audio.o(i.USBD_AUDIO_EP0_TxReady)
    USBD_AUDIO_EP0_TxReady                   0x08001911   Thumb Code     4  usbd_audio.o(i.USBD_AUDIO_EP0_TxReady)
    i.USBD_AUDIO_GetCfgDesc                  0x08001914   Section        0  usbd_audio.o(i.USBD_AUDIO_GetCfgDesc)
    USBD_AUDIO_GetCfgDesc                    0x08001915   Thumb Code     8  usbd_audio.o(i.USBD_AUDIO_GetCfgDesc)
    i.USBD_AUDIO_GetDeviceQualifierDesc      0x08001920   Section        0  usbd_audio.o(i.USBD_AUDIO_GetDeviceQualifierDesc)
    USBD_AUDIO_GetDeviceQualifierDesc        0x08001921   Thumb Code     8  usbd_audio.o(i.USBD_AUDIO_GetDeviceQualifierDesc)
    i.USBD_AUDIO_Init                        0x0800192c   Section        0  usbd_audio.o(i.USBD_AUDIO_Init)
    USBD_AUDIO_Init                          0x0800192d   Thumb Code   120  usbd_audio.o(i.USBD_AUDIO_Init)
    i.USBD_AUDIO_IsoINIncomplete             0x080019a4   Section        0  usbd_audio.o(i.USBD_AUDIO_IsoINIncomplete)
    USBD_AUDIO_IsoINIncomplete               0x080019a5   Thumb Code     4  usbd_audio.o(i.USBD_AUDIO_IsoINIncomplete)
    i.USBD_AUDIO_IsoOutIncomplete            0x080019a8   Section        0  usbd_audio.o(i.USBD_AUDIO_IsoOutIncomplete)
    USBD_AUDIO_IsoOutIncomplete              0x080019a9   Thumb Code     4  usbd_audio.o(i.USBD_AUDIO_IsoOutIncomplete)
    i.USBD_AUDIO_RegisterInterface           0x080019ac   Section        0  usbd_audio.o(i.USBD_AUDIO_RegisterInterface)
    i.USBD_AUDIO_SOF                         0x080019ba   Section        0  usbd_audio.o(i.USBD_AUDIO_SOF)
    USBD_AUDIO_SOF                           0x080019bb   Thumb Code     4  usbd_audio.o(i.USBD_AUDIO_SOF)
    i.USBD_AUDIO_Setup                       0x080019c0   Section        0  usbd_audio.o(i.USBD_AUDIO_Setup)
    USBD_AUDIO_Setup                         0x080019c1   Thumb Code   210  usbd_audio.o(i.USBD_AUDIO_Setup)
    i.USBD_ClrClassConfig                    0x08001a98   Section        0  usbd_core.o(i.USBD_ClrClassConfig)
    i.USBD_CtlContinueRx                     0x08001aa8   Section        0  usbd_ioreq.o(i.USBD_CtlContinueRx)
    i.USBD_CtlContinueSendData               0x08001ab8   Section        0  usbd_ioreq.o(i.USBD_CtlContinueSendData)
    i.USBD_CtlError                          0x08001ac8   Section        0  usbd_ctlreq.o(i.USBD_CtlError)
    i.USBD_CtlPrepareRx                      0x08001ade   Section        0  usbd_ioreq.o(i.USBD_CtlPrepareRx)
    i.USBD_CtlReceiveStatus                  0x08001afc   Section        0  usbd_ioreq.o(i.USBD_CtlReceiveStatus)
    i.USBD_CtlSendData                       0x08001b12   Section        0  usbd_ioreq.o(i.USBD_CtlSendData)
    i.USBD_CtlSendStatus                     0x08001b2c   Section        0  usbd_ioreq.o(i.USBD_CtlSendStatus)
    i.USBD_GetDescriptor                     0x08001b42   Section        0  usbd_ctlreq.o(i.USBD_GetDescriptor)
    USBD_GetDescriptor                       0x08001b43   Thumb Code   230  usbd_ctlreq.o(i.USBD_GetDescriptor)
    i.USBD_GetString                         0x08001c28   Section        0  usbd_ctlreq.o(i.USBD_GetString)
    i.USBD_Get_USB_Status                    0x08001c70   Section        0  usbd_conf.o(i.USBD_Get_USB_Status)
    i.USBD_HS_ConfigStrDescriptor            0x08001c88   Section        0  usbd_desc.o(i.USBD_HS_ConfigStrDescriptor)
    i.USBD_HS_DeviceDescriptor               0x08001cac   Section        0  usbd_desc.o(i.USBD_HS_DeviceDescriptor)
    i.USBD_HS_InterfaceStrDescriptor         0x08001cb8   Section        0  usbd_desc.o(i.USBD_HS_InterfaceStrDescriptor)
    i.USBD_HS_LangIDStrDescriptor            0x08001cdc   Section        0  usbd_desc.o(i.USBD_HS_LangIDStrDescriptor)
    i.USBD_HS_ManufacturerStrDescriptor      0x08001ce8   Section        0  usbd_desc.o(i.USBD_HS_ManufacturerStrDescriptor)
    i.USBD_HS_ProductStrDescriptor           0x08001d10   Section        0  usbd_desc.o(i.USBD_HS_ProductStrDescriptor)
    i.USBD_HS_SerialStrDescriptor            0x08001d38   Section        0  usbd_desc.o(i.USBD_HS_SerialStrDescriptor)
    i.USBD_Init                              0x08001d70   Section        0  usbd_core.o(i.USBD_Init)
    i.USBD_LL_ClearStallEP                   0x08001da4   Section        0  usbd_conf.o(i.USBD_LL_ClearStallEP)
    i.USBD_LL_CloseEP                        0x08001db6   Section        0  usbd_conf.o(i.USBD_LL_CloseEP)
    i.USBD_LL_DataInStage                    0x08001dc8   Section        0  usbd_core.o(i.USBD_LL_DataInStage)
    i.USBD_LL_DataOutStage                   0x08001e72   Section        0  usbd_core.o(i.USBD_LL_DataOutStage)
    i.USBD_LL_DevConnected                   0x08001ee0   Section        0  usbd_core.o(i.USBD_LL_DevConnected)
    i.USBD_LL_DevDisconnected                0x08001ee4   Section        0  usbd_core.o(i.USBD_LL_DevDisconnected)
    i.USBD_LL_GetRxDataSize                  0x08001efc   Section        0  usbd_conf.o(i.USBD_LL_GetRxDataSize)
    i.USBD_LL_Init                           0x08001f04   Section        0  usbd_conf.o(i.USBD_LL_Init)
    i.USBD_LL_IsStallEP                      0x08001f6c   Section        0  usbd_conf.o(i.USBD_LL_IsStallEP)
    i.USBD_LL_IsoINIncomplete                0x08001f8c   Section        0  usbd_core.o(i.USBD_LL_IsoINIncomplete)
    i.USBD_LL_IsoOUTIncomplete               0x08001f90   Section        0  usbd_core.o(i.USBD_LL_IsoOUTIncomplete)
    i.USBD_LL_OpenEP                         0x08001f94   Section        0  usbd_conf.o(i.USBD_LL_OpenEP)
    i.USBD_LL_PrepareReceive                 0x08001fac   Section        0  usbd_conf.o(i.USBD_LL_PrepareReceive)
    i.USBD_LL_Reset                          0x08001fbe   Section        0  usbd_core.o(i.USBD_LL_Reset)
    i.USBD_LL_Resume                         0x08002010   Section        0  usbd_core.o(i.USBD_LL_Resume)
    i.USBD_LL_SOF                            0x08002024   Section        0  usbd_core.o(i.USBD_LL_SOF)
    i.USBD_LL_SetSpeed                       0x0800203c   Section        0  usbd_core.o(i.USBD_LL_SetSpeed)
    i.USBD_LL_SetUSBAddress                  0x08002042   Section        0  usbd_conf.o(i.USBD_LL_SetUSBAddress)
    i.USBD_LL_SetupStage                     0x08002054   Section        0  usbd_core.o(i.USBD_LL_SetupStage)
    i.USBD_LL_StallEP                        0x080020b4   Section        0  usbd_conf.o(i.USBD_LL_StallEP)
    i.USBD_LL_Start                          0x080020c6   Section        0  usbd_conf.o(i.USBD_LL_Start)
    i.USBD_LL_Suspend                        0x080020d8   Section        0  usbd_core.o(i.USBD_LL_Suspend)
    i.USBD_LL_Transmit                       0x080020ea   Section        0  usbd_conf.o(i.USBD_LL_Transmit)
    i.USBD_ParseSetupRequest                 0x080020fc   Section        0  usbd_ctlreq.o(i.USBD_ParseSetupRequest)
    i.USBD_RegisterClass                     0x08002128   Section        0  usbd_core.o(i.USBD_RegisterClass)
    i.USBD_SetClassConfig                    0x0800214a   Section        0  usbd_core.o(i.USBD_SetClassConfig)
    i.USBD_SetConfig                         0x08002160   Section        0  usbd_ctlreq.o(i.USBD_SetConfig)
    USBD_SetConfig                           0x08002161   Thumb Code   182  usbd_ctlreq.o(i.USBD_SetConfig)
    i.USBD_Start                             0x0800221c   Section        0  usbd_core.o(i.USBD_Start)
    i.USBD_StdDevReq                         0x08002220   Section        0  usbd_ctlreq.o(i.USBD_StdDevReq)
    i.USBD_StdEPReq                          0x08002334   Section        0  usbd_ctlreq.o(i.USBD_StdEPReq)
    i.USBD_StdItfReq                         0x08002480   Section        0  usbd_ctlreq.o(i.USBD_StdItfReq)
    i.USB_ActivateEndpoint                   0x080024d4   Section        0  stm32f4xx_ll_usb.o(i.USB_ActivateEndpoint)
    i.USB_ActivateSetup                      0x08002554   Section        0  stm32f4xx_ll_usb.o(i.USB_ActivateSetup)
    i.USB_CoreInit                           0x08002570   Section        0  stm32f4xx_ll_usb.o(i.USB_CoreInit)
    i.USB_CoreReset                          0x080025e4   Section        0  stm32f4xx_ll_usb.o(i.USB_CoreReset)
    USB_CoreReset                            0x080025e5   Thumb Code    50  stm32f4xx_ll_usb.o(i.USB_CoreReset)
    i.USB_DeactivateEndpoint                 0x0800261c   Section        0  stm32f4xx_ll_usb.o(i.USB_DeactivateEndpoint)
    i.USB_DevConnect                         0x080026e8   Section        0  stm32f4xx_ll_usb.o(i.USB_DevConnect)
    i.USB_DevDisconnect                      0x08002700   Section        0  stm32f4xx_ll_usb.o(i.USB_DevDisconnect)
    i.USB_DevInit                            0x08002718   Section        0  stm32f4xx_ll_usb.o(i.USB_DevInit)
    i.USB_DisableGlobalInt                   0x0800288c   Section        0  stm32f4xx_ll_usb.o(i.USB_DisableGlobalInt)
    i.USB_EP0StartXfer                       0x08002898   Section        0  stm32f4xx_ll_usb.o(i.USB_EP0StartXfer)
    i.USB_EP0_OutStart                       0x080029b0   Section        0  stm32f4xx_ll_usb.o(i.USB_EP0_OutStart)
    i.USB_EPClearStall                       0x08002a08   Section        0  stm32f4xx_ll_usb.o(i.USB_EPClearStall)
    i.USB_EPSetStall                         0x08002a60   Section        0  stm32f4xx_ll_usb.o(i.USB_EPSetStall)
    i.USB_EPStartXfer                        0x08002ab8   Section        0  stm32f4xx_ll_usb.o(i.USB_EPStartXfer)
    i.USB_EnableGlobalInt                    0x08002ca0   Section        0  stm32f4xx_ll_usb.o(i.USB_EnableGlobalInt)
    i.USB_FlushRxFifo                        0x08002cac   Section        0  stm32f4xx_ll_usb.o(i.USB_FlushRxFifo)
    i.USB_FlushTxFifo                        0x08002ccc   Section        0  stm32f4xx_ll_usb.o(i.USB_FlushTxFifo)
    i.USB_GetDevSpeed                        0x08002cf0   Section        0  stm32f4xx_ll_usb.o(i.USB_GetDevSpeed)
    i.USB_GetMode                            0x08002d0a   Section        0  stm32f4xx_ll_usb.o(i.USB_GetMode)
    i.USB_ReadDevAllInEpInterrupt            0x08002d12   Section        0  stm32f4xx_ll_usb.o(i.USB_ReadDevAllInEpInterrupt)
    i.USB_ReadDevAllOutEpInterrupt           0x08002d20   Section        0  stm32f4xx_ll_usb.o(i.USB_ReadDevAllOutEpInterrupt)
    i.USB_ReadDevInEPInterrupt               0x08002d2e   Section        0  stm32f4xx_ll_usb.o(i.USB_ReadDevInEPInterrupt)
    i.USB_ReadDevOutEPInterrupt              0x08002d52   Section        0  stm32f4xx_ll_usb.o(i.USB_ReadDevOutEPInterrupt)
    i.USB_ReadInterrupts                     0x08002d62   Section        0  stm32f4xx_ll_usb.o(i.USB_ReadInterrupts)
    i.USB_ReadPacket                         0x08002d6a   Section        0  stm32f4xx_ll_usb.o(i.USB_ReadPacket)
    i.USB_SetCurrentMode                     0x08002d86   Section        0  stm32f4xx_ll_usb.o(i.USB_SetCurrentMode)
    i.USB_SetDevAddress                      0x08002db4   Section        0  stm32f4xx_ll_usb.o(i.USB_SetDevAddress)
    i.USB_SetTurnaroundTime                  0x08002dd8   Section        0  stm32f4xx_ll_usb.o(i.USB_SetTurnaroundTime)
    i.USB_WritePacket                        0x08002ec0   Section        0  stm32f4xx_ll_usb.o(i.USB_WritePacket)
    i.UsageFault_Handler                     0x08002ee4   Section        0  stm32f4xx_it.o(i.UsageFault_Handler)
    i.__NVIC_SetPriority                     0x08002ee6   Section        0  stm32f4xx_hal_cortex.o(i.__NVIC_SetPriority)
    __NVIC_SetPriority                       0x08002ee7   Thumb Code    32  stm32f4xx_hal_cortex.o(i.__NVIC_SetPriority)
    i.__scatterload_copy                     0x08002f06   Section       14  handlers.o(i.__scatterload_copy)
    i.__scatterload_null                     0x08002f14   Section        2  handlers.o(i.__scatterload_null)
    i.__scatterload_zeroinit                 0x08002f16   Section       14  handlers.o(i.__scatterload_zeroinit)
    i.free                                   0x08002f24   Section        0  malloc.o(i.free)
    i.main                                   0x08002f74   Section        0  main.o(i.main)
    i.malloc                                 0x08002f88   Section        0  malloc.o(i.malloc)
    .constdata                               0x08002ff4   Section       16  system_stm32f4xx.o(.constdata)
    .data                                    0x20000000   Section       28  usbd_desc.o(.data)
    .data                                    0x2000001c   Section       50  usbd_desc.o(.data)
    .data                                    0x20000050   Section       28  usbd_audio_if.o(.data)
    .data                                    0x2000006c   Section       12  stm32f4xx_hal.o(.data)
    .data                                    0x20000078   Section        4  system_stm32f4xx.o(.data)
    .data                                    0x2000007c   Section        1  usbd_ctlreq.o(.data)
    cfgidx                                   0x2000007c   Data           1  usbd_ctlreq.o(.data)
    .data                                    0x20000080   Section       56  usbd_audio.o(.data)
    .data                                    0x200000b8   Section      122  usbd_audio.o(.data)
    USBD_AUDIO_CfgDesc                       0x200000b8   Data         109  usbd_audio.o(.data)
    USBD_AUDIO_DeviceQualifierDesc           0x20000128   Data          10  usbd_audio.o(.data)
    .data                                    0x20000134   Section        4  mvars.o(.data)
    .data                                    0x20000138   Section        4  mvars.o(.data)
    .bss                                     0x2000013c   Section      720  usb_device.o(.bss)
    .bss                                     0x2000040c   Section     1032  usbd_conf.o(.bss)
    .bss                                     0x20000814   Section      512  usbd_desc.o(.bss)
    HEAP                                     0x20000a18   Section      512  startup_stm32f407xx.o(HEAP)
    STACK                                    0x20000c18   Section     1024  startup_stm32f407xx.o(STACK)

    Global Symbols

    Symbol Name                              Value     Ov Type        Size  Object(Section)

    BuildAttributes$$THM_ISAv4$E$P$D$K$B$S$7EM$VFPi3$EXTD16$VFPS$VFMA$PE$A:L22UL41UL21$X:L11$S22US41US21$IEEE1$IW$USESV6$~STKCKD$USESV7$~SHL$OSPACE$EBA8$MICROLIB$REQ8$PRES8$EABIv2 0x00000000   Number         0  anon$$obj.o ABSOLUTE
    __ARM_use_no_argv                        0x00000000   Number         0  main.o ABSOLUTE
    __cpp_initialize__aeabi_                  - Undefined Weak Reference
    __cxa_finalize                            - Undefined Weak Reference
    _clock_init                               - Undefined Weak Reference
    _microlib_exit                            - Undefined Weak Reference
    __Vectors_Size                           0x00000188   Number         0  startup_stm32f407xx.o ABSOLUTE
    __Vectors                                0x08000000   Data           4  startup_stm32f407xx.o(RESET)
    __Vectors_End                            0x08000188   Data           0  startup_stm32f407xx.o(RESET)
    __main                                   0x08000189   Thumb Code     0  entry.o(.ARM.Collect$$$$00000000)
    _main_stk                                0x08000189   Thumb Code     0  entry2.o(.ARM.Collect$$$$00000001)
    _main_scatterload                        0x0800018d   Thumb Code     0  entry5.o(.ARM.Collect$$$$00000004)
    __main_after_scatterload                 0x08000191   Thumb Code     0  entry5.o(.ARM.Collect$$$$00000004)
    _main_clock                              0x08000191   Thumb Code     0  entry7b.o(.ARM.Collect$$$$00000008)
    _main_cpp_init                           0x08000191   Thumb Code     0  entry8b.o(.ARM.Collect$$$$0000000A)
    _main_init                               0x08000191   Thumb Code     0  entry9a.o(.ARM.Collect$$$$0000000B)
    __rt_final_cpp                           0x08000199   Thumb Code     0  entry10a.o(.ARM.Collect$$$$0000000D)
    __rt_final_exit                          0x08000199   Thumb Code     0  entry11a.o(.ARM.Collect$$$$0000000F)
    Reset_Handler                            0x0800019d   Thumb Code     8  startup_stm32f407xx.o(.text)
    ADC_IRQHandler                           0x080001b7   Thumb Code     0  startup_stm32f407xx.o(.text)
    CAN1_RX0_IRQHandler                      0x080001b7   Thumb Code     0  startup_stm32f407xx.o(.text)
    CAN1_RX1_IRQHandler                      0x080001b7   Thumb Code     0  startup_stm32f407xx.o(.text)
    CAN1_SCE_IRQHandler                      0x080001b7   Thumb Code     0  startup_stm32f407xx.o(.text)
    CAN1_TX_IRQHandler                       0x080001b7   Thumb Code     0  startup_stm32f407xx.o(.text)
    CAN2_RX0_IRQHandler                      0x080001b7   Thumb Code     0  startup_stm32f407xx.o(.text)
    CAN2_RX1_IRQHandler                      0x080001b7   Thumb Code     0  startup_stm32f407xx.o(.text)
    CAN2_SCE_IRQHandler                      0x080001b7   Thumb Code     0  startup_stm32f407xx.o(.text)
    CAN2_TX_IRQHandler                       0x080001b7   Thumb Code     0  startup_stm32f407xx.o(.text)
    DCMI_IRQHandler                          0x080001b7   Thumb Code     0  startup_stm32f407xx.o(.text)
    DMA1_Stream0_IRQHandler                  0x080001b7   Thumb Code     0  startup_stm32f407xx.o(.text)
    DMA1_Stream1_IRQHandler                  0x080001b7   Thumb Code     0  startup_stm32f407xx.o(.text)
    DMA1_Stream2_IRQHandler                  0x080001b7   Thumb Code     0  startup_stm32f407xx.o(.text)
    DMA1_Stream3_IRQHandler                  0x080001b7   Thumb Code     0  startup_stm32f407xx.o(.text)
    DMA1_Stream4_IRQHandler                  0x080001b7   Thumb Code     0  startup_stm32f407xx.o(.text)
    DMA1_Stream5_IRQHandler                  0x080001b7   Thumb Code     0  startup_stm32f407xx.o(.text)
    DMA1_Stream6_IRQHandler                  0x080001b7   Thumb Code     0  startup_stm32f407xx.o(.text)
    DMA1_Stream7_IRQHandler                  0x080001b7   Thumb Code     0  startup_stm32f407xx.o(.text)
    DMA2_Stream0_IRQHandler                  0x080001b7   Thumb Code     0  startup_stm32f407xx.o(.text)
    DMA2_Stream1_IRQHandler                  0x080001b7   Thumb Code     0  startup_stm32f407xx.o(.text)
    DMA2_Stream2_IRQHandler                  0x080001b7   Thumb Code     0  startup_stm32f407xx.o(.text)
    DMA2_Stream3_IRQHandler                  0x080001b7   Thumb Code     0  startup_stm32f407xx.o(.text)
    DMA2_Stream4_IRQHandler                  0x080001b7   Thumb Code     0  startup_stm32f407xx.o(.text)
    DMA2_Stream5_IRQHandler                  0x080001b7   Thumb Code     0  startup_stm32f407xx.o(.text)
    DMA2_Stream6_IRQHandler                  0x080001b7   Thumb Code     0  startup_stm32f407xx.o(.text)
    DMA2_Stream7_IRQHandler                  0x080001b7   Thumb Code     0  startup_stm32f407xx.o(.text)
    ETH_IRQHandler                           0x080001b7   Thumb Code     0  startup_stm32f407xx.o(.text)
    ETH_WKUP_IRQHandler                      0x080001b7   Thumb Code     0  startup_stm32f407xx.o(.text)
    EXTI0_IRQHandler                         0x080001b7   Thumb Code     0  startup_stm32f407xx.o(.text)
    EXTI15_10_IRQHandler                     0x080001b7   Thumb Code     0  startup_stm32f407xx.o(.text)
    EXTI1_IRQHandler                         0x080001b7   Thumb Code     0  startup_stm32f407xx.o(.text)
    EXTI2_IRQHandler                         0x080001b7   Thumb Code     0  startup_stm32f407xx.o(.text)
    EXTI3_IRQHandler                         0x080001b7   Thumb Code     0  startup_stm32f407xx.o(.text)
    EXTI4_IRQHandler                         0x080001b7   Thumb Code     0  startup_stm32f407xx.o(.text)
    EXTI9_5_IRQHandler                       0x080001b7   Thumb Code     0  startup_stm32f407xx.o(.text)
    FLASH_IRQHandler                         0x080001b7   Thumb Code     0  startup_stm32f407xx.o(.text)
    FMC_IRQHandler                           0x080001b7   Thumb Code     0  startup_stm32f407xx.o(.text)
    FPU_IRQHandler                           0x080001b7   Thumb Code     0  startup_stm32f407xx.o(.text)
    HASH_RNG_IRQHandler                      0x080001b7   Thumb Code     0  startup_stm32f407xx.o(.text)
    I2C1_ER_IRQHandler                       0x080001b7   Thumb Code     0  startup_stm32f407xx.o(.text)
    I2C1_EV_IRQHandler                       0x080001b7   Thumb Code     0  startup_stm32f407xx.o(.text)
    I2C2_ER_IRQHandler                       0x080001b7   Thumb Code     0  startup_stm32f407xx.o(.text)
    I2C2_EV_IRQHandler                       0x080001b7   Thumb Code     0  startup_stm32f407xx.o(.text)
    I2C3_ER_IRQHandler                       0x080001b7   Thumb Code     0  startup_stm32f407xx.o(.text)
    I2C3_EV_IRQHandler                       0x080001b7   Thumb Code     0  startup_stm32f407xx.o(.text)
    OTG_FS_IRQHandler                        0x080001b7   Thumb Code     0  startup_stm32f407xx.o(.text)
    OTG_FS_WKUP_IRQHandler                   0x080001b7   Thumb Code     0  startup_stm32f407xx.o(.text)
    OTG_HS_EP1_IN_IRQHandler                 0x080001b7   Thumb Code     0  startup_stm32f407xx.o(.text)
    OTG_HS_EP1_OUT_IRQHandler                0x080001b7   Thumb Code     0  startup_stm32f407xx.o(.text)
    OTG_HS_WKUP_IRQHandler                   0x080001b7   Thumb Code     0  startup_stm32f407xx.o(.text)
    PVD_IRQHandler                           0x080001b7   Thumb Code     0  startup_stm32f407xx.o(.text)
    RCC_IRQHandler                           0x080001b7   Thumb Code     0  startup_stm32f407xx.o(.text)
    RTC_Alarm_IRQHandler                     0x080001b7   Thumb Code     0  startup_stm32f407xx.o(.text)
    RTC_WKUP_IRQHandler                      0x080001b7   Thumb Code     0  startup_stm32f407xx.o(.text)
    SDIO_IRQHandler                          0x080001b7   Thumb Code     0  startup_stm32f407xx.o(.text)
    SPI1_IRQHandler                          0x080001b7   Thumb Code     0  startup_stm32f407xx.o(.text)
    SPI2_IRQHandler                          0x080001b7   Thumb Code     0  startup_stm32f407xx.o(.text)
    SPI3_IRQHandler                          0x080001b7   Thumb Code     0  startup_stm32f407xx.o(.text)
    TAMP_STAMP_IRQHandler                    0x080001b7   Thumb Code     0  startup_stm32f407xx.o(.text)
    TIM1_BRK_TIM9_IRQHandler                 0x080001b7   Thumb Code     0  startup_stm32f407xx.o(.text)
    TIM1_CC_IRQHandler                       0x080001b7   Thumb Code     0  startup_stm32f407xx.o(.text)
    TIM1_TRG_COM_TIM11_IRQHandler            0x080001b7   Thumb Code     0  startup_stm32f407xx.o(.text)
    TIM1_UP_TIM10_IRQHandler                 0x080001b7   Thumb Code     0  startup_stm32f407xx.o(.text)
    TIM2_IRQHandler                          0x080001b7   Thumb Code     0  startup_stm32f407xx.o(.text)
    TIM3_IRQHandler                          0x080001b7   Thumb Code     0  startup_stm32f407xx.o(.text)
    TIM4_IRQHandler                          0x080001b7   Thumb Code     0  startup_stm32f407xx.o(.text)
    TIM5_IRQHandler                          0x080001b7   Thumb Code     0  startup_stm32f407xx.o(.text)
    TIM6_DAC_IRQHandler                      0x080001b7   Thumb Code     0  startup_stm32f407xx.o(.text)
    TIM7_IRQHandler                          0x080001b7   Thumb Code     0  startup_stm32f407xx.o(.text)
    TIM8_BRK_TIM12_IRQHandler                0x080001b7   Thumb Code     0  startup_stm32f407xx.o(.text)
    TIM8_CC_IRQHandler                       0x080001b7   Thumb Code     0  startup_stm32f407xx.o(.text)
    TIM8_TRG_COM_TIM14_IRQHandler            0x080001b7   Thumb Code     0  startup_stm32f407xx.o(.text)
    TIM8_UP_TIM13_IRQHandler                 0x080001b7   Thumb Code     0  startup_stm32f407xx.o(.text)
    UART4_IRQHandler                         0x080001b7   Thumb Code     0  startup_stm32f407xx.o(.text)
    UART5_IRQHandler                         0x080001b7   Thumb Code     0  startup_stm32f407xx.o(.text)
    USART1_IRQHandler                        0x080001b7   Thumb Code     0  startup_stm32f407xx.o(.text)
    USART2_IRQHandler                        0x080001b7   Thumb Code     0  startup_stm32f407xx.o(.text)
    USART3_IRQHandler                        0x080001b7   Thumb Code     0  startup_stm32f407xx.o(.text)
    USART6_IRQHandler                        0x080001b7   Thumb Code     0  startup_stm32f407xx.o(.text)
    WWDG_IRQHandler                          0x080001b7   Thumb Code     0  startup_stm32f407xx.o(.text)
    __aeabi_uldivmod                         0x080001c1   Thumb Code    98  uldiv.o(.text)
    __aeabi_memcpy                           0x08000223   Thumb Code    36  memcpya.o(.text)
    __aeabi_memcpy4                          0x08000223   Thumb Code     0  memcpya.o(.text)
    __aeabi_memcpy8                          0x08000223   Thumb Code     0  memcpya.o(.text)
    __aeabi_memset                           0x08000247   Thumb Code    14  memseta.o(.text)
    __aeabi_memset4                          0x08000247   Thumb Code     0  memseta.o(.text)
    __aeabi_memset8                          0x08000247   Thumb Code     0  memseta.o(.text)
    __aeabi_memclr                           0x08000255   Thumb Code     4  memseta.o(.text)
    __aeabi_memclr4                          0x08000255   Thumb Code     0  memseta.o(.text)
    __aeabi_memclr8                          0x08000255   Thumb Code     0  memseta.o(.text)
    _memset$wrapper                          0x08000259   Thumb Code    18  memseta.o(.text)
    __aeabi_llsl                             0x0800026b   Thumb Code    30  llshl.o(.text)
    _ll_shift_l                              0x0800026b   Thumb Code     0  llshl.o(.text)
    __aeabi_llsr                             0x08000289   Thumb Code    32  llushr.o(.text)
    _ll_ushift_r                             0x08000289   Thumb Code     0  llushr.o(.text)
    __scatterload                            0x080002a9   Thumb Code    28  init.o(.text)
    __scatterload_rt2                        0x080002a9   Thumb Code     0  init.o(.text)
    __decompress                             0x080002cd   Thumb Code     0  __dczerorl2.o(.text)
    __decompress1                            0x080002cd   Thumb Code    86  __dczerorl2.o(.text)
    BusFault_Handler                         0x0800033f   Thumb Code     2  stm32f4xx_it.o(i.BusFault_Handler)
    DebugMon_Handler                         0x08000341   Thumb Code     2  stm32f4xx_it.o(i.DebugMon_Handler)
    Error_Handler                            0x08000343   Thumb Code     2  main.o(i.Error_Handler)
    HAL_Delay                                0x08000345   Thumb Code    32  stm32f4xx_hal.o(i.HAL_Delay)
    HAL_GPIO_Init                            0x08000369   Thumb Code   394  stm32f4xx_hal_gpio.o(i.HAL_GPIO_Init)
    HAL_GetTick                              0x08000521   Thumb Code     6  stm32f4xx_hal.o(i.HAL_GetTick)
    HAL_IncTick                              0x0800052d   Thumb Code    12  stm32f4xx_hal.o(i.HAL_IncTick)
    HAL_Init                                 0x0800053d   Thumb Code    48  stm32f4xx_hal.o(i.HAL_Init)
    HAL_InitTick                             0x08000571   Thumb Code    54  stm32f4xx_hal.o(i.HAL_InitTick)
    HAL_MspInit                              0x080005b1   Thumb Code    42  stm32f4xx_hal_msp.o(i.HAL_MspInit)
    HAL_NVIC_EnableIRQ                       0x080005e1   Thumb Code    26  stm32f4xx_hal_cortex.o(i.HAL_NVIC_EnableIRQ)
    HAL_NVIC_SetPriority                     0x080005fd   Thumb Code    60  stm32f4xx_hal_cortex.o(i.HAL_NVIC_SetPriority)
    HAL_NVIC_SetPriorityGrouping             0x0800063d   Thumb Code    26  stm32f4xx_hal_cortex.o(i.HAL_NVIC_SetPriorityGrouping)
    HAL_PCDEx_LPM_Callback                   0x08000661   Thumb Code     2  stm32f4xx_hal_pcd_ex.o(i.HAL_PCDEx_LPM_Callback)
    HAL_PCDEx_SetRxFiFo                      0x08000663   Thumb Code     8  stm32f4xx_hal_pcd_ex.o(i.HAL_PCDEx_SetRxFiFo)
    HAL_PCDEx_SetTxFiFo                      0x0800066b   Thumb Code    68  stm32f4xx_hal_pcd_ex.o(i.HAL_PCDEx_SetTxFiFo)
    HAL_PCD_ConnectCallback                  0x080006af   Thumb Code     8  usbd_conf.o(i.HAL_PCD_ConnectCallback)
    HAL_PCD_DataInStageCallback              0x080006b7   Thumb Code    18  usbd_conf.o(i.HAL_PCD_DataInStageCallback)
    HAL_PCD_DataOutStageCallback             0x080006c9   Thumb Code    20  usbd_conf.o(i.HAL_PCD_DataOutStageCallback)
    HAL_PCD_DisconnectCallback               0x080006dd   Thumb Code     8  usbd_conf.o(i.HAL_PCD_DisconnectCallback)
    HAL_PCD_EP_Close                         0x080006e5   Thumb Code    76  stm32f4xx_hal_pcd.o(i.HAL_PCD_EP_Close)
    HAL_PCD_EP_ClrStall                      0x08000731   Thumb Code    92  stm32f4xx_hal_pcd.o(i.HAL_PCD_EP_ClrStall)
    HAL_PCD_EP_GetRxCount                    0x0800078d   Thumb Code    18  stm32f4xx_hal_pcd.o(i.HAL_PCD_EP_GetRxCount)
    HAL_PCD_EP_Open                          0x0800079f   Thumb Code    96  stm32f4xx_hal_pcd.o(i.HAL_PCD_EP_Open)
    HAL_PCD_EP_Receive                       0x080007ff   Thumb Code    72  stm32f4xx_hal_pcd.o(i.HAL_PCD_EP_Receive)
    HAL_PCD_EP_SetStall                      0x08000847   Thumb Code   116  stm32f4xx_hal_pcd.o(i.HAL_PCD_EP_SetStall)
    HAL_PCD_EP_Transmit                      0x080008bb   Thumb Code    64  stm32f4xx_hal_pcd.o(i.HAL_PCD_EP_Transmit)
    HAL_PCD_IRQHandler                       0x080008fd   Thumb Code  1070  stm32f4xx_hal_pcd.o(i.HAL_PCD_IRQHandler)
    HAL_PCD_ISOINIncompleteCallback          0x08000d31   Thumb Code     8  usbd_conf.o(i.HAL_PCD_ISOINIncompleteCallback)
    HAL_PCD_ISOOUTIncompleteCallback         0x08000d39   Thumb Code     8  usbd_conf.o(i.HAL_PCD_ISOOUTIncompleteCallback)
    HAL_PCD_Init                             0x08000d41   Thumb Code   226  stm32f4xx_hal_pcd.o(i.HAL_PCD_Init)
    HAL_PCD_MspInit                          0x08000e25   Thumb Code   194  usbd_conf.o(i.HAL_PCD_MspInit)
    HAL_PCD_ResetCallback                    0x08000efd   Thumb Code    44  usbd_conf.o(i.HAL_PCD_ResetCallback)
    HAL_PCD_ResumeCallback                   0x08000f29   Thumb Code     8  usbd_conf.o(i.HAL_PCD_ResumeCallback)
    HAL_PCD_SOFCallback                      0x08000f31   Thumb Code     8  usbd_conf.o(i.HAL_PCD_SOFCallback)
    HAL_PCD_SetAddress                       0x08000f39   Thumb Code    40  stm32f4xx_hal_pcd.o(i.HAL_PCD_SetAddress)
    HAL_PCD_SetupStageCallback               0x08000f61   Thumb Code    14  usbd_conf.o(i.HAL_PCD_SetupStageCallback)
    HAL_PCD_Start                            0x08000f6f   Thumb Code    66  stm32f4xx_hal_pcd.o(i.HAL_PCD_Start)
    HAL_PCD_SuspendCallback                  0x08000fb1   Thumb Code    44  usbd_conf.o(i.HAL_PCD_SuspendCallback)
    HAL_RCC_ClockConfig                      0x08000fe1   Thumb Code   288  stm32f4xx_hal_rcc.o(i.HAL_RCC_ClockConfig)
    HAL_RCC_GetHCLKFreq                      0x08001115   Thumb Code     6  stm32f4xx_hal_rcc.o(i.HAL_RCC_GetHCLKFreq)
    HAL_RCC_GetSysClockFreq                  0x08001121   Thumb Code    88  stm32f4xx_hal_rcc.o(i.HAL_RCC_GetSysClockFreq)
    HAL_RCC_OscConfig                        0x08001181   Thumb Code   840  stm32f4xx_hal_rcc.o(i.HAL_RCC_OscConfig)
    HAL_SYSTICK_Config                       0x080014dd   Thumb Code    40  stm32f4xx_hal_cortex.o(i.HAL_SYSTICK_Config)
    HardFault_Handler                        0x08001505   Thumb Code     2  stm32f4xx_it.o(i.HardFault_Handler)
    MX_GPIO_Init                             0x08001541   Thumb Code    70  gpio.o(i.MX_GPIO_Init)
    MX_USB_DEVICE_Init                       0x0800158d   Thumb Code    66  usb_device.o(i.MX_USB_DEVICE_Init)
    MemManage_Handler                        0x080015e1   Thumb Code     2  stm32f4xx_it.o(i.MemManage_Handler)
    NMI_Handler                              0x080015e3   Thumb Code     2  stm32f4xx_it.o(i.NMI_Handler)
    OTG_HS_IRQHandler                        0x080015e5   Thumb Code     6  stm32f4xx_it.o(i.OTG_HS_IRQHandler)
    PendSV_Handler                           0x0800175f   Thumb Code     2  stm32f4xx_it.o(i.PendSV_Handler)
    SVC_Handler                              0x08001761   Thumb Code     2  stm32f4xx_it.o(i.SVC_Handler)
    SysTick_Handler                          0x0800176d   Thumb Code     4  stm32f4xx_it.o(i.SysTick_Handler)
    SystemClock_Config                       0x08001771   Thumb Code   122  main.o(i.SystemClock_Config)
    SystemInit                               0x080017f5   Thumb Code    22  system_stm32f4xx.o(i.SystemInit)
    USBD_AUDIO_RegisterInterface             0x080019ad   Thumb Code    14  usbd_audio.o(i.USBD_AUDIO_RegisterInterface)
    USBD_ClrClassConfig                      0x08001a99   Thumb Code    16  usbd_core.o(i.USBD_ClrClassConfig)
    USBD_CtlContinueRx                       0x08001aa9   Thumb Code    16  usbd_ioreq.o(i.USBD_CtlContinueRx)
    USBD_CtlContinueSendData                 0x08001ab9   Thumb Code    16  usbd_ioreq.o(i.USBD_CtlContinueSendData)
    USBD_CtlError                            0x08001ac9   Thumb Code    22  usbd_ctlreq.o(i.USBD_CtlError)
    USBD_CtlPrepareRx                        0x08001adf   Thumb Code    30  usbd_ioreq.o(i.USBD_CtlPrepareRx)
    USBD_CtlReceiveStatus                    0x08001afd   Thumb Code    22  usbd_ioreq.o(i.USBD_CtlReceiveStatus)
    USBD_CtlSendData                         0x08001b13   Thumb Code    26  usbd_ioreq.o(i.USBD_CtlSendData)
    USBD_CtlSendStatus                       0x08001b2d   Thumb Code    22  usbd_ioreq.o(i.USBD_CtlSendStatus)
    USBD_GetString                           0x08001c29   Thumb Code    72  usbd_ctlreq.o(i.USBD_GetString)
    USBD_Get_USB_Status                      0x08001c71   Thumb Code    24  usbd_conf.o(i.USBD_Get_USB_Status)
    USBD_HS_ConfigStrDescriptor              0x08001c89   Thumb Code    16  usbd_desc.o(i.USBD_HS_ConfigStrDescriptor)
    USBD_HS_DeviceDescriptor                 0x08001cad   Thumb Code     8  usbd_desc.o(i.USBD_HS_DeviceDescriptor)
    USBD_HS_InterfaceStrDescriptor           0x08001cb9   Thumb Code    16  usbd_desc.o(i.USBD_HS_InterfaceStrDescriptor)
    USBD_HS_LangIDStrDescriptor              0x08001cdd   Thumb Code     8  usbd_desc.o(i.USBD_HS_LangIDStrDescriptor)
    USBD_HS_ManufacturerStrDescriptor        0x08001ce9   Thumb Code    16  usbd_desc.o(i.USBD_HS_ManufacturerStrDescriptor)
    USBD_HS_ProductStrDescriptor             0x08001d11   Thumb Code    16  usbd_desc.o(i.USBD_HS_ProductStrDescriptor)
    USBD_HS_SerialStrDescriptor              0x08001d39   Thumb Code    48  usbd_desc.o(i.USBD_HS_SerialStrDescriptor)
    USBD_Init                                0x08001d71   Thumb Code    52  usbd_core.o(i.USBD_Init)
    USBD_LL_ClearStallEP                     0x08001da5   Thumb Code    18  usbd_conf.o(i.USBD_LL_ClearStallEP)
    USBD_LL_CloseEP                          0x08001db7   Thumb Code    18  usbd_conf.o(i.USBD_LL_CloseEP)
    USBD_LL_DataInStage                      0x08001dc9   Thumb Code   170  usbd_core.o(i.USBD_LL_DataInStage)
    USBD_LL_DataOutStage                     0x08001e73   Thumb Code   110  usbd_core.o(i.USBD_LL_DataOutStage)
    USBD_LL_DevConnected                     0x08001ee1   Thumb Code     4  usbd_core.o(i.USBD_LL_DevConnected)
    USBD_LL_DevDisconnected                  0x08001ee5   Thumb Code    24  usbd_core.o(i.USBD_LL_DevDisconnected)
    USBD_LL_GetRxDataSize                    0x08001efd   Thumb Code     8  usbd_conf.o(i.USBD_LL_GetRxDataSize)
    USBD_LL_Init                             0x08001f05   Thumb Code    96  usbd_conf.o(i.USBD_LL_Init)
    USBD_LL_IsStallEP                        0x08001f6d   Thumb Code    32  usbd_conf.o(i.USBD_LL_IsStallEP)
    USBD_LL_IsoINIncomplete                  0x08001f8d   Thumb Code     4  usbd_core.o(i.USBD_LL_IsoINIncomplete)
    USBD_LL_IsoOUTIncomplete                 0x08001f91   Thumb Code     4  usbd_core.o(i.USBD_LL_IsoOUTIncomplete)
    USBD_LL_OpenEP                           0x08001f95   Thumb Code    24  usbd_conf.o(i.USBD_LL_OpenEP)
    USBD_LL_PrepareReceive                   0x08001fad   Thumb Code    18  usbd_conf.o(i.USBD_LL_PrepareReceive)
    USBD_LL_Reset                            0x08001fbf   Thumb Code    82  usbd_core.o(i.USBD_LL_Reset)
    USBD_LL_Resume                           0x08002011   Thumb Code    20  usbd_core.o(i.USBD_LL_Resume)
    USBD_LL_SOF                              0x08002025   Thumb Code    24  usbd_core.o(i.USBD_LL_SOF)
    USBD_LL_SetSpeed                         0x0800203d   Thumb Code     6  usbd_core.o(i.USBD_LL_SetSpeed)
    USBD_LL_SetUSBAddress                    0x08002043   Thumb Code    18  usbd_conf.o(i.USBD_LL_SetUSBAddress)
    USBD_LL_SetupStage                       0x08002055   Thumb Code    96  usbd_core.o(i.USBD_LL_SetupStage)
    USBD_LL_StallEP                          0x080020b5   Thumb Code    18  usbd_conf.o(i.USBD_LL_StallEP)
    USBD_LL_Start                            0x080020c7   Thumb Code    18  usbd_conf.o(i.USBD_LL_Start)
    USBD_LL_Suspend                          0x080020d9   Thumb Code    18  usbd_core.o(i.USBD_LL_Suspend)
    USBD_LL_Transmit                         0x080020eb   Thumb Code    18  usbd_conf.o(i.USBD_LL_Transmit)
    USBD_ParseSetupRequest                   0x080020fd   Thumb Code    44  usbd_ctlreq.o(i.USBD_ParseSetupRequest)
    USBD_RegisterClass                       0x08002129   Thumb Code    34  usbd_core.o(i.USBD_RegisterClass)
    USBD_SetClassConfig                      0x0800214b   Thumb Code    20  usbd_core.o(i.USBD_SetClassConfig)
    USBD_Start                               0x0800221d   Thumb Code     4  usbd_core.o(i.USBD_Start)
    USBD_StdDevReq                           0x08002221   Thumb Code   276  usbd_ctlreq.o(i.USBD_StdDevReq)
    USBD_StdEPReq                            0x08002335   Thumb Code   332  usbd_ctlreq.o(i.USBD_StdEPReq)
    USBD_StdItfReq                           0x08002481   Thumb Code    82  usbd_ctlreq.o(i.USBD_StdItfReq)
    USB_ActivateEndpoint                     0x080024d5   Thumb Code   122  stm32f4xx_ll_usb.o(i.USB_ActivateEndpoint)
    USB_ActivateSetup                        0x08002555   Thumb Code    28  stm32f4xx_ll_usb.o(i.USB_ActivateSetup)
    USB_CoreInit                             0x08002571   Thumb Code   112  stm32f4xx_ll_usb.o(i.USB_CoreInit)
    USB_DeactivateEndpoint                   0x0800261d   Thumb Code   194  stm32f4xx_ll_usb.o(i.USB_DeactivateEndpoint)
    USB_DevConnect                           0x080026e9   Thumb Code    24  stm32f4xx_ll_usb.o(i.USB_DevConnect)
    USB_DevDisconnect                        0x08002701   Thumb Code    24  stm32f4xx_ll_usb.o(i.USB_DevDisconnect)
    USB_DevInit                              0x08002719   Thumb Code   362  stm32f4xx_ll_usb.o(i.USB_DevInit)
    USB_DisableGlobalInt                     0x0800288d   Thumb Code    12  stm32f4xx_ll_usb.o(i.USB_DisableGlobalInt)
    USB_EP0StartXfer                         0x08002899   Thumb Code   276  stm32f4xx_ll_usb.o(i.USB_EP0StartXfer)
    USB_EP0_OutStart                         0x080029b1   Thumb Code    84  stm32f4xx_ll_usb.o(i.USB_EP0_OutStart)
    USB_EPClearStall                         0x08002a09   Thumb Code    88  stm32f4xx_ll_usb.o(i.USB_EPClearStall)
    USB_EPSetStall                           0x08002a61   Thumb Code    88  stm32f4xx_ll_usb.o(i.USB_EPSetStall)
    USB_EPStartXfer                          0x08002ab9   Thumb Code   482  stm32f4xx_ll_usb.o(i.USB_EPStartXfer)
    USB_EnableGlobalInt                      0x08002ca1   Thumb Code    12  stm32f4xx_ll_usb.o(i.USB_EnableGlobalInt)
    USB_FlushRxFifo                          0x08002cad   Thumb Code    28  stm32f4xx_ll_usb.o(i.USB_FlushRxFifo)
    USB_FlushTxFifo                          0x08002ccd   Thumb Code    32  stm32f4xx_ll_usb.o(i.USB_FlushTxFifo)
    USB_GetDevSpeed                          0x08002cf1   Thumb Code    26  stm32f4xx_ll_usb.o(i.USB_GetDevSpeed)
    USB_GetMode                              0x08002d0b   Thumb Code     8  stm32f4xx_ll_usb.o(i.USB_GetMode)
    USB_ReadDevAllInEpInterrupt              0x08002d13   Thumb Code    14  stm32f4xx_ll_usb.o(i.USB_ReadDevAllInEpInterrupt)
    USB_ReadDevAllOutEpInterrupt             0x08002d21   Thumb Code    14  stm32f4xx_ll_usb.o(i.USB_ReadDevAllOutEpInterrupt)
    USB_ReadDevInEPInterrupt                 0x08002d2f   Thumb Code    36  stm32f4xx_ll_usb.o(i.USB_ReadDevInEPInterrupt)
    USB_ReadDevOutEPInterrupt                0x08002d53   Thumb Code    16  stm32f4xx_ll_usb.o(i.USB_ReadDevOutEPInterrupt)
    USB_ReadInterrupts                       0x08002d63   Thumb Code     8  stm32f4xx_ll_usb.o(i.USB_ReadInterrupts)
    USB_ReadPacket                           0x08002d6b   Thumb Code    28  stm32f4xx_ll_usb.o(i.USB_ReadPacket)
    USB_SetCurrentMode                       0x08002d87   Thumb Code    46  stm32f4xx_ll_usb.o(i.USB_SetCurrentMode)
    USB_SetDevAddress                        0x08002db5   Thumb Code    34  stm32f4xx_ll_usb.o(i.USB_SetDevAddress)
    USB_SetTurnaroundTime                    0x08002dd9   Thumb Code   158  stm32f4xx_ll_usb.o(i.USB_SetTurnaroundTime)
    USB_WritePacket                          0x08002ec1   Thumb Code    36  stm32f4xx_ll_usb.o(i.USB_WritePacket)
    UsageFault_Handler                       0x08002ee5   Thumb Code     2  stm32f4xx_it.o(i.UsageFault_Handler)
    __scatterload_copy                       0x08002f07   Thumb Code    14  handlers.o(i.__scatterload_copy)
    __scatterload_null                       0x08002f15   Thumb Code     2  handlers.o(i.__scatterload_null)
    __scatterload_zeroinit                   0x08002f17   Thumb Code    14  handlers.o(i.__scatterload_zeroinit)
    free                                     0x08002f25   Thumb Code    76  malloc.o(i.free)
    main                                     0x08002f75   Thumb Code    18  main.o(i.main)
    malloc                                   0x08002f89   Thumb Code    92  malloc.o(i.malloc)
    AHBPrescTable                            0x08002ff4   Data          16  system_stm32f4xx.o(.constdata)
    Region$$Table$$Base                      0x08003004   Number         0  anon$$obj.o(Region$$Table)
    Region$$Table$$Limit                     0x08003024   Number         0  anon$$obj.o(Region$$Table)
    HS_Desc                                  0x20000000   Data          28  usbd_desc.o(.data)
    USBD_LangIDDesc                          0x2000001c   Data           4  usbd_desc.o(.data)
    USBD_HS_DeviceDesc                       0x20000020   Data          18  usbd_desc.o(.data)
    USBD_StringSerial                        0x20000034   Data          26  usbd_desc.o(.data)
    USBD_AUDIO_fops_HS                       0x20000050   Data          28  usbd_audio_if.o(.data)
    uwTickFreq                               0x2000006c   Data           1  stm32f4xx_hal.o(.data)
    uwTickPrio                               0x20000070   Data           4  stm32f4xx_hal.o(.data)
    uwTick                                   0x20000074   Data           4  stm32f4xx_hal.o(.data)
    SystemCoreClock                          0x20000078   Data           4  system_stm32f4xx.o(.data)
    USBD_AUDIO                               0x20000080   Data          56  usbd_audio.o(.data)
    __microlib_freelist                      0x20000134   Data           4  mvars.o(.data)
    __microlib_freelist_initialised          0x20000138   Data           4  mvars.o(.data)
    hUsbDeviceHS                             0x2000013c   Data         720  usb_device.o(.bss)
    hpcd_USB_OTG_HS                          0x2000040c   Data        1032  usbd_conf.o(.bss)
    USBD_StrDesc                             0x20000814   Data         512  usbd_desc.o(.bss)
    __heap_base                              0x20000a18   Data           0  startup_stm32f407xx.o(HEAP)
    __heap_limit                             0x20000c18   Data           0  startup_stm32f407xx.o(HEAP)
    __initial_sp                             0x20001018   Data           0  startup_stm32f407xx.o(STACK)



==============================================================================

Memory Map of the image

  Image Entry point : 0x08000189

  Load Region LR_IROM1 (Base: 0x08000000, Size: 0x00003160, Max: 0x00100000, ABSOLUTE, COMPRESSED[0x000030f4])

    Execution Region ER_IROM1 (Exec base: 0x08000000, Load base: 0x08000000, Size: 0x00003024, Max: 0x00100000, ABSOLUTE)

    Exec Addr    Load Addr    Size         Type   Attr      Idx    E Section Name        Object

    0x08000000   0x08000000   0x00000188   Data   RO            3    RESET               startup_stm32f407xx.o
    0x08000188   0x08000188   0x00000000   Code   RO         2832  * .ARM.Collect$$$$00000000  mc_w.l(entry.o)
    0x08000188   0x08000188   0x00000004   Code   RO         2871    .ARM.Collect$$$$00000001  mc_w.l(entry2.o)
    0x0800018c   0x0800018c   0x00000004   Code   RO         2874    .ARM.Collect$$$$00000004  mc_w.l(entry5.o)
    0x08000190   0x08000190   0x00000000   Code   RO         2876    .ARM.Collect$$$$00000008  mc_w.l(entry7b.o)
    0x08000190   0x08000190   0x00000000   Code   RO         2878    .ARM.Collect$$$$0000000A  mc_w.l(entry8b.o)
    0x08000190   0x08000190   0x00000008   Code   RO         2879    .ARM.Collect$$$$0000000B  mc_w.l(entry9a.o)
    0x08000198   0x08000198   0x00000000   Code   RO         2881    .ARM.Collect$$$$0000000D  mc_w.l(entry10a.o)
    0x08000198   0x08000198   0x00000000   Code   RO         2883    .ARM.Collect$$$$0000000F  mc_w.l(entry11a.o)
    0x08000198   0x08000198   0x00000004   Code   RO         2872    .ARM.Collect$$$$00002712  mc_w.l(entry2.o)
    0x0800019c   0x0800019c   0x00000024   Code   RO            4    .text               startup_stm32f407xx.o
    0x080001c0   0x080001c0   0x00000062   Code   RO         2835    .text               mc_w.l(uldiv.o)
    0x08000222   0x08000222   0x00000024   Code   RO         2837    .text               mc_w.l(memcpya.o)
    0x08000246   0x08000246   0x00000024   Code   RO         2839    .text               mc_w.l(memseta.o)
    0x0800026a   0x0800026a   0x0000001e   Code   RO         2885    .text               mc_w.l(llshl.o)
    0x08000288   0x08000288   0x00000020   Code   RO         2887    .text               mc_w.l(llushr.o)
    0x080002a8   0x080002a8   0x00000024   Code   RO         2891    .text               mc_w.l(init.o)
    0x080002cc   0x080002cc   0x00000056   Code   RO         2901    .text               mc_w.l(__dczerorl2.o)
    0x08000322   0x08000322   0x00000004   Code   RO          521    i.AUDIO_AudioCmd_HS  usbd_audio_if.o
    0x08000326   0x08000326   0x00000004   Code   RO          522    i.AUDIO_DeInit_HS   usbd_audio_if.o
    0x0800032a   0x0800032a   0x00000004   Code   RO          523    i.AUDIO_GetState_HS  usbd_audio_if.o
    0x0800032e   0x0800032e   0x00000004   Code   RO          524    i.AUDIO_Init_HS     usbd_audio_if.o
    0x08000332   0x08000332   0x00000004   Code   RO          525    i.AUDIO_MuteCtl_HS  usbd_audio_if.o
    0x08000336   0x08000336   0x00000004   Code   RO          526    i.AUDIO_PeriodicTC_HS  usbd_audio_if.o
    0x0800033a   0x0800033a   0x00000004   Code   RO          527    i.AUDIO_VolumeCtl_HS  usbd_audio_if.o
    0x0800033e   0x0800033e   0x00000002   Code   RO          593    i.BusFault_Handler  stm32f4xx_it.o
    0x08000340   0x08000340   0x00000002   Code   RO          594    i.DebugMon_Handler  stm32f4xx_it.o
    0x08000342   0x08000342   0x00000002   Code   RO           13    i.Error_Handler     main.o
    0x08000344   0x08000344   0x00000024   Code   RO         2142    i.HAL_Delay         stm32f4xx_hal.o
    0x08000368   0x08000368   0x000001b8   Code   RO         1616    i.HAL_GPIO_Init     stm32f4xx_hal_gpio.o
    0x08000520   0x08000520   0x0000000c   Code   RO         2148    i.HAL_GetTick       stm32f4xx_hal.o
    0x0800052c   0x0800052c   0x00000010   Code   RO         2154    i.HAL_IncTick       stm32f4xx_hal.o
    0x0800053c   0x0800053c   0x00000034   Code   RO         2155    i.HAL_Init          stm32f4xx_hal.o
    0x08000570   0x08000570   0x00000040   Code   RO         2156    i.HAL_InitTick      stm32f4xx_hal.o
    0x080005b0   0x080005b0   0x00000030   Code   RO          675    i.HAL_MspInit       stm32f4xx_hal_msp.o
    0x080005e0   0x080005e0   0x0000001a   Code   RO         2005    i.HAL_NVIC_EnableIRQ  stm32f4xx_hal_cortex.o
    0x080005fa   0x080005fa   0x00000002   PAD
    0x080005fc   0x080005fc   0x00000040   Code   RO         2011    i.HAL_NVIC_SetPriority  stm32f4xx_hal_cortex.o
    0x0800063c   0x0800063c   0x00000024   Code   RO         2012    i.HAL_NVIC_SetPriorityGrouping  stm32f4xx_hal_cortex.o
    0x08000660   0x08000660   0x00000002   Code   RO          920    i.HAL_PCDEx_LPM_Callback  stm32f4xx_hal_pcd_ex.o
    0x08000662   0x08000662   0x00000008   Code   RO          921    i.HAL_PCDEx_SetRxFiFo  stm32f4xx_hal_pcd_ex.o
    0x0800066a   0x0800066a   0x00000044   Code   RO          922    i.HAL_PCDEx_SetTxFiFo  stm32f4xx_hal_pcd_ex.o
    0x080006ae   0x080006ae   0x00000008   Code   RO          240    i.HAL_PCD_ConnectCallback  usbd_conf.o
    0x080006b6   0x080006b6   0x00000012   Code   RO          241    i.HAL_PCD_DataInStageCallback  usbd_conf.o
    0x080006c8   0x080006c8   0x00000014   Code   RO          242    i.HAL_PCD_DataOutStageCallback  usbd_conf.o
    0x080006dc   0x080006dc   0x00000008   Code   RO          243    i.HAL_PCD_DisconnectCallback  usbd_conf.o
    0x080006e4   0x080006e4   0x0000004c   Code   RO          708    i.HAL_PCD_EP_Close  stm32f4xx_hal_pcd.o
    0x08000730   0x08000730   0x0000005c   Code   RO          709    i.HAL_PCD_EP_ClrStall  stm32f4xx_hal_pcd.o
    0x0800078c   0x0800078c   0x00000012   Code   RO          711    i.HAL_PCD_EP_GetRxCount  stm32f4xx_hal_pcd.o
    0x0800079e   0x0800079e   0x00000060   Code   RO          712    i.HAL_PCD_EP_Open   stm32f4xx_hal_pcd.o
    0x080007fe   0x080007fe   0x00000048   Code   RO          713    i.HAL_PCD_EP_Receive  stm32f4xx_hal_pcd.o
    0x08000846   0x08000846   0x00000074   Code   RO          714    i.HAL_PCD_EP_SetStall  stm32f4xx_hal_pcd.o
    0x080008ba   0x080008ba   0x00000040   Code   RO          715    i.HAL_PCD_EP_Transmit  stm32f4xx_hal_pcd.o
    0x080008fa   0x080008fa   0x00000002   PAD
    0x080008fc   0x080008fc   0x00000434   Code   RO          717    i.HAL_PCD_IRQHandler  stm32f4xx_hal_pcd.o
    0x08000d30   0x08000d30   0x00000008   Code   RO          244    i.HAL_PCD_ISOINIncompleteCallback  usbd_conf.o
    0x08000d38   0x08000d38   0x00000008   Code   RO          245    i.HAL_PCD_ISOOUTIncompleteCallback  usbd_conf.o
    0x08000d40   0x08000d40   0x000000e2   Code   RO          720    i.HAL_PCD_Init      stm32f4xx_hal_pcd.o
    0x08000e22   0x08000e22   0x00000002   PAD
    0x08000e24   0x08000e24   0x000000d8   Code   RO          247    i.HAL_PCD_MspInit   usbd_conf.o
    0x08000efc   0x08000efc   0x0000002c   Code   RO          248    i.HAL_PCD_ResetCallback  usbd_conf.o
    0x08000f28   0x08000f28   0x00000008   Code   RO          249    i.HAL_PCD_ResumeCallback  usbd_conf.o
    0x08000f30   0x08000f30   0x00000008   Code   RO          250    i.HAL_PCD_SOFCallback  usbd_conf.o
    0x08000f38   0x08000f38   0x00000028   Code   RO          726    i.HAL_PCD_SetAddress  stm32f4xx_hal_pcd.o
    0x08000f60   0x08000f60   0x0000000e   Code   RO          251    i.HAL_PCD_SetupStageCallback  usbd_conf.o
    0x08000f6e   0x08000f6e   0x00000042   Code   RO          728    i.HAL_PCD_Start     stm32f4xx_hal_pcd.o
    0x08000fb0   0x08000fb0   0x00000030   Code   RO          252    i.HAL_PCD_SuspendCallback  usbd_conf.o
    0x08000fe0   0x08000fe0   0x00000134   Code   RO         1262    i.HAL_RCC_ClockConfig  stm32f4xx_hal_rcc.o
    0x08001114   0x08001114   0x0000000c   Code   RO         1267    i.HAL_RCC_GetHCLKFreq  stm32f4xx_hal_rcc.o
    0x08001120   0x08001120   0x00000060   Code   RO         1271    i.HAL_RCC_GetSysClockFreq  stm32f4xx_hal_rcc.o
    0x08001180   0x08001180   0x0000035c   Code   RO         1274    i.HAL_RCC_OscConfig  stm32f4xx_hal_rcc.o
    0x080014dc   0x080014dc   0x00000028   Code   RO         2016    i.HAL_SYSTICK_Config  stm32f4xx_hal_cortex.o
    0x08001504   0x08001504   0x00000002   Code   RO          595    i.HardFault_Handler  stm32f4xx_it.o
    0x08001506   0x08001506   0x00000002   PAD
    0x08001508   0x08001508   0x00000038   Code   RO          435    i.IntToUnicode      usbd_desc.o
    0x08001540   0x08001540   0x0000004c   Code   RO          168    i.MX_GPIO_Init      gpio.o
    0x0800158c   0x0800158c   0x00000054   Code   RO          192    i.MX_USB_DEVICE_Init  usb_device.o
    0x080015e0   0x080015e0   0x00000002   Code   RO          596    i.MemManage_Handler  stm32f4xx_it.o
    0x080015e2   0x080015e2   0x00000002   Code   RO          597    i.NMI_Handler       stm32f4xx_it.o
    0x080015e4   0x080015e4   0x0000000c   Code   RO          598    i.OTG_HS_IRQHandler  stm32f4xx_it.o
    0x080015f0   0x080015f0   0x000000cc   Code   RO          731    i.PCD_EP_OutXfrComplete_int  stm32f4xx_hal_pcd.o
    0x080016bc   0x080016bc   0x000000a2   Code   RO          732    i.PCD_WriteEmptyTxFifo  stm32f4xx_hal_pcd.o
    0x0800175e   0x0800175e   0x00000002   Code   RO          599    i.PendSV_Handler    stm32f4xx_it.o
    0x08001760   0x08001760   0x00000002   Code   RO          600    i.SVC_Handler       stm32f4xx_it.o
    0x08001762   0x08001762   0x0000000a   Code   RO         2605    i.SWAPBYTE          usbd_ctlreq.o
    0x0800176c   0x0800176c   0x00000004   Code   RO          601    i.SysTick_Handler   stm32f4xx_it.o
    0x08001770   0x08001770   0x00000084   Code   RO           14    i.SystemClock_Config  main.o
    0x080017f4   0x080017f4   0x0000001c   Code   RO         2430    i.SystemInit        system_stm32f4xx.o
    0x08001810   0x08001810   0x00000004   Code   RO         2738    i.USBD_AUDIO_DataIn  usbd_audio.o
    0x08001814   0x08001814   0x00000092   Code   RO         2739    i.USBD_AUDIO_DataOut  usbd_audio.o
    0x080018a6   0x080018a6   0x00000034   Code   RO         2740    i.USBD_AUDIO_DeInit  usbd_audio.o
    0x080018da   0x080018da   0x00000036   Code   RO         2741    i.USBD_AUDIO_EP0_RxReady  usbd_audio.o
    0x08001910   0x08001910   0x00000004   Code   RO         2742    i.USBD_AUDIO_EP0_TxReady  usbd_audio.o
    0x08001914   0x08001914   0x0000000c   Code   RO         2743    i.USBD_AUDIO_GetCfgDesc  usbd_audio.o
    0x08001920   0x08001920   0x0000000c   Code   RO         2744    i.USBD_AUDIO_GetDeviceQualifierDesc  usbd_audio.o
    0x0800192c   0x0800192c   0x00000078   Code   RO         2745    i.USBD_AUDIO_Init   usbd_audio.o
    0x080019a4   0x080019a4   0x00000004   Code   RO         2746    i.USBD_AUDIO_IsoINIncomplete  usbd_audio.o
    0x080019a8   0x080019a8   0x00000004   Code   RO         2747    i.USBD_AUDIO_IsoOutIncomplete  usbd_audio.o
    0x080019ac   0x080019ac   0x0000000e   Code   RO         2748    i.USBD_AUDIO_RegisterInterface  usbd_audio.o
    0x080019ba   0x080019ba   0x00000004   Code   RO         2749    i.USBD_AUDIO_SOF    usbd_audio.o
    0x080019be   0x080019be   0x00000002   PAD
    0x080019c0   0x080019c0   0x000000d8   Code   RO         2750    i.USBD_AUDIO_Setup  usbd_audio.o
    0x08001a98   0x08001a98   0x00000010   Code   RO         2467    i.USBD_ClrClassConfig  usbd_core.o
    0x08001aa8   0x08001aa8   0x00000010   Code   RO         2678    i.USBD_CtlContinueRx  usbd_ioreq.o
    0x08001ab8   0x08001ab8   0x00000010   Code   RO         2679    i.USBD_CtlContinueSendData  usbd_ioreq.o
    0x08001ac8   0x08001ac8   0x00000016   Code   RO         2606    i.USBD_CtlError     usbd_ctlreq.o
    0x08001ade   0x08001ade   0x0000001e   Code   RO         2680    i.USBD_CtlPrepareRx  usbd_ioreq.o
    0x08001afc   0x08001afc   0x00000016   Code   RO         2681    i.USBD_CtlReceiveStatus  usbd_ioreq.o
    0x08001b12   0x08001b12   0x0000001a   Code   RO         2682    i.USBD_CtlSendData  usbd_ioreq.o
    0x08001b2c   0x08001b2c   0x00000016   Code   RO         2683    i.USBD_CtlSendStatus  usbd_ioreq.o
    0x08001b42   0x08001b42   0x000000e6   Code   RO         2607    i.USBD_GetDescriptor  usbd_ctlreq.o
    0x08001c28   0x08001c28   0x00000048   Code   RO         2608    i.USBD_GetString    usbd_ctlreq.o
    0x08001c70   0x08001c70   0x00000018   Code   RO          253    i.USBD_Get_USB_Status  usbd_conf.o
    0x08001c88   0x08001c88   0x00000024   Code   RO          436    i.USBD_HS_ConfigStrDescriptor  usbd_desc.o
    0x08001cac   0x08001cac   0x0000000c   Code   RO          437    i.USBD_HS_DeviceDescriptor  usbd_desc.o
    0x08001cb8   0x08001cb8   0x00000024   Code   RO          438    i.USBD_HS_InterfaceStrDescriptor  usbd_desc.o
    0x08001cdc   0x08001cdc   0x0000000c   Code   RO          439    i.USBD_HS_LangIDStrDescriptor  usbd_desc.o
    0x08001ce8   0x08001ce8   0x00000028   Code   RO          440    i.USBD_HS_ManufacturerStrDescriptor  usbd_desc.o
    0x08001d10   0x08001d10   0x00000028   Code   RO          441    i.USBD_HS_ProductStrDescriptor  usbd_desc.o
    0x08001d38   0x08001d38   0x00000038   Code   RO          442    i.USBD_HS_SerialStrDescriptor  usbd_desc.o
    0x08001d70   0x08001d70   0x00000034   Code   RO         2469    i.USBD_Init         usbd_core.o
    0x08001da4   0x08001da4   0x00000012   Code   RO          254    i.USBD_LL_ClearStallEP  usbd_conf.o
    0x08001db6   0x08001db6   0x00000012   Code   RO          255    i.USBD_LL_CloseEP   usbd_conf.o
    0x08001dc8   0x08001dc8   0x000000aa   Code   RO         2470    i.USBD_LL_DataInStage  usbd_core.o
    0x08001e72   0x08001e72   0x0000006e   Code   RO         2471    i.USBD_LL_DataOutStage  usbd_core.o
    0x08001ee0   0x08001ee0   0x00000004   Code   RO         2472    i.USBD_LL_DevConnected  usbd_core.o
    0x08001ee4   0x08001ee4   0x00000018   Code   RO         2473    i.USBD_LL_DevDisconnected  usbd_core.o
    0x08001efc   0x08001efc   0x00000008   Code   RO          259    i.USBD_LL_GetRxDataSize  usbd_conf.o
    0x08001f04   0x08001f04   0x00000068   Code   RO          260    i.USBD_LL_Init      usbd_conf.o
    0x08001f6c   0x08001f6c   0x00000020   Code   RO          261    i.USBD_LL_IsStallEP  usbd_conf.o
    0x08001f8c   0x08001f8c   0x00000004   Code   RO         2474    i.USBD_LL_IsoINIncomplete  usbd_core.o
    0x08001f90   0x08001f90   0x00000004   Code   RO         2475    i.USBD_LL_IsoOUTIncomplete  usbd_core.o
    0x08001f94   0x08001f94   0x00000018   Code   RO          262    i.USBD_LL_OpenEP    usbd_conf.o
    0x08001fac   0x08001fac   0x00000012   Code   RO          263    i.USBD_LL_PrepareReceive  usbd_conf.o
    0x08001fbe   0x08001fbe   0x00000052   Code   RO         2476    i.USBD_LL_Reset     usbd_core.o
    0x08002010   0x08002010   0x00000014   Code   RO         2477    i.USBD_LL_Resume    usbd_core.o
    0x08002024   0x08002024   0x00000018   Code   RO         2478    i.USBD_LL_SOF       usbd_core.o
    0x0800203c   0x0800203c   0x00000006   Code   RO         2479    i.USBD_LL_SetSpeed  usbd_core.o
    0x08002042   0x08002042   0x00000012   Code   RO          264    i.USBD_LL_SetUSBAddress  usbd_conf.o
    0x08002054   0x08002054   0x00000060   Code   RO         2480    i.USBD_LL_SetupStage  usbd_core.o
    0x080020b4   0x080020b4   0x00000012   Code   RO          265    i.USBD_LL_StallEP   usbd_conf.o
    0x080020c6   0x080020c6   0x00000012   Code   RO          266    i.USBD_LL_Start     usbd_conf.o
    0x080020d8   0x080020d8   0x00000012   Code   RO         2481    i.USBD_LL_Suspend   usbd_core.o
    0x080020ea   0x080020ea   0x00000012   Code   RO          268    i.USBD_LL_Transmit  usbd_conf.o
    0x080020fc   0x080020fc   0x0000002c   Code   RO         2609    i.USBD_ParseSetupRequest  usbd_ctlreq.o
    0x08002128   0x08002128   0x00000022   Code   RO         2482    i.USBD_RegisterClass  usbd_core.o
    0x0800214a   0x0800214a   0x00000014   Code   RO         2484    i.USBD_SetClassConfig  usbd_core.o
    0x0800215e   0x0800215e   0x00000002   PAD
    0x08002160   0x08002160   0x000000bc   Code   RO         2610    i.USBD_SetConfig    usbd_ctlreq.o
    0x0800221c   0x0800221c   0x00000004   Code   RO         2485    i.USBD_Start        usbd_core.o
    0x08002220   0x08002220   0x00000114   Code   RO         2611    i.USBD_StdDevReq    usbd_ctlreq.o
    0x08002334   0x08002334   0x0000014c   Code   RO         2612    i.USBD_StdEPReq     usbd_ctlreq.o
    0x08002480   0x08002480   0x00000052   Code   RO         2613    i.USBD_StdItfReq    usbd_ctlreq.o
    0x080024d2   0x080024d2   0x00000002   PAD
    0x080024d4   0x080024d4   0x00000080   Code   RO          962    i.USB_ActivateEndpoint  stm32f4xx_ll_usb.o
    0x08002554   0x08002554   0x0000001c   Code   RO          964    i.USB_ActivateSetup  stm32f4xx_ll_usb.o
    0x08002570   0x08002570   0x00000074   Code   RO          966    i.USB_CoreInit      stm32f4xx_ll_usb.o
    0x080025e4   0x080025e4   0x00000038   Code   RO          967    i.USB_CoreReset     stm32f4xx_ll_usb.o
    0x0800261c   0x0800261c   0x000000cc   Code   RO          970    i.USB_DeactivateEndpoint  stm32f4xx_ll_usb.o
    0x080026e8   0x080026e8   0x00000018   Code   RO          971    i.USB_DevConnect    stm32f4xx_ll_usb.o
    0x08002700   0x08002700   0x00000018   Code   RO          972    i.USB_DevDisconnect  stm32f4xx_ll_usb.o
    0x08002718   0x08002718   0x00000174   Code   RO          973    i.USB_DevInit       stm32f4xx_ll_usb.o
    0x0800288c   0x0800288c   0x0000000c   Code   RO          974    i.USB_DisableGlobalInt  stm32f4xx_ll_usb.o
    0x08002898   0x08002898   0x00000118   Code   RO          977    i.USB_EP0StartXfer  stm32f4xx_ll_usb.o
    0x080029b0   0x080029b0   0x00000058   Code   RO          978    i.USB_EP0_OutStart  stm32f4xx_ll_usb.o
    0x08002a08   0x08002a08   0x00000058   Code   RO          979    i.USB_EPClearStall  stm32f4xx_ll_usb.o
    0x08002a60   0x08002a60   0x00000058   Code   RO          980    i.USB_EPSetStall    stm32f4xx_ll_usb.o
    0x08002ab8   0x08002ab8   0x000001e8   Code   RO          981    i.USB_EPStartXfer   stm32f4xx_ll_usb.o
    0x08002ca0   0x08002ca0   0x0000000c   Code   RO          982    i.USB_EnableGlobalInt  stm32f4xx_ll_usb.o
    0x08002cac   0x08002cac   0x00000020   Code   RO          983    i.USB_FlushRxFifo   stm32f4xx_ll_usb.o
    0x08002ccc   0x08002ccc   0x00000024   Code   RO          984    i.USB_FlushTxFifo   stm32f4xx_ll_usb.o
    0x08002cf0   0x08002cf0   0x0000001a   Code   RO          986    i.USB_GetDevSpeed   stm32f4xx_ll_usb.o
    0x08002d0a   0x08002d0a   0x00000008   Code   RO          988    i.USB_GetMode       stm32f4xx_ll_usb.o
    0x08002d12   0x08002d12   0x0000000e   Code   RO          995    i.USB_ReadDevAllInEpInterrupt  stm32f4xx_ll_usb.o
    0x08002d20   0x08002d20   0x0000000e   Code   RO          996    i.USB_ReadDevAllOutEpInterrupt  stm32f4xx_ll_usb.o
    0x08002d2e   0x08002d2e   0x00000024   Code   RO          997    i.USB_ReadDevInEPInterrupt  stm32f4xx_ll_usb.o
    0x08002d52   0x08002d52   0x00000010   Code   RO          998    i.USB_ReadDevOutEPInterrupt  stm32f4xx_ll_usb.o
    0x08002d62   0x08002d62   0x00000008   Code   RO          999    i.USB_ReadInterrupts  stm32f4xx_ll_usb.o
    0x08002d6a   0x08002d6a   0x0000001c   Code   RO         1000    i.USB_ReadPacket    stm32f4xx_ll_usb.o
    0x08002d86   0x08002d86   0x0000002e   Code   RO         1002    i.USB_SetCurrentMode  stm32f4xx_ll_usb.o
    0x08002db4   0x08002db4   0x00000022   Code   RO         1003    i.USB_SetDevAddress  stm32f4xx_ll_usb.o
    0x08002dd6   0x08002dd6   0x00000002   PAD
    0x08002dd8   0x08002dd8   0x000000e8   Code   RO         1005    i.USB_SetTurnaroundTime  stm32f4xx_ll_usb.o
    0x08002ec0   0x08002ec0   0x00000024   Code   RO         1008    i.USB_WritePacket   stm32f4xx_ll_usb.o
    0x08002ee4   0x08002ee4   0x00000002   Code   RO          602    i.UsageFault_Handler  stm32f4xx_it.o
    0x08002ee6   0x08002ee6   0x00000020   Code   RO         2018    i.__NVIC_SetPriority  stm32f4xx_hal_cortex.o
    0x08002f06   0x08002f06   0x0000000e   Code   RO         2895    i.__scatterload_copy  mc_w.l(handlers.o)
    0x08002f14   0x08002f14   0x00000002   Code   RO         2896    i.__scatterload_null  mc_w.l(handlers.o)
    0x08002f16   0x08002f16   0x0000000e   Code   RO         2897    i.__scatterload_zeroinit  mc_w.l(handlers.o)
    0x08002f24   0x08002f24   0x00000050   Code   RO         2843    i.free              mc_w.l(malloc.o)
    0x08002f74   0x08002f74   0x00000012   Code   RO           15    i.main              main.o
    0x08002f86   0x08002f86   0x00000002   PAD
    0x08002f88   0x08002f88   0x0000006c   Code   RO         2844    i.malloc            mc_w.l(malloc.o)
    0x08002ff4   0x08002ff4   0x00000010   Data   RO         2431    .constdata          system_stm32f4xx.o
    0x08003004   0x08003004   0x00000020   Data   RO         2893    Region$$Table       anon$$obj.o


    Execution Region RW_IRAM2 (Exec base: 0x10000000, Load base: 0x080030f4, Size: 0x00000000, Max: 0x00010000, ABSOLUTE)

    **** No section assigned to this execution region ****


    Execution Region RW_IRAM1 (Exec base: 0x20000000, Load base: 0x08003024, Size: 0x00001018, Max: 0x00020000, ABSOLUTE, COMPRESSED[0x000000d0])

    Exec Addr    Load Addr    Size         Type   Attr      Idx    E Section Name        Object

    0x20000000   COMPRESSED   0x0000001c   Data   RW          444    .data               usbd_desc.o
    0x2000001c   COMPRESSED   0x00000032   Data   RW          445    .data               usbd_desc.o
    0x2000004e   COMPRESSED   0x00000002   PAD
    0x20000050   COMPRESSED   0x0000001c   Data   RW          530    .data               usbd_audio_if.o
    0x2000006c   COMPRESSED   0x0000000c   Data   RW         2162    .data               stm32f4xx_hal.o
    0x20000078   COMPRESSED   0x00000004   Data   RW         2433    .data               system_stm32f4xx.o
    0x2000007c   COMPRESSED   0x00000001   Data   RW         2614    .data               usbd_ctlreq.o
    0x2000007d   COMPRESSED   0x00000003   PAD
    0x20000080   COMPRESSED   0x00000038   Data   RW         2752    .data               usbd_audio.o
    0x200000b8   COMPRESSED   0x0000007a   Data   RW         2753    .data               usbd_audio.o
    0x20000132   COMPRESSED   0x00000002   PAD
    0x20000134   COMPRESSED   0x00000004   Data   RW         2889    .data               mc_w.l(mvars.o)
    0x20000138   COMPRESSED   0x00000004   Data   RW         2890    .data               mc_w.l(mvars.o)
    0x2000013c        -       0x000002d0   Zero   RW          193    .bss                usb_device.o
    0x2000040c        -       0x00000408   Zero   RW          269    .bss                usbd_conf.o
    0x20000814        -       0x00000200   Zero   RW          443    .bss                usbd_desc.o
    0x20000a14   COMPRESSED   0x00000004   PAD
    0x20000a18        -       0x00000200   Zero   RW            2    HEAP                startup_stm32f407xx.o
    0x20000c18        -       0x00000400   Zero   RW            1    STACK               startup_stm32f407xx.o


==============================================================================

Image component sizes


      Code (inc. data)   RO Data    RW Data    ZI Data      Debug   Object Name

        76          6          0          0          0        827   gpio.o
       152         10          0          0          0     646908   main.o
        36          8        392          0       1536        828   startup_stm32f407xx.o
       180         28          0         12          0       9337   stm32f4xx_hal.o
       198         14          0          0          0      33907   stm32f4xx_hal_cortex.o
       440         46          0          0          0       1720   stm32f4xx_hal_gpio.o
        48          6          0          0          0        814   stm32f4xx_hal_msp.o
      2308         14          0          0          0      12645   stm32f4xx_hal_pcd.o
        78          0          0          0          0       2369   stm32f4xx_hal_pcd_ex.o
      1276         54          0          0          0       4478   stm32f4xx_hal_rcc.o
        32          6          0          0          0       4462   stm32f4xx_it.o
      2574        132          0          0          0      22511   stm32f4xx_ll_usb.o
        28          6         16          4          0       1107   system_stm32f4xx.o
        84         18          0          0        720       3321   usb_device.o
       646         14          0        178          0      12480   usbd_audio.o
        28          0          0         28          0       3756   usbd_audio_if.o
       726         34          0          0       1032      14816   usbd_conf.o
       688          0          0          0          0      12253   usbd_core.o
      1256         30          0          1          0      13928   usbd_ctlreq.o
       288        104          0         78        512       5837   usbd_desc.o
       132          0          0          0          0       4452   usbd_ioreq.o

    ----------------------------------------------------------------------
     11292        530        440        308       3804     812756   Object Totals
         0          0         32          0          0          0   (incl. Generated)
        18          0          0          7          4          0   (incl. Padding)

    ----------------------------------------------------------------------

      Code (inc. data)   RO Data    RW Data    ZI Data      Debug   Library Member Name

        86          0          0          0          0          0   __dczerorl2.o
         0          0          0          0          0          0   entry.o
         0          0          0          0          0          0   entry10a.o
         0          0          0          0          0          0   entry11a.o
         8          4          0          0          0          0   entry2.o
         4          0          0          0          0          0   entry5.o
         0          0          0          0          0          0   entry7b.o
         0          0          0          0          0          0   entry8b.o
         8          4          0          0          0          0   entry9a.o
        30          0          0          0          0          0   handlers.o
        36          8          0          0          0         68   init.o
        30          0          0          0          0         68   llshl.o
        32          0          0          0          0         68   llushr.o
       188         20          0          0          0        160   malloc.o
        36          0          0          0          0         68   memcpya.o
        36          0          0          0          0        108   memseta.o
         0          0          0          8          0          0   mvars.o
        98          0          0          0          0         92   uldiv.o

    ----------------------------------------------------------------------
       592         36          0          8          0        632   Library Totals
         0          0          0          0          0          0   (incl. Padding)

    ----------------------------------------------------------------------

      Code (inc. data)   RO Data    RW Data    ZI Data      Debug   Library Name

       592         36          0          8          0        632   mc_w.l

    ----------------------------------------------------------------------
       592         36          0          8          0        632   Library Totals

    ----------------------------------------------------------------------

==============================================================================


      Code (inc. data)   RO Data    RW Data    ZI Data      Debug   

     11884        566        440        316       3804     798112   Grand Totals
     11884        566        440        208       3804     798112   ELF Image Totals (compressed)
     11884        566        440        208          0          0   ROM Totals

==============================================================================

    Total RO  Size (Code + RO Data)                12324 (  12.04kB)
    Total RW  Size (RW Data + ZI Data)              4120 (   4.02kB)
    Total ROM Size (Code + RO Data + RW Data)      12532 (  12.24kB)

==============================================================================

