lv_mem.h:214:44:_lv_memcpy_small	32	static
lv_area.h:100:20:lv_area_copy	16	static
lv_area.h:110:26:lv_area_get_width	16	static
lv_area.h:120:26:lv_area_get_height	16	static
lv_font.h:123:26:lv_font_get_line_height	16	static
lv_anim.h:128:20:lv_anim_set_var	16	static
lv_anim.h:140:20:lv_anim_set_exec_cb	16	static
lv_anim.h:150:20:lv_anim_set_time	16	static
lv_anim.h:171:20:lv_anim_set_values	16	static
lv_anim.h:229:20:lv_anim_set_playback_time	16	static
lv_anim.h:239:20:lv_anim_set_playback_delay	16	static
lv_anim.h:249:20:lv_anim_set_repeat_count	16	static
lv_anim.h:259:20:lv_anim_set_repeat_delay	16	static
lv_obj_style_dec.h:105:1:lv_obj_get_style_transform_width	16	static
lv_obj_style_dec.h:106:1:lv_obj_get_style_transform_height	16	static
lv_obj_style_dec.h:110:1:lv_obj_get_style_pad_top	16	static
lv_obj_style_dec.h:111:1:lv_obj_get_style_pad_bottom	16	static
lv_obj_style_dec.h:112:1:lv_obj_get_style_pad_left	16	static
lv_obj_style_dec.h:113:1:lv_obj_get_style_pad_right	16	static
lv_obj_style_dec.h:160:1:lv_obj_get_style_text_letter_space	16	static
lv_obj_style_dec.h:161:1:lv_obj_get_style_text_line_space	16	static
lv_obj_style_dec.h:167:1:lv_obj_get_style_text_font	16	static
lv_label.c:77:12:lv_label_create	40	static
lv_label.c:181:6:lv_label_set_text	32	static
lv_label.c:254:6:lv_label_set_text_fmt	36	static
lv_label.c:329:6:lv_label_set_text_static	32	static
lv_label.c:354:6:lv_label_set_long_mode	32	static
lv_label.c:389:6:lv_label_set_align	32	static
lv_label.c:407:6:lv_label_set_recolor	32	static
lv_label.c:425:6:lv_label_set_anim_speed	32	static
lv_label.c:444:6:lv_label_set_text_sel_start	24	static
lv_label.c:458:6:lv_label_set_text_sel_end	24	static
lv_label.c:481:8:lv_label_get_text	32	static
lv_label.c:495:22:lv_label_get_long_mode	32	static
lv_label.c:508:18:lv_label_get_align	32	static
lv_label.c:536:6:lv_label_get_recolor	32	static
lv_label.c:549:10:lv_label_get_anim_speed	32	static
lv_label.c:569:6:lv_label_get_letter_pos	112	static
lv_label.c:691:10:lv_label_get_letter_on	128	static
lv_label.c:818:10:lv_label_get_text_sel_start	24	static
lv_label.c:837:10:lv_label_get_text_sel_end	24	static
lv_label.c:856:6:lv_label_is_char_under_pos	112	static
lv_label.c:942:19:lv_label_get_style	24	static
lv_label.c:966:6:lv_label_ins_text	48	static
lv_label.c:1012:6:lv_label_cut_text	40	static
lv_label.c:1045:24:lv_label_design	216	static
lv_label.c:1152:17:lv_label_signal	48	static
lv_label.c:1209:13:lv_label_refr_text	216	static
lv_label.c:1431:13:lv_label_revert_dots	40	static
lv_label.c:1453:13:lv_label_set_offset_x	24	static
lv_label.c:1460:13:lv_label_set_offset_y	24	static
lv_label.c:1475:13:lv_label_set_dot_tmp	32	static
lv_label.c:1504:15:lv_label_get_dot_tmp	24	static
lv_label.c:1520:13:lv_label_dot_tmp_free	24	static
lv_label.c:1530:13:get_txt_coords	24	static
