lv_color.h:454:48:lv_color_mix	24	static
lv_obj_style_dec.h:110:1:lv_obj_get_style_pad_top	16	static
lv_obj_style_dec.h:111:1:lv_obj_get_style_pad_bottom	16	static
lv_obj_style_dec.h:112:1:lv_obj_get_style_pad_left	16	static
lv_obj_style_dec.h:113:1:lv_obj_get_style_pad_right	16	static
lv_obj_style_dec.h:173:1:lv_obj_get_style_line_color	16	static
lv_obj_style_dec.h:193:1:lv_obj_get_style_scale_width	16	static
lv_obj_style_dec.h:194:1:lv_obj_get_style_scale_border_width	16	static
lv_obj_style_dec.h:195:1:lv_obj_get_style_scale_end_border_width	16	static
lv_obj_style_dec.h:196:1:lv_obj_get_style_scale_end_line_width	16	static
lv_obj_style_dec.h:197:1:lv_obj_get_style_scale_grad_color	16	static
lv_obj_style_dec.h:198:1:lv_obj_get_style_scale_end_color	16	static
lv_linemeter.c:53:12:lv_linemeter_create	40	static
lv_linemeter.c:116:6:lv_linemeter_set_value	112	static
lv_linemeter.c:218:6:lv_linemeter_set_range	40	static
lv_linemeter.c:244:6:lv_linemeter_set_scale	32	static
lv_linemeter.c:262:6:lv_linemeter_set_angle_offset	24	static
lv_linemeter.c:277:6:lv_linemeter_set_mirror	24	static
lv_linemeter.c:296:9:lv_linemeter_get_value	32	static
lv_linemeter.c:309:9:lv_linemeter_get_min_value	32	static
lv_linemeter.c:322:9:lv_linemeter_get_max_value	32	static
lv_linemeter.c:335:10:lv_linemeter_get_line_count	32	static
lv_linemeter.c:348:10:lv_linemeter_get_scale_angle	32	static
lv_linemeter.c:361:10:lv_linemeter_get_angle_offset	24	static
lv_linemeter.c:373:6:lv_linemeter_get_mirror	24	static
lv_linemeter.c:380:6:lv_linemeter_draw_scale	216	static
lv_linemeter.c:582:24:lv_linemeter_design	112	static
lv_linemeter.c:610:17:lv_linemeter_signal	32	static
