lv_mem.h:214:44:_lv_memcpy_small	32	static
lv_area.h:100:20:lv_area_copy	16	static
lv_area.h:110:26:lv_area_get_width	16	static
lv_area.h:120:26:lv_area_get_height	16	static
lv_font.h:123:26:lv_font_get_line_height	16	static
lv_anim.h:128:20:lv_anim_set_var	16	static
lv_anim.h:140:20:lv_anim_set_exec_cb	16	static
lv_anim.h:150:20:lv_anim_set_time	16	static
lv_anim.h:171:20:lv_anim_set_values	16	static
lv_anim.h:198:20:lv_anim_set_path	16	static
lv_anim.h:219:20:lv_anim_set_ready_cb	16	static
lv_anim.h:229:20:lv_anim_set_playback_time	16	static
lv_anim.h:249:20:lv_anim_set_repeat_count	16	static
lv_anim.h:274:20:lv_anim_path_init	16	static
lv_anim.h:284:20:lv_anim_path_set_cb	16	static
lv_obj_style_dec.h:110:1:lv_obj_get_style_pad_top	16	static
lv_obj_style_dec.h:111:1:lv_obj_get_style_pad_bottom	16	static
lv_obj_style_dec.h:112:1:lv_obj_get_style_pad_left	16	static
lv_obj_style_dec.h:113:1:lv_obj_get_style_pad_right	16	static
lv_obj_style_dec.h:126:1:lv_obj_get_style_border_width	16	static
lv_obj_style_dec.h:161:1:lv_obj_get_style_text_line_space	16	static
lv_obj_style_dec.h:167:1:lv_obj_get_style_text_font	16	static
lv_cont.h:158:20:lv_cont_set_fit2	24	static
lv_page.h:186:20:lv_page_set_scrollable_fit2	16	static
lv_textarea.h:227:20:lv_textarea_set_scrollbar_mode	16	static
lv_textarea.h:248:20:lv_textarea_set_edge_flash	16	static
lv_textarea.h:373:20:lv_textarea_get_edge_flash	16	static
lv_textarea.c:88:12:lv_textarea_create	112	static
lv_textarea.c:229:6:lv_textarea_add_char	128	static
lv_textarea.c:322:6:lv_textarea_add_text	120	static
lv_textarea.c:397:6:lv_textarea_del_char	56	static
lv_textarea.c:452:6:lv_textarea_del_char_forward	32	static
lv_textarea.c:470:6:lv_textarea_set_text	120	static
lv_textarea.c:545:6:lv_textarea_set_placeholder_text	32	static
lv_textarea.c:588:6:lv_textarea_set_cursor_pos	144	static
lv_textarea.c:667:6:lv_textarea_set_cursor_hidden	32	static
lv_textarea.c:683:6:lv_textarea_set_cursor_click_pos	32	static
lv_textarea.c:696:6:lv_textarea_set_pwd_mode	40	static
lv_textarea.c:735:6:lv_textarea_set_one_line	48	static
lv_textarea.c:778:6:lv_textarea_set_text_align	32	static
lv_textarea.c:811:6:lv_textarea_set_accepted_chars	32	static
lv_textarea.c:825:6:lv_textarea_set_max_length	32	static
lv_textarea.c:842:6:lv_textarea_set_insert_replace	24	static
lv_textarea.c:855:6:lv_textarea_set_text_sel	24	static
lv_textarea.c:876:6:lv_textarea_set_pwd_show_time	32	static
lv_textarea.c:893:6:lv_textarea_set_cursor_blink_time	104	static
lv_textarea.c:939:14:lv_textarea_get_text	32	static
lv_textarea.c:961:14:lv_textarea_get_placeholder_text	32	static
lv_textarea.c:975:12:lv_textarea_get_label	32	static
lv_textarea.c:988:10:lv_textarea_get_cursor_pos	32	static
lv_textarea.c:1001:6:lv_textarea_get_cursor_hidden	32	static
lv_textarea.c:1014:6:lv_textarea_get_cursor_click_pos	32	static
lv_textarea.c:1027:6:lv_textarea_get_pwd_mode	32	static
lv_textarea.c:1040:6:lv_textarea_get_one_line	32	static
lv_textarea.c:1053:14:lv_textarea_get_accepted_chars	32	static
lv_textarea.c:1067:10:lv_textarea_get_max_length	32	static
lv_textarea.c:1080:6:lv_textarea_text_is_selected	24	static
lv_textarea.c:1105:6:lv_textarea_get_text_sel_en	24	static
lv_textarea.c:1123:10:lv_textarea_get_pwd_show_time	32	static
lv_textarea.c:1137:10:lv_textarea_get_cursor_blink_time	32	static
lv_textarea.c:1153:6:lv_textarea_clear_selection	24	static
lv_textarea.c:1174:6:lv_textarea_cursor_right	32	static
lv_textarea.c:1187:6:lv_textarea_cursor_left	32	static
lv_textarea.c:1202:6:lv_textarea_cursor_down	56	static
lv_textarea.c:1235:6:lv_textarea_cursor_up	56	static
lv_textarea.c:1273:24:lv_textarea_design	24	static
lv_textarea.c:1300:24:lv_textarea_scrollable_design	192	static
lv_textarea.c:1386:17:lv_textarea_signal	64	static
lv_textarea.c:1496:17:lv_textarea_scrollable_signal	56	static
lv_textarea.c:1546:26:lv_textarea_get_style	32	static
lv_textarea.c:1585:13:cursor_blink_anim	32	static
lv_textarea.c:1609:13:pwd_char_hider_anim	16	static
lv_textarea.c:1619:13:pwd_char_hider_anim_ready	24	static
lv_textarea.c:1630:13:pwd_char_hider	64	static
lv_textarea.c:1667:13:char_is_accepted	40	static
lv_textarea.c:1696:13:refr_cursor_area	80	static
lv_textarea.c:1779:13:update_cursor_position_on_click	56	static
lv_textarea.c:1894:17:insert_handler	16	static
