lv_obj_style_dec.h:167:1:lv_obj_set_style_local_text_font	24	static
lv_disp.h:153:26:lv_scr_act	8	static
lv_cont.h:169:20:lv_cont_set_fit	24	static
page_manager.c:52:13:AppWindow_CreatBg	4	static
page_manager.c:58:13:AppWindow_BarCrt	16	static
page_manager.c:75:13:AppWindow_PageInit	40	static
page_manager.c:94:13:AppWindows_DrawAll	8	static
page_manager.c:103:9:StatusBar_GetHeight	4	static
page_manager.c:104:12:AppWindow_GetHeight	16	static
page_manager.c:105:12:AppWindow_GetWidth	8	static
page_manager.c:106:11:AppWindow_GetCont	16	static
page_manager.c:107:6:PageRegister	24	static
page_manager.c:114:6:AppWindows_ChangeTo	16	static
page_manager.c:121:6:AppWindows_Running	8	static
page_manager.c:147:6:AppWindows_Event	16	static
page_manager.c:156:6:AppWindows_Init	8	static
