usbd_conf.c:68:6:HAL_PCD_MspInit	56	static
usbd_conf.c:129:6:HAL_PCD_MspDeInit	16	static
usbd_conf.c:178:6:HAL_PCD_SetupStageCallback	16	static
usbd_conf.c:193:6:HAL_PCD_DataOutStageCallback	16	static
usbd_conf.c:208:6:HAL_PCD_DataInStageCallback	16	static
usbd_conf.c:222:6:HAL_PCD_SOFCallback	16	static
usbd_conf.c:236:6:HAL_PCD_ResetCallback	24	static
usbd_conf.c:269:6:HAL_PCD_SuspendCallback	16	static
usbd_conf.c:294:6:HAL_PCD_ResumeCallback	16	static
usbd_conf.c:312:6:HAL_PCD_ISOOUTIncompleteCallback	16	static
usbd_conf.c:327:6:HAL_PCD_ISOINIncompleteCallback	16	static
usbd_conf.c:341:6:HAL_PCD_ConnectCallback	16	static
usbd_conf.c:355:6:HAL_PCD_DisconnectCallback	16	static
usbd_conf.c:370:20:USBD_LL_Init	16	static
usbd_conf.c:421:20:USBD_LL_DeInit	24	static
usbd_conf.c:438:20:USBD_LL_Start	24	static
usbd_conf.c:455:20:USBD_LL_Stop	24	static
usbd_conf.c:475:20:USBD_LL_OpenEP	24	static
usbd_conf.c:493:20:USBD_LL_CloseEP	24	static
usbd_conf.c:511:20:USBD_LL_FlushEP	24	static
usbd_conf.c:529:20:USBD_LL_StallEP	24	static
usbd_conf.c:547:20:USBD_LL_ClearStallEP	24	static
usbd_conf.c:565:9:USBD_LL_IsStallEP	24	static
usbd_conf.c:585:20:USBD_LL_SetUSBAddress	24	static
usbd_conf.c:605:20:USBD_LL_Transmit	32	static
usbd_conf.c:625:20:USBD_LL_PrepareReceive	32	static
usbd_conf.c:643:10:USBD_LL_GetRxDataSize	16	static
usbd_conf.c:654:6:HAL_PCDEx_LPM_Callback	16	static
usbd_conf.c:689:6:USBD_LL_Delay	16	static
usbd_conf.c:700:13:SystemClockConfig_Resume	8	static
usbd_conf.c:710:20:USBD_Get_USB_Status	24	static
