Component: ARM Compiler 5.06 update 6 (build 750) Tool: armlink [4d35ed]

==============================================================================

Section Cross References

    startup_stm32f765xx.o(RESET) refers to startup_stm32f765xx.o(STACK) for __initial_sp
    startup_stm32f765xx.o(RESET) refers to startup_stm32f765xx.o(.text) for Reset_Handler
    startup_stm32f765xx.o(RESET) refers to stm32f7xx_it.o(i.NMI_Handler) for NMI_Handler
    startup_stm32f765xx.o(RESET) refers to stm32f7xx_it.o(i.HardFault_Handler) for HardFault_Handler
    startup_stm32f765xx.o(RESET) refers to stm32f7xx_it.o(i.MemManage_Handler) for MemManage_Handler
    startup_stm32f765xx.o(RESET) refers to stm32f7xx_it.o(i.BusFault_Handler) for BusFault_Handler
    startup_stm32f765xx.o(RESET) refers to stm32f7xx_it.o(i.UsageFault_Handler) for UsageFault_Handler
    startup_stm32f765xx.o(RESET) refers to stm32f7xx_it.o(i.SVC_Handler) for SVC_Handler
    startup_stm32f765xx.o(RESET) refers to stm32f7xx_it.o(i.DebugMon_Handler) for DebugMon_Handler
    startup_stm32f765xx.o(RESET) refers to stm32f7xx_it.o(i.PendSV_Handler) for PendSV_Handler
    startup_stm32f765xx.o(RESET) refers to stm32f7xx_it.o(i.SysTick_Handler) for SysTick_Handler
    startup_stm32f765xx.o(RESET) refers to stm32f7xx_it.o(i.OTG_HS_IRQHandler) for OTG_HS_IRQHandler
    startup_stm32f765xx.o(.text) refers to system_stm32f7xx.o(i.SystemInit) for SystemInit
    startup_stm32f765xx.o(.text) refers to entry.o(.ARM.Collect$$$$00000000) for __main
    main.o(i.SystemClock_Config) refers to memseta.o(.text) for __aeabi_memclr4
    main.o(i.SystemClock_Config) refers to stm32f7xx_hal_rcc.o(i.HAL_RCC_OscConfig) for HAL_RCC_OscConfig
    main.o(i.SystemClock_Config) refers to stm32f7xx_hal_pwr_ex.o(i.HAL_PWREx_EnableOverDrive) for HAL_PWREx_EnableOverDrive
    main.o(i.SystemClock_Config) refers to stm32f7xx_hal_rcc.o(i.HAL_RCC_ClockConfig) for HAL_RCC_ClockConfig
    main.o(i.main) refers to stm32f7xx_hal.o(i.HAL_Init) for HAL_Init
    main.o(i.main) refers to main.o(i.SystemClock_Config) for SystemClock_Config
    main.o(i.main) refers to gpio.o(i.MX_GPIO_Init) for MX_GPIO_Init
    main.o(i.main) refers to usb_device.o(i.MX_USB_DEVICE_Init) for MX_USB_DEVICE_Init
    usb_device.o(i.MX_USB_DEVICE_Init) refers to usbd_core.o(i.USBD_Init) for USBD_Init
    usb_device.o(i.MX_USB_DEVICE_Init) refers to main.o(i.Error_Handler) for Error_Handler
    usb_device.o(i.MX_USB_DEVICE_Init) refers to usbd_core.o(i.USBD_RegisterClass) for USBD_RegisterClass
    usb_device.o(i.MX_USB_DEVICE_Init) refers to usbd_cdc.o(i.USBD_CDC_RegisterInterface) for USBD_CDC_RegisterInterface
    usb_device.o(i.MX_USB_DEVICE_Init) refers to usbd_core.o(i.USBD_Start) for USBD_Start
    usb_device.o(i.MX_USB_DEVICE_Init) refers to usbd_desc.o(.data) for HS_Desc
    usb_device.o(i.MX_USB_DEVICE_Init) refers to usb_device.o(.bss) for .bss
    usb_device.o(i.MX_USB_DEVICE_Init) refers to usbd_cdc.o(.data) for USBD_CDC
    usb_device.o(i.MX_USB_DEVICE_Init) refers to usbd_cdc_if.o(.data) for USBD_Interface_fops_HS
    usbd_conf.o(i.HAL_PCDEx_LPM_Callback) refers to usbd_core.o(i.USBD_LL_Suspend) for USBD_LL_Suspend
    usbd_conf.o(i.HAL_PCDEx_LPM_Callback) refers to main.o(i.SystemClock_Config) for SystemClock_Config
    usbd_conf.o(i.HAL_PCDEx_LPM_Callback) refers to usbd_core.o(i.USBD_LL_Resume) for USBD_LL_Resume
    usbd_conf.o(i.HAL_PCD_ConnectCallback) refers to usbd_core.o(i.USBD_LL_DevConnected) for USBD_LL_DevConnected
    usbd_conf.o(i.HAL_PCD_DataInStageCallback) refers to usbd_core.o(i.USBD_LL_DataInStage) for USBD_LL_DataInStage
    usbd_conf.o(i.HAL_PCD_DataOutStageCallback) refers to usbd_core.o(i.USBD_LL_DataOutStage) for USBD_LL_DataOutStage
    usbd_conf.o(i.HAL_PCD_DisconnectCallback) refers to usbd_core.o(i.USBD_LL_DevDisconnected) for USBD_LL_DevDisconnected
    usbd_conf.o(i.HAL_PCD_ISOINIncompleteCallback) refers to usbd_core.o(i.USBD_LL_IsoINIncomplete) for USBD_LL_IsoINIncomplete
    usbd_conf.o(i.HAL_PCD_ISOOUTIncompleteCallback) refers to usbd_core.o(i.USBD_LL_IsoOUTIncomplete) for USBD_LL_IsoOUTIncomplete
    usbd_conf.o(i.HAL_PCD_MspDeInit) refers to stm32f7xx_hal_gpio.o(i.HAL_GPIO_DeInit) for HAL_GPIO_DeInit
    usbd_conf.o(i.HAL_PCD_MspDeInit) refers to stm32f7xx_hal_cortex.o(i.HAL_NVIC_DisableIRQ) for HAL_NVIC_DisableIRQ
    usbd_conf.o(i.HAL_PCD_MspInit) refers to memseta.o(.text) for __aeabi_memclr4
    usbd_conf.o(i.HAL_PCD_MspInit) refers to stm32f7xx_hal_gpio.o(i.HAL_GPIO_Init) for HAL_GPIO_Init
    usbd_conf.o(i.HAL_PCD_MspInit) refers to stm32f7xx_hal_cortex.o(i.HAL_NVIC_SetPriority) for HAL_NVIC_SetPriority
    usbd_conf.o(i.HAL_PCD_MspInit) refers to stm32f7xx_hal_cortex.o(i.HAL_NVIC_EnableIRQ) for HAL_NVIC_EnableIRQ
    usbd_conf.o(i.HAL_PCD_ResetCallback) refers to main.o(i.Error_Handler) for Error_Handler
    usbd_conf.o(i.HAL_PCD_ResetCallback) refers to usbd_core.o(i.USBD_LL_SetSpeed) for USBD_LL_SetSpeed
[...]
    ../clib/microlib/init/entry.s            0x00000000   Number         0  entry7a.o ABSOLUTE
    ../clib/microlib/init/entry.s            0x00000000   Number         0  entry.o ABSOLUTE
    ../clib/microlib/init/entry.s            0x00000000   Number         0  entry10a.o ABSOLUTE
    ../clib/microlib/init/entry.s            0x00000000   Number         0  entry10b.o ABSOLUTE
    ../clib/microlib/init/entry.s            0x00000000   Number         0  entry9a.o ABSOLUTE
    ../clib/microlib/init/entry.s            0x00000000   Number         0  entry2.o ABSOLUTE
    ../clib/microlib/init/entry.s            0x00000000   Number         0  entry11a.o ABSOLUTE
    ../clib/microlib/init/entry.s            0x00000000   Number         0  entry7b.o ABSOLUTE
    ../clib/microlib/init/entry.s            0x00000000   Number         0  entry9b.o ABSOLUTE
    ../clib/microlib/init/entry.s            0x00000000   Number         0  entry5.o ABSOLUTE
    ../clib/microlib/longlong.c              0x00000000   Number         0  llushr.o ABSOLUTE
    ../clib/microlib/longlong.c              0x00000000   Number         0  llshl.o ABSOLUTE
    ../clib/microlib/malloc/malloc.c         0x00000000   Number         0  mallocra.o ABSOLUTE
    ../clib/microlib/malloc/malloc.c         0x00000000   Number         0  malloca.o ABSOLUTE
    ../clib/microlib/malloc/malloc.c         0x00000000   Number         0  mallocr.o ABSOLUTE
    ../clib/microlib/malloc/malloc.c         0x00000000   Number         0  malloc.o ABSOLUTE
    ../clib/microlib/malloc/mvars.c          0x00000000   Number         0  mvars.o ABSOLUTE
    ../clib/microlib/string/memcpy.c         0x00000000   Number         0  memcpyb.o ABSOLUTE
    ../clib/microlib/string/memcpy.c         0x00000000   Number         0  memcpya.o ABSOLUTE
    ../clib/microlib/string/memset.c         0x00000000   Number         0  memseta.o ABSOLUTE
    ..\Drivers\STM32F7xx_HAL_Driver\Src\stm32f7xx_hal.c 0x00000000   Number         0  stm32f7xx_hal.o ABSOLUTE
    ..\Drivers\STM32F7xx_HAL_Driver\Src\stm32f7xx_hal_cortex.c 0x00000000   Number         0  stm32f7xx_hal_cortex.o ABSOLUTE
    ..\Drivers\STM32F7xx_HAL_Driver\Src\stm32f7xx_hal_dma.c 0x00000000   Number         0  stm32f7xx_hal_dma.o ABSOLUTE
    ..\Drivers\STM32F7xx_HAL_Driver\Src\stm32f7xx_hal_dma_ex.c 0x00000000   Number         0  stm32f7xx_hal_dma_ex.o ABSOLUTE
    ..\Drivers\STM32F7xx_HAL_Driver\Src\stm32f7xx_hal_exti.c 0x00000000   Number         0  stm32f7xx_hal_exti.o ABSOLUTE
    ..\Drivers\STM32F7xx_HAL_Driver\Src\stm32f7xx_hal_flash.c 0x00000000   Number         0  stm32f7xx_hal_flash.o ABSOLUTE
    ..\Drivers\STM32F7xx_HAL_Driver\Src\stm32f7xx_hal_flash_ex.c 0x00000000   Number         0  stm32f7xx_hal_flash_ex.o ABSOLUTE
    ..\Drivers\STM32F7xx_HAL_Driver\Src\stm32f7xx_hal_gpio.c 0x00000000   Number         0  stm32f7xx_hal_gpio.o ABSOLUTE
    ..\Drivers\STM32F7xx_HAL_Driver\Src\stm32f7xx_hal_i2c.c 0x00000000   Number         0  stm32f7xx_hal_i2c.o ABSOLUTE
    ..\Drivers\STM32F7xx_HAL_Driver\Src\stm32f7xx_hal_i2c_ex.c 0x00000000   Number         0  stm32f7xx_hal_i2c_ex.o ABSOLUTE
    ..\Drivers\STM32F7xx_HAL_Driver\Src\stm32f7xx_hal_pcd.c 0x00000000   Number         0  stm32f7xx_hal_pcd.o ABSOLUTE
    ..\Drivers\STM32F7xx_HAL_Driver\Src\stm32f7xx_hal_pcd_ex.c 0x00000000   Number         0  stm32f7xx_hal_pcd_ex.o ABSOLUTE
    ..\Drivers\STM32F7xx_HAL_Driver\Src\stm32f7xx_hal_pwr.c 0x00000000   Number         0  stm32f7xx_hal_pwr.o ABSOLUTE
    ..\Drivers\STM32F7xx_HAL_Driver\Src\stm32f7xx_hal_pwr_ex.c 0x00000000   Number         0  stm32f7xx_hal_pwr_ex.o ABSOLUTE
    ..\Drivers\STM32F7xx_HAL_Driver\Src\stm32f7xx_hal_rcc.c 0x00000000   Number         0  stm32f7xx_hal_rcc.o ABSOLUTE
    ..\Drivers\STM32F7xx_HAL_Driver\Src\stm32f7xx_hal_rcc_ex.c 0x00000000   Number         0  stm32f7xx_hal_rcc_ex.o ABSOLUTE
    ..\Drivers\STM32F7xx_HAL_Driver\Src\stm32f7xx_hal_tim.c 0x00000000   Number         0  stm32f7xx_hal_tim.o ABSOLUTE
    ..\Drivers\STM32F7xx_HAL_Driver\Src\stm32f7xx_hal_tim_ex.c 0x00000000   Number         0  stm32f7xx_hal_tim_ex.o ABSOLUTE
    ..\Drivers\STM32F7xx_HAL_Driver\Src\stm32f7xx_ll_usb.c 0x00000000   Number         0  stm32f7xx_ll_usb.o ABSOLUTE
    ..\Middlewares\ST\STM32_USB_Device_Library\Class\CDC\Src\usbd_cdc.c 0x00000000   Number         0  usbd_cdc.o ABSOLUTE
    ..\Middlewares\ST\STM32_USB_Device_Library\Core\Src\usbd_core.c 0x00000000   Number         0  usbd_core.o ABSOLUTE
    ..\Middlewares\ST\STM32_USB_Device_Library\Core\Src\usbd_ctlreq.c 0x00000000   Number         0  usbd_ctlreq.o ABSOLUTE
    ..\Middlewares\ST\STM32_USB_Device_Library\Core\Src\usbd_ioreq.c 0x00000000   Number         0  usbd_ioreq.o ABSOLUTE
    ..\Src\gpio.c                            0x00000000   Number         0  gpio.o ABSOLUTE
    ..\Src\main.c                            0x00000000   Number         0  main.o ABSOLUTE
    ..\Src\stm32f7xx_hal_msp.c               0x00000000   Number         0  stm32f7xx_hal_msp.o ABSOLUTE
    ..\Src\stm32f7xx_it.c                    0x00000000   Number         0  stm32f7xx_it.o ABSOLUTE
    ..\Src\system_stm32f7xx.c                0x00000000   Number         0  system_stm32f7xx.o ABSOLUTE
    ..\Src\usb_device.c                      0x00000000   Number         0  usb_device.o ABSOLUTE
    ..\Src\usbd_cdc_if.c                     0x00000000   Number         0  usbd_cdc_if.o ABSOLUTE
    ..\Src\usbd_conf.c                       0x00000000   Number         0  usbd_conf.o ABSOLUTE
    ..\Src\usbd_desc.c                       0x00000000   Number         0  usbd_desc.o ABSOLUTE
    dc.s                                     0x00000000   Number         0  dc.o ABSOLUTE
    handlers.s                               0x00000000   Number         0  handlers.o ABSOLUTE
    init.s                                   0x00000000   Number         0  init.o ABSOLUTE
    startup_stm32f765xx.s                    0x00000000   Number         0  startup_stm32f765xx.o ABSOLUTE
    RESET                                    0x08000000   Section      504  startup_stm32f765xx.o(RESET)
    .ARM.Collect$$$$00000000                 0x080001f8   Section        0  entry.o(.ARM.Collect$$$$00000000)
    .ARM.Collect$$$$00000001                 0x080001f8   Section        4  entry2.o(.ARM.Collect$$$$00000001)
    .ARM.Collect$$$$00000004                 0x080001fc   Section        4  entry5.o(.ARM.Collect$$$$00000004)
    .ARM.Collect$$$$00000008                 0x08000200   Section        0  entry7b.o(.ARM.Collect$$$$00000008)
    .ARM.Collect$$$$0000000A                 0x08000200   Section        0  entry8b.o(.ARM.Collect$$$$0000000A)
    .ARM.Collect$$$$0000000B                 0x08000200   Section        8  entry9a.o(.ARM.Collect$$$$0000000B)
    .ARM.Collect$$$$0000000D                 0x08000208   Section        0  entry10a.o(.ARM.Collect$$$$0000000D)
    .ARM.Collect$$$$0000000F                 0x08000208   Section        0  entry11a.o(.ARM.Collect$$$$0000000F)
    .ARM.Collect$$$$00002712                 0x08000208   Section        4  entry2.o(.ARM.Collect$$$$00002712)
    __lit__00000000                          0x08000208   Data           4  entry2.o(.ARM.Collect$$$$00002712)
    .text                                    0x0800020c   Section       36  startup_stm32f765xx.o(.text)
    $v0                                      0x0800020c   Number         0  startup_stm32f765xx.o(.text)
    .text                                    0x08000230   Section        0  uldiv.o(.text)
    .text                                    0x08000292   Section        0  memcpya.o(.text)
    .text                                    0x080002b6   Section        0  memseta.o(.text)
    .text                                    0x080002da   Section        0  llshl.o(.text)
    .text                                    0x080002f8   Section        0  llushr.o(.text)
    .text                                    0x08000318   Section       36  init.o(.text)
    .text                                    0x0800033c   Section        0  __dczerorl2.o(.text)
    i.BusFault_Handler                       0x08000392   Section        0  stm32f7xx_it.o(i.BusFault_Handler)
    i.CDC_Control_HS                         0x08000394   Section        0  usbd_cdc_if.o(i.CDC_Control_HS)
    CDC_Control_HS                           0x08000395   Thumb Code     4  usbd_cdc_if.o(i.CDC_Control_HS)
    i.CDC_DeInit_HS                          0x08000398   Section        0  usbd_cdc_if.o(i.CDC_DeInit_HS)
    CDC_DeInit_HS                            0x08000399   Thumb Code     4  usbd_cdc_if.o(i.CDC_DeInit_HS)
    i.CDC_Init_HS                            0x0800039c   Section        0  usbd_cdc_if.o(i.CDC_Init_HS)
    CDC_Init_HS                              0x0800039d   Thumb Code    24  usbd_cdc_if.o(i.CDC_Init_HS)
    i.CDC_Receive_HS                         0x080003c0   Section        0  usbd_cdc_if.o(i.CDC_Receive_HS)
    CDC_Receive_HS                           0x080003c1   Thumb Code    20  usbd_cdc_if.o(i.CDC_Receive_HS)
    i.CDC_TransmitCplt_HS                    0x080003d8   Section        0  usbd_cdc_if.o(i.CDC_TransmitCplt_HS)
    CDC_TransmitCplt_HS                      0x080003d9   Thumb Code     4  usbd_cdc_if.o(i.CDC_TransmitCplt_HS)
    i.DebugMon_Handler                       0x080003dc   Section        0  stm32f7xx_it.o(i.DebugMon_Handler)
    i.Error_Handler                          0x080003de   Section        0  main.o(i.Error_Handler)
    i.HAL_Delay                              0x080003e0   Section        0  stm32f7xx_hal.o(i.HAL_Delay)
    i.HAL_GPIO_Init                          0x08000404   Section        0  stm32f7xx_hal_gpio.o(i.HAL_GPIO_Init)
    i.HAL_GetTick                            0x080005dc   Section        0  stm32f7xx_hal.o(i.HAL_GetTick)
    i.HAL_IncTick                            0x080005e8   Section        0  stm32f7xx_hal.o(i.HAL_IncTick)
    i.HAL_Init                               0x080005f8   Section        0  stm32f7xx_hal.o(i.HAL_Init)
    i.HAL_InitTick                           0x08000610   Section        0  stm32f7xx_hal.o(i.HAL_InitTick)
    i.HAL_MspInit                            0x08000650   Section        0  stm32f7xx_hal_msp.o(i.HAL_MspInit)
    i.HAL_NVIC_EnableIRQ                     0x08000680   Section        0  stm32f7xx_hal_cortex.o(i.HAL_NVIC_EnableIRQ)
    i.HAL_NVIC_SetPriority                   0x0800069c   Section        0  stm32f7xx_hal_cortex.o(i.HAL_NVIC_SetPriority)
    i.HAL_NVIC_SetPriorityGrouping           0x080006dc   Section        0  stm32f7xx_hal_cortex.o(i.HAL_NVIC_SetPriorityGrouping)
    i.HAL_PCDEx_ActivateLPM                  0x08000700   Section        0  stm32f7xx_hal_pcd_ex.o(i.HAL_PCDEx_ActivateLPM)
    i.HAL_PCDEx_LPM_Callback                 0x08000728   Section        0  usbd_conf.o(i.HAL_PCDEx_LPM_Callback)
    i.HAL_PCDEx_SetRxFiFo                    0x08000788   Section        0  stm32f7xx_hal_pcd_ex.o(i.HAL_PCDEx_SetRxFiFo)
    i.HAL_PCDEx_SetTxFiFo                    0x08000790   Section        0  stm32f7xx_hal_pcd_ex.o(i.HAL_PCDEx_SetTxFiFo)
    i.HAL_PCD_ConnectCallback                0x080007d6   Section        0  usbd_conf.o(i.HAL_PCD_ConnectCallback)
    i.HAL_PCD_DataInStageCallback            0x080007de   Section        0  usbd_conf.o(i.HAL_PCD_DataInStageCallback)
    i.HAL_PCD_DataOutStageCallback           0x080007f0   Section        0  usbd_conf.o(i.HAL_PCD_DataOutStageCallback)
    i.HAL_PCD_DisconnectCallback             0x08000804   Section        0  usbd_conf.o(i.HAL_PCD_DisconnectCallback)
    i.HAL_PCD_EP_Close                       0x0800080c   Section        0  stm32f7xx_hal_pcd.o(i.HAL_PCD_EP_Close)
    i.HAL_PCD_EP_ClrStall                    0x08000858   Section        0  stm32f7xx_hal_pcd.o(i.HAL_PCD_EP_ClrStall)
    i.HAL_PCD_EP_GetRxCount                  0x080008b4   Section        0  stm32f7xx_hal_pcd.o(i.HAL_PCD_EP_GetRxCount)
    i.HAL_PCD_EP_Open                        0x080008c6   Section        0  stm32f7xx_hal_pcd.o(i.HAL_PCD_EP_Open)
    i.HAL_PCD_EP_Receive                     0x08000926   Section        0  stm32f7xx_hal_pcd.o(i.HAL_PCD_EP_Receive)
    i.HAL_PCD_EP_SetStall                    0x0800096a   Section        0  stm32f7xx_hal_pcd.o(i.HAL_PCD_EP_SetStall)
    i.HAL_PCD_EP_Transmit                    0x080009de   Section        0  stm32f7xx_hal_pcd.o(i.HAL_PCD_EP_Transmit)
    i.HAL_PCD_IRQHandler                     0x08000a24   Section        0  stm32f7xx_hal_pcd.o(i.HAL_PCD_IRQHandler)
    i.HAL_PCD_ISOINIncompleteCallback        0x08000e98   Section        0  usbd_conf.o(i.HAL_PCD_ISOINIncompleteCallback)
    i.HAL_PCD_ISOOUTIncompleteCallback       0x08000ea0   Section        0  usbd_conf.o(i.HAL_PCD_ISOOUTIncompleteCallback)
    i.HAL_PCD_Init                           0x08000ea8   Section        0  stm32f7xx_hal_pcd.o(i.HAL_PCD_Init)
    i.HAL_PCD_MspInit                        0x08000f9c   Section        0  usbd_conf.o(i.HAL_PCD_MspInit)
    i.HAL_PCD_ResetCallback                  0x08001068   Section        0  usbd_conf.o(i.HAL_PCD_ResetCallback)
    i.HAL_PCD_ResumeCallback                 0x08001094   Section        0  usbd_conf.o(i.HAL_PCD_ResumeCallback)
    i.HAL_PCD_SOFCallback                    0x0800109c   Section        0  usbd_conf.o(i.HAL_PCD_SOFCallback)
    i.HAL_PCD_SetAddress                     0x080010a4   Section        0  stm32f7xx_hal_pcd.o(i.HAL_PCD_SetAddress)
    i.HAL_PCD_SetupStageCallback             0x080010cc   Section        0  usbd_conf.o(i.HAL_PCD_SetupStageCallback)
    i.HAL_PCD_Start                          0x080010da   Section        0  stm32f7xx_hal_pcd.o(i.HAL_PCD_Start)
    i.HAL_PCD_SuspendCallback                0x08001104   Section        0  usbd_conf.o(i.HAL_PCD_SuspendCallback)
    i.HAL_PWREx_EnableOverDrive              0x08001134   Section        0  stm32f7xx_hal_pwr_ex.o(i.HAL_PWREx_EnableOverDrive)
    i.HAL_RCC_ClockConfig                    0x080011a0   Section        0  stm32f7xx_hal_rcc.o(i.HAL_RCC_ClockConfig)
    i.HAL_RCC_GetHCLKFreq                    0x080012d0   Section        0  stm32f7xx_hal_rcc.o(i.HAL_RCC_GetHCLKFreq)
    i.HAL_RCC_GetSysClockFreq                0x080012dc   Section        0  stm32f7xx_hal_rcc.o(i.HAL_RCC_GetSysClockFreq)
    i.HAL_RCC_OscConfig                      0x08001340   Section        0  stm32f7xx_hal_rcc.o(i.HAL_RCC_OscConfig)
    i.HAL_SYSTICK_Config                     0x080016d8   Section        0  stm32f7xx_hal_cortex.o(i.HAL_SYSTICK_Config)
    i.HardFault_Handler                      0x080016fe   Section        0  stm32f7xx_it.o(i.HardFault_Handler)
    i.IntToUnicode                           0x08001700   Section        0  usbd_desc.o(i.IntToUnicode)
    IntToUnicode                             0x08001701   Thumb Code    56  usbd_desc.o(i.IntToUnicode)
    i.MX_GPIO_Init                           0x08001738   Section        0  gpio.o(i.MX_GPIO_Init)
    i.MX_USB_DEVICE_Init                     0x08001784   Section        0  usb_device.o(i.MX_USB_DEVICE_Init)
    i.MemManage_Handler                      0x080017d8   Section        0  stm32f7xx_it.o(i.MemManage_Handler)
    i.NMI_Handler                            0x080017da   Section        0  stm32f7xx_it.o(i.NMI_Handler)
    i.OTG_HS_IRQHandler                      0x080017dc   Section        0  stm32f7xx_it.o(i.OTG_HS_IRQHandler)
    i.PCD_EP_OutXfrComplete_int              0x080017e8   Section        0  stm32f7xx_hal_pcd.o(i.PCD_EP_OutXfrComplete_int)
    PCD_EP_OutXfrComplete_int                0x080017e9   Thumb Code   194  stm32f7xx_hal_pcd.o(i.PCD_EP_OutXfrComplete_int)
    i.PCD_WriteEmptyTxFifo                   0x080018b4   Section        0  stm32f7xx_hal_pcd.o(i.PCD_WriteEmptyTxFifo)
    PCD_WriteEmptyTxFifo                     0x080018b5   Thumb Code   162  stm32f7xx_hal_pcd.o(i.PCD_WriteEmptyTxFifo)
    i.PendSV_Handler                         0x08001956   Section        0  stm32f7xx_it.o(i.PendSV_Handler)
    i.SVC_Handler                            0x08001958   Section        0  stm32f7xx_it.o(i.SVC_Handler)
    i.SWAPBYTE                               0x0800195a   Section        0  usbd_ctlreq.o(i.SWAPBYTE)
    SWAPBYTE                                 0x0800195b   Thumb Code    10  usbd_ctlreq.o(i.SWAPBYTE)
    i.SysTick_Handler                        0x08001964   Section        0  stm32f7xx_it.o(i.SysTick_Handler)
    i.SystemClock_Config                     0x08001968   Section        0  main.o(i.SystemClock_Config)
    i.SystemInit                             0x080019f0   Section        0  system_stm32f7xx.o(i.SystemInit)
    i.USBD_CDC_DataIn                        0x08001a0c   Section        0  usbd_cdc.o(i.USBD_CDC_DataIn)
    USBD_CDC_DataIn                          0x08001a0d   Thumb Code    96  usbd_cdc.o(i.USBD_CDC_DataIn)
    i.USBD_CDC_DataOut                       0x08001a6c   Section        0  usbd_cdc.o(i.USBD_CDC_DataOut)
    USBD_CDC_DataOut                         0x08001a6d   Thumb Code    42  usbd_cdc.o(i.USBD_CDC_DataOut)
    i.USBD_CDC_DeInit                        0x08001a96   Section        0  usbd_cdc.o(i.USBD_CDC_DeInit)
    USBD_CDC_DeInit                          0x08001a97   Thumb Code    74  usbd_cdc.o(i.USBD_CDC_DeInit)
    i.USBD_CDC_EP0_RxReady                   0x08001ae0   Section        0  usbd_cdc.o(i.USBD_CDC_EP0_RxReady)
    USBD_CDC_EP0_RxReady                     0x08001ae1   Thumb Code    36  usbd_cdc.o(i.USBD_CDC_EP0_RxReady)
    i.USBD_CDC_GetDeviceQualifierDescriptor  0x08001b04   Section        0  usbd_cdc.o(i.USBD_CDC_GetDeviceQualifierDescriptor)
    i.USBD_CDC_GetFSCfgDesc                  0x08001b10   Section        0  usbd_cdc.o(i.USBD_CDC_GetFSCfgDesc)
    USBD_CDC_GetFSCfgDesc                    0x08001b11   Thumb Code     8  usbd_cdc.o(i.USBD_CDC_GetFSCfgDesc)
    i.USBD_CDC_GetHSCfgDesc                  0x08001b1c   Section        0  usbd_cdc.o(i.USBD_CDC_GetHSCfgDesc)
    USBD_CDC_GetHSCfgDesc                    0x08001b1d   Thumb Code     8  usbd_cdc.o(i.USBD_CDC_GetHSCfgDesc)
    i.USBD_CDC_GetOtherSpeedCfgDesc          0x08001b28   Section        0  usbd_cdc.o(i.USBD_CDC_GetOtherSpeedCfgDesc)
    USBD_CDC_GetOtherSpeedCfgDesc            0x08001b29   Thumb Code     8  usbd_cdc.o(i.USBD_CDC_GetOtherSpeedCfgDesc)
    i.USBD_CDC_Init                          0x08001b34   Section        0  usbd_cdc.o(i.USBD_CDC_Init)
    USBD_CDC_Init                            0x08001b35   Thumb Code   162  usbd_cdc.o(i.USBD_CDC_Init)
    i.USBD_CDC_ReceivePacket                 0x08001bd6   Section        0  usbd_cdc.o(i.USBD_CDC_ReceivePacket)
    i.USBD_CDC_RegisterInterface             0x08001bfe   Section        0  usbd_cdc.o(i.USBD_CDC_RegisterInterface)
    i.USBD_CDC_SetRxBuffer                   0x08001c0c   Section        0  usbd_cdc.o(i.USBD_CDC_SetRxBuffer)
    i.USBD_CDC_SetTxBuffer                   0x08001c18   Section        0  usbd_cdc.o(i.USBD_CDC_SetTxBuffer)
    i.USBD_CDC_Setup                         0x08001c28   Section        0  usbd_cdc.o(i.USBD_CDC_Setup)
    USBD_CDC_Setup                           0x08001c29   Thumb Code   178  usbd_cdc.o(i.USBD_CDC_Setup)
    i.USBD_ClrClassConfig                    0x08001cda   Section        0  usbd_core.o(i.USBD_ClrClassConfig)
    i.USBD_CtlContinueRx                     0x08001cea   Section        0  usbd_ioreq.o(i.USBD_CtlContinueRx)
    i.USBD_CtlContinueSendData               0x08001cfa   Section        0  usbd_ioreq.o(i.USBD_CtlContinueSendData)
    i.USBD_CtlError                          0x08001d0a   Section        0  usbd_ctlreq.o(i.USBD_CtlError)
    i.USBD_CtlPrepareRx                      0x08001d20   Section        0  usbd_ioreq.o(i.USBD_CtlPrepareRx)
    i.USBD_CtlReceiveStatus                  0x08001d3e   Section        0  usbd_ioreq.o(i.USBD_CtlReceiveStatus)
    i.USBD_CtlSendData                       0x08001d54   Section        0  usbd_ioreq.o(i.USBD_CtlSendData)
    i.USBD_CtlSendStatus                     0x08001d6e   Section        0  usbd_ioreq.o(i.USBD_CtlSendStatus)
    i.USBD_GetDescriptor                     0x08001d84   Section        0  usbd_ctlreq.o(i.USBD_GetDescriptor)
    USBD_GetDescriptor                       0x08001d85   Thumb Code   250  usbd_ctlreq.o(i.USBD_GetDescriptor)
    i.USBD_GetString                         0x08001e7e   Section        0  usbd_ctlreq.o(i.USBD_GetString)
    i.USBD_Get_USB_Status                    0x08001ec8   Section        0  usbd_conf.o(i.USBD_Get_USB_Status)
    i.USBD_HS_ConfigStrDescriptor            0x08001ee0   Section        0  usbd_desc.o(i.USBD_HS_ConfigStrDescriptor)
    i.USBD_HS_DeviceDescriptor               0x08001f00   Section        0  usbd_desc.o(i.USBD_HS_DeviceDescriptor)
    i.USBD_HS_InterfaceStrDescriptor         0x08001f0c   Section        0  usbd_desc.o(i.USBD_HS_InterfaceStrDescriptor)
    i.USBD_HS_LangIDStrDescriptor            0x08001f30   Section        0  usbd_desc.o(i.USBD_HS_LangIDStrDescriptor)
    i.USBD_HS_ManufacturerStrDescriptor      0x08001f3c   Section        0  usbd_desc.o(i.USBD_HS_ManufacturerStrDescriptor)
    i.USBD_HS_ProductStrDescriptor           0x08001f64   Section        0  usbd_desc.o(i.USBD_HS_ProductStrDescriptor)
    i.USBD_HS_SerialStrDescriptor            0x08001f90   Section        0  usbd_desc.o(i.USBD_HS_SerialStrDescriptor)
    i.USBD_HS_USR_BOSDescriptor              0x08001fcc   Section        0  usbd_desc.o(i.USBD_HS_USR_BOSDescriptor)
    i.USBD_Init                              0x08001fd8   Section        0  usbd_core.o(i.USBD_Init)
    i.USBD_LL_ClearStallEP                   0x0800200c   Section        0  usbd_conf.o(i.USBD_LL_ClearStallEP)
    i.USBD_LL_CloseEP                        0x0800201e   Section        0  usbd_conf.o(i.USBD_LL_CloseEP)
    i.USBD_LL_DataInStage                    0x08002030   Section        0  usbd_core.o(i.USBD_LL_DataInStage)
    i.USBD_LL_DataOutStage                   0x080020da   Section        0  usbd_core.o(i.USBD_LL_DataOutStage)
    i.USBD_LL_DevConnected                   0x08002148   Section        0  usbd_core.o(i.USBD_LL_DevConnected)
    i.USBD_LL_DevDisconnected                0x0800214c   Section        0  usbd_core.o(i.USBD_LL_DevDisconnected)
    i.USBD_LL_GetRxDataSize                  0x08002166   Section        0  usbd_conf.o(i.USBD_LL_GetRxDataSize)
    i.USBD_LL_Init                           0x08002170   Section        0  usbd_conf.o(i.USBD_LL_Init)
    i.USBD_LL_IsStallEP                      0x080021d8   Section        0  usbd_conf.o(i.USBD_LL_IsStallEP)
    i.USBD_LL_IsoINIncomplete                0x080021f8   Section        0  usbd_core.o(i.USBD_LL_IsoINIncomplete)
    i.USBD_LL_IsoOUTIncomplete               0x080021fc   Section        0  usbd_core.o(i.USBD_LL_IsoOUTIncomplete)
    i.USBD_LL_OpenEP                         0x08002200   Section        0  usbd_conf.o(i.USBD_LL_OpenEP)
    i.USBD_LL_PrepareReceive                 0x08002218   Section        0  usbd_conf.o(i.USBD_LL_PrepareReceive)
    i.USBD_LL_Reset                          0x0800222a   Section        0  usbd_core.o(i.USBD_LL_Reset)
    i.USBD_LL_Resume                         0x0800227c   Section        0  usbd_core.o(i.USBD_LL_Resume)
    i.USBD_LL_SOF                            0x08002290   Section        0  usbd_core.o(i.USBD_LL_SOF)
    i.USBD_LL_SetSpeed                       0x080022a8   Section        0  usbd_core.o(i.USBD_LL_SetSpeed)
    i.USBD_LL_SetUSBAddress                  0x080022ae   Section        0  usbd_conf.o(i.USBD_LL_SetUSBAddress)
    i.USBD_LL_SetupStage                     0x080022c0   Section        0  usbd_core.o(i.USBD_LL_SetupStage)
    i.USBD_LL_StallEP                        0x0800231c   Section        0  usbd_conf.o(i.USBD_LL_StallEP)
    i.USBD_LL_Start                          0x0800232e   Section        0  usbd_conf.o(i.USBD_LL_Start)
    i.USBD_LL_Suspend                        0x08002340   Section        0  usbd_core.o(i.USBD_LL_Suspend)
    i.USBD_LL_Transmit                       0x08002352   Section        0  usbd_conf.o(i.USBD_LL_Transmit)
    i.USBD_ParseSetupRequest                 0x08002364   Section        0  usbd_ctlreq.o(i.USBD_ParseSetupRequest)
    i.USBD_RegisterClass                     0x0800238e   Section        0  usbd_core.o(i.USBD_RegisterClass)
    i.USBD_SetClassConfig                    0x080023b0   Section        0  usbd_core.o(i.USBD_SetClassConfig)
    i.USBD_SetConfig                         0x080023c4   Section        0  usbd_ctlreq.o(i.USBD_SetConfig)
    USBD_SetConfig                           0x080023c5   Thumb Code   184  usbd_ctlreq.o(i.USBD_SetConfig)
    i.USBD_Start                             0x08002480   Section        0  usbd_core.o(i.USBD_Start)
    i.USBD_StdDevReq                         0x08002484   Section        0  usbd_ctlreq.o(i.USBD_StdDevReq)
    i.USBD_StdEPReq                          0x0800259a   Section        0  usbd_ctlreq.o(i.USBD_StdEPReq)
    i.USBD_StdItfReq                         0x080026e6   Section        0  usbd_ctlreq.o(i.USBD_StdItfReq)
    i.USB_ActivateEndpoint                   0x0800273c   Section        0  stm32f7xx_ll_usb.o(i.USB_ActivateEndpoint)
    i.USB_ActivateSetup                      0x080027bc   Section        0  stm32f7xx_ll_usb.o(i.USB_ActivateSetup)
    i.USB_CoreInit                           0x080027d8   Section        0  stm32f7xx_ll_usb.o(i.USB_CoreInit)
    i.USB_CoreReset                          0x08002844   Section        0  stm32f7xx_ll_usb.o(i.USB_CoreReset)
    USB_CoreReset                            0x08002845   Thumb Code    50  stm32f7xx_ll_usb.o(i.USB_CoreReset)
    i.USB_DeactivateEndpoint                 0x0800287c   Section        0  stm32f7xx_ll_usb.o(i.USB_DeactivateEndpoint)
    i.USB_DevConnect                         0x08002948   Section        0  stm32f7xx_ll_usb.o(i.USB_DevConnect)
    i.USB_DevDisconnect                      0x08002960   Section        0  stm32f7xx_ll_usb.o(i.USB_DevDisconnect)
    i.USB_DevInit                            0x08002978   Section        0  stm32f7xx_ll_usb.o(i.USB_DevInit)
    i.USB_DisableGlobalInt                   0x08002af4   Section        0  stm32f7xx_ll_usb.o(i.USB_DisableGlobalInt)
    i.USB_EP0StartXfer                       0x08002b00   Section        0  stm32f7xx_ll_usb.o(i.USB_EP0StartXfer)
    i.USB_EP0_OutStart                       0x08002c1c   Section        0  stm32f7xx_ll_usb.o(i.USB_EP0_OutStart)
    i.USB_EPClearStall                       0x08002c74   Section        0  stm32f7xx_ll_usb.o(i.USB_EPClearStall)
    i.USB_EPSetStall                         0x08002ccc   Section        0  stm32f7xx_ll_usb.o(i.USB_EPSetStall)
    i.USB_EPStartXfer                        0x08002d24   Section        0  stm32f7xx_ll_usb.o(i.USB_EPStartXfer)
    i.USB_EnableGlobalInt                    0x08002f0c   Section        0  stm32f7xx_ll_usb.o(i.USB_EnableGlobalInt)
    i.USB_FlushRxFifo                        0x08002f18   Section        0  stm32f7xx_ll_usb.o(i.USB_FlushRxFifo)
    i.USB_FlushTxFifo                        0x08002f38   Section        0  stm32f7xx_ll_usb.o(i.USB_FlushTxFifo)
    i.USB_GetDevSpeed                        0x08002f5c   Section        0  stm32f7xx_ll_usb.o(i.USB_GetDevSpeed)
    i.USB_GetMode                            0x08002f76   Section        0  stm32f7xx_ll_usb.o(i.USB_GetMode)
    i.USB_ReadDevAllInEpInterrupt            0x08002f7e   Section        0  stm32f7xx_ll_usb.o(i.USB_ReadDevAllInEpInterrupt)
    i.USB_ReadDevAllOutEpInterrupt           0x08002f8c   Section        0  stm32f7xx_ll_usb.o(i.USB_ReadDevAllOutEpInterrupt)
    i.USB_ReadDevInEPInterrupt               0x08002f9a   Section        0  stm32f7xx_ll_usb.o(i.USB_ReadDevInEPInterrupt)
    i.USB_ReadDevOutEPInterrupt              0x08002fbe   Section        0  stm32f7xx_ll_usb.o(i.USB_ReadDevOutEPInterrupt)
    i.USB_ReadInterrupts                     0x08002fce   Section        0  stm32f7xx_ll_usb.o(i.USB_ReadInterrupts)
    i.USB_ReadPacket                         0x08002fd6   Section        0  stm32f7xx_ll_usb.o(i.USB_ReadPacket)
    i.USB_SetCurrentMode                     0x08002ff2   Section        0  stm32f7xx_ll_usb.o(i.USB_SetCurrentMode)
    i.USB_SetDevAddress                      0x08003020   Section        0  stm32f7xx_ll_usb.o(i.USB_SetDevAddress)
    i.USB_SetTurnaroundTime                  0x08003044   Section        0  stm32f7xx_ll_usb.o(i.USB_SetTurnaroundTime)
    i.USB_WritePacket                        0x0800312c   Section        0  stm32f7xx_ll_usb.o(i.USB_WritePacket)
    i.UsageFault_Handler                     0x08003150   Section        0  stm32f7xx_it.o(i.UsageFault_Handler)
    i.__NVIC_SetPriority                     0x08003152   Section        0  stm32f7xx_hal_cortex.o(i.__NVIC_SetPriority)
    __NVIC_SetPriority                       0x08003153   Thumb Code    34  stm32f7xx_hal_cortex.o(i.__NVIC_SetPriority)
    i.__scatterload_copy                     0x08003174   Section       14  handlers.o(i.__scatterload_copy)
    i.__scatterload_null                     0x08003182   Section        2  handlers.o(i.__scatterload_null)
    i.__scatterload_zeroinit                 0x08003184   Section       14  handlers.o(i.__scatterload_zeroinit)
    i.free                                   0x08003194   Section        0  malloc.o(i.free)
    i.main                                   0x080031e4   Section        0  main.o(i.main)
    i.malloc                                 0x080031f8   Section        0  malloc.o(i.malloc)
    .constdata                               0x08003264   Section       16  system_stm32f7xx.o(.constdata)
    .data                                    0x20000000   Section       32  usbd_desc.o(.data)
    .data                                    0x20000020   Section       62  usbd_desc.o(.data)
    .data                                    0x20000060   Section       20  usbd_cdc_if.o(.data)
    .data                                    0x20000074   Section       12  stm32f7xx_hal.o(.data)
    .data                                    0x20000080   Section        4  system_stm32f7xx.o(.data)
    .data                                    0x20000084   Section        1  usbd_ctlreq.o(.data)
    cfgidx                                   0x20000084   Data           1  usbd_ctlreq.o(.data)
    .data                                    0x20000088   Section      215  usbd_cdc.o(.data)
    USBD_CDC_DeviceQualifierDesc             0x20000088   Data          10  usbd_cdc.o(.data)
    USBD_CDC_CfgHSDesc                       0x20000094   Data          67  usbd_cdc.o(.data)
    USBD_CDC_CfgFSDesc                       0x200000d8   Data          67  usbd_cdc.o(.data)
    USBD_CDC_OtherSpeedCfgDesc               0x2000011c   Data          67  usbd_cdc.o(.data)
    .data                                    0x20000160   Section       56  usbd_cdc.o(.data)
    .data                                    0x20000198   Section        4  mvars.o(.data)
    .data                                    0x2000019c   Section        4  mvars.o(.data)
    .bss                                     0x200001a0   Section      720  usb_device.o(.bss)
    .bss                                     0x20000470   Section     1028  usbd_conf.o(.bss)
    .bss                                     0x20000874   Section      512  usbd_desc.o(.bss)
    .bss                                     0x20000a74   Section     4096  usbd_cdc_if.o(.bss)
    HEAP                                     0x20001a78   Section      512  startup_stm32f765xx.o(HEAP)
    STACK                                    0x20001c78   Section     1024  startup_stm32f765xx.o(STACK)

    Global Symbols

    Symbol Name                              Value     Ov Type        Size  Object(Section)

    BuildAttributes$$THM_ISAv4$E$P$D$K$B$S$7EM$VFPv5_D16$PE$PLD8$A:L22UL41UL21$X:L11$S22US41US21$IEEE1$IW$USESV6$~STKCKD$USESV7$~SHL$OSPACE$EBA8$MICROLIB$REQ8$PRES8$EABIv2 0x00000000   Number         0  anon$$obj.o ABSOLUTE
    __ARM_use_no_argv                        0x00000000   Number         0  main.o ABSOLUTE
    __cpp_initialize__aeabi_                  - Undefined Weak Reference
    __cxa_finalize                            - Undefined Weak Reference
    _clock_init                               - Undefined Weak Reference
    _microlib_exit                            - Undefined Weak Reference
    __Vectors_Size                           0x000001f8   Number         0  startup_stm32f765xx.o ABSOLUTE
    __Vectors                                0x08000000   Data           4  startup_stm32f765xx.o(RESET)
    __Vectors_End                            0x080001f8   Data           0  startup_stm32f765xx.o(RESET)
    __main                                   0x080001f9   Thumb Code     0  entry.o(.ARM.Collect$$$$00000000)
    _main_stk                                0x080001f9   Thumb Code     0  entry2.o(.ARM.Collect$$$$00000001)
    _main_scatterload                        0x080001fd   Thumb Code     0  entry5.o(.ARM.Collect$$$$00000004)
    __main_after_scatterload                 0x08000201   Thumb Code     0  entry5.o(.ARM.Collect$$$$00000004)
    _main_clock                              0x08000201   Thumb Code     0  entry7b.o(.ARM.Collect$$$$00000008)
    _main_cpp_init                           0x08000201   Thumb Code     0  entry8b.o(.ARM.Collect$$$$0000000A)
    _main_init                               0x08000201   Thumb Code     0  entry9a.o(.ARM.Collect$$$$0000000B)
    __rt_final_cpp                           0x08000209   Thumb Code     0  entry10a.o(.ARM.Collect$$$$0000000D)
    __rt_final_exit                          0x08000209   Thumb Code     0  entry11a.o(.ARM.Collect$$$$0000000F)
    Reset_Handler                            0x0800020d   Thumb Code     8  startup_stm32f765xx.o(.text)
    ADC_IRQHandler                           0x08000227   Thumb Code     0  startup_stm32f765xx.o(.text)
    CAN1_RX0_IRQHandler                      0x08000227   Thumb Code     0  startup_stm32f765xx.o(.text)
    CAN1_RX1_IRQHandler                      0x08000227   Thumb Code     0  startup_stm32f765xx.o(.text)
    CAN1_SCE_IRQHandler                      0x08000227   Thumb Code     0  startup_stm32f765xx.o(.text)
    CAN1_TX_IRQHandler                       0x08000227   Thumb Code     0  startup_stm32f765xx.o(.text)
    CAN2_RX0_IRQHandler                      0x08000227   Thumb Code     0  startup_stm32f765xx.o(.text)
    CAN2_RX1_IRQHandler                      0x08000227   Thumb Code     0  startup_stm32f765xx.o(.text)
    CAN2_SCE_IRQHandler                      0x08000227   Thumb Code     0  startup_stm32f765xx.o(.text)
    CAN2_TX_IRQHandler                       0x08000227   Thumb Code     0  startup_stm32f765xx.o(.text)
    CAN3_RX0_IRQHandler                      0x08000227   Thumb Code     0  startup_stm32f765xx.o(.text)
    CAN3_RX1_IRQHandler                      0x08000227   Thumb Code     0  startup_stm32f765xx.o(.text)
    CAN3_SCE_IRQHandler                      0x08000227   Thumb Code     0  startup_stm32f765xx.o(.text)
    CAN3_TX_IRQHandler                       0x08000227   Thumb Code     0  startup_stm32f765xx.o(.text)
    CEC_IRQHandler                           0x08000227   Thumb Code     0  startup_stm32f765xx.o(.text)
    DCMI_IRQHandler                          0x08000227   Thumb Code     0  startup_stm32f765xx.o(.text)
    DFSDM1_FLT0_IRQHandler                   0x08000227   Thumb Code     0  startup_stm32f765xx.o(.text)
    DFSDM1_FLT1_IRQHandler                   0x08000227   Thumb Code     0  startup_stm32f765xx.o(.text)
    DFSDM1_FLT2_IRQHandler                   0x08000227   Thumb Code     0  startup_stm32f765xx.o(.text)
    DFSDM1_FLT3_IRQHandler                   0x08000227   Thumb Code     0  startup_stm32f765xx.o(.text)
    DMA1_Stream0_IRQHandler                  0x08000227   Thumb Code     0  startup_stm32f765xx.o(.text)
    DMA1_Stream1_IRQHandler                  0x08000227   Thumb Code     0  startup_stm32f765xx.o(.text)
    DMA1_Stream2_IRQHandler                  0x08000227   Thumb Code     0  startup_stm32f765xx.o(.text)
    DMA1_Stream3_IRQHandler                  0x08000227   Thumb Code     0  startup_stm32f765xx.o(.text)
    DMA1_Stream4_IRQHandler                  0x08000227   Thumb Code     0  startup_stm32f765xx.o(.text)
    DMA1_Stream5_IRQHandler                  0x08000227   Thumb Code     0  startup_stm32f765xx.o(.text)
    DMA1_Stream6_IRQHandler                  0x08000227   Thumb Code     0  startup_stm32f765xx.o(.text)
    DMA1_Stream7_IRQHandler                  0x08000227   Thumb Code     0  startup_stm32f765xx.o(.text)
    DMA2D_IRQHandler                         0x08000227   Thumb Code     0  startup_stm32f765xx.o(.text)
    DMA2_Stream0_IRQHandler                  0x08000227   Thumb Code     0  startup_stm32f765xx.o(.text)
    DMA2_Stream1_IRQHandler                  0x08000227   Thumb Code     0  startup_stm32f765xx.o(.text)
    DMA2_Stream2_IRQHandler                  0x08000227   Thumb Code     0  startup_stm32f765xx.o(.text)
    DMA2_Stream3_IRQHandler                  0x08000227   Thumb Code     0  startup_stm32f765xx.o(.text)
    DMA2_Stream4_IRQHandler                  0x08000227   Thumb Code     0  startup_stm32f765xx.o(.text)
    DMA2_Stream5_IRQHandler                  0x08000227   Thumb Code     0  startup_stm32f765xx.o(.text)
    DMA2_Stream6_IRQHandler                  0x08000227   Thumb Code     0  startup_stm32f765xx.o(.text)
    DMA2_Stream7_IRQHandler                  0x08000227   Thumb Code     0  startup_stm32f765xx.o(.text)
    ETH_IRQHandler                           0x08000227   Thumb Code     0  startup_stm32f765xx.o(.text)
    ETH_WKUP_IRQHandler                      0x08000227   Thumb Code     0  startup_stm32f765xx.o(.text)
    EXTI0_IRQHandler                         0x08000227   Thumb Code     0  startup_stm32f765xx.o(.text)
    EXTI15_10_IRQHandler                     0x08000227   Thumb Code     0  startup_stm32f765xx.o(.text)
    EXTI1_IRQHandler                         0x08000227   Thumb Code     0  startup_stm32f765xx.o(.text)
    EXTI2_IRQHandler                         0x08000227   Thumb Code     0  startup_stm32f765xx.o(.text)
    EXTI3_IRQHandler                         0x08000227   Thumb Code     0  startup_stm32f765xx.o(.text)
    EXTI4_IRQHandler                         0x08000227   Thumb Code     0  startup_stm32f765xx.o(.text)
    EXTI9_5_IRQHandler                       0x08000227   Thumb Code     0  startup_stm32f765xx.o(.text)
    FLASH_IRQHandler                         0x08000227   Thumb Code     0  startup_stm32f765xx.o(.text)
    FMC_IRQHandler                           0x08000227   Thumb Code     0  startup_stm32f765xx.o(.text)
    FPU_IRQHandler                           0x08000227   Thumb Code     0  startup_stm32f765xx.o(.text)
    I2C1_ER_IRQHandler                       0x08000227   Thumb Code     0  startup_stm32f765xx.o(.text)
    I2C1_EV_IRQHandler                       0x08000227   Thumb Code     0  startup_stm32f765xx.o(.text)
    I2C2_ER_IRQHandler                       0x08000227   Thumb Code     0  startup_stm32f765xx.o(.text)
    I2C2_EV_IRQHandler                       0x08000227   Thumb Code     0  startup_stm32f765xx.o(.text)
    I2C3_ER_IRQHandler                       0x08000227   Thumb Code     0  startup_stm32f765xx.o(.text)
    I2C3_EV_IRQHandler                       0x08000227   Thumb Code     0  startup_stm32f765xx.o(.text)
    I2C4_ER_IRQHandler                       0x08000227   Thumb Code     0  startup_stm32f765xx.o(.text)
    I2C4_EV_IRQHandler                       0x08000227   Thumb Code     0  startup_stm32f765xx.o(.text)
    LPTIM1_IRQHandler                        0x08000227   Thumb Code     0  startup_stm32f765xx.o(.text)
    MDIOS_IRQHandler                         0x08000227   Thumb Code     0  startup_stm32f765xx.o(.text)
    OTG_FS_IRQHandler                        0x08000227   Thumb Code     0  startup_stm32f765xx.o(.text)
    OTG_FS_WKUP_IRQHandler                   0x08000227   Thumb Code     0  startup_stm32f765xx.o(.text)
    OTG_HS_EP1_IN_IRQHandler                 0x08000227   Thumb Code     0  startup_stm32f765xx.o(.text)
    OTG_HS_EP1_OUT_IRQHandler                0x08000227   Thumb Code     0  startup_stm32f765xx.o(.text)
    OTG_HS_WKUP_IRQHandler                   0x08000227   Thumb Code     0  startup_stm32f765xx.o(.text)
    PVD_IRQHandler                           0x08000227   Thumb Code     0  startup_stm32f765xx.o(.text)
    QUADSPI_IRQHandler                       0x08000227   Thumb Code     0  startup_stm32f765xx.o(.text)
    RCC_IRQHandler                           0x08000227   Thumb Code     0  startup_stm32f765xx.o(.text)
    RNG_IRQHandler                           0x08000227   Thumb Code     0  startup_stm32f765xx.o(.text)
    RTC_Alarm_IRQHandler                     0x08000227   Thumb Code     0  startup_stm32f765xx.o(.text)
    RTC_WKUP_IRQHandler                      0x08000227   Thumb Code     0  startup_stm32f765xx.o(.text)
    SAI1_IRQHandler                          0x08000227   Thumb Code     0  startup_stm32f765xx.o(.text)
    SAI2_IRQHandler                          0x08000227   Thumb Code     0  startup_stm32f765xx.o(.text)
    SDMMC1_IRQHandler                        0x08000227   Thumb Code     0  startup_stm32f765xx.o(.text)
    SDMMC2_IRQHandler                        0x08000227   Thumb Code     0  startup_stm32f765xx.o(.text)
    SPDIF_RX_IRQHandler                      0x08000227   Thumb Code     0  startup_stm32f765xx.o(.text)
    SPI1_IRQHandler                          0x08000227   Thumb Code     0  startup_stm32f765xx.o(.text)
    SPI2_IRQHandler                          0x08000227   Thumb Code     0  startup_stm32f765xx.o(.text)
    SPI3_IRQHandler                          0x08000227   Thumb Code     0  startup_stm32f765xx.o(.text)
    SPI4_IRQHandler                          0x08000227   Thumb Code     0  startup_stm32f765xx.o(.text)
    SPI5_IRQHandler                          0x08000227   Thumb Code     0  startup_stm32f765xx.o(.text)
    SPI6_IRQHandler                          0x08000227   Thumb Code     0  startup_stm32f765xx.o(.text)
    TAMP_STAMP_IRQHandler                    0x08000227   Thumb Code     0  startup_stm32f765xx.o(.text)
    TIM1_BRK_TIM9_IRQHandler                 0x08000227   Thumb Code     0  startup_stm32f765xx.o(.text)
    TIM1_CC_IRQHandler                       0x08000227   Thumb Code     0  startup_stm32f765xx.o(.text)
    TIM1_TRG_COM_TIM11_IRQHandler            0x08000227   Thumb Code     0  startup_stm32f765xx.o(.text)
    TIM1_UP_TIM10_IRQHandler                 0x08000227   Thumb Code     0  startup_stm32f765xx.o(.text)
    TIM2_IRQHandler                          0x08000227   Thumb Code     0  startup_stm32f765xx.o(.text)
    TIM3_IRQHandler                          0x08000227   Thumb Code     0  startup_stm32f765xx.o(.text)
    TIM4_IRQHandler                          0x08000227   Thumb Code     0  startup_stm32f765xx.o(.text)
    TIM5_IRQHandler                          0x08000227   Thumb Code     0  startup_stm32f765xx.o(.text)
    TIM6_DAC_IRQHandler                      0x08000227   Thumb Code     0  startup_stm32f765xx.o(.text)
    TIM7_IRQHandler                          0x08000227   Thumb Code     0  startup_stm32f765xx.o(.text)
    TIM8_BRK_TIM12_IRQHandler                0x08000227   Thumb Code     0  startup_stm32f765xx.o(.text)
    TIM8_CC_IRQHandler                       0x08000227   Thumb Code     0  startup_stm32f765xx.o(.text)
    TIM8_TRG_COM_TIM14_IRQHandler            0x08000227   Thumb Code     0  startup_stm32f765xx.o(.text)
    TIM8_UP_TIM13_IRQHandler                 0x08000227   Thumb Code     0  startup_stm32f765xx.o(.text)
    UART4_IRQHandler                         0x08000227   Thumb Code     0  startup_stm32f765xx.o(.text)
    UART5_IRQHandler                         0x08000227   Thumb Code     0  startup_stm32f765xx.o(.text)
    UART7_IRQHandler                         0x08000227   Thumb Code     0  startup_stm32f765xx.o(.text)
    UART8_IRQHandler                         0x08000227   Thumb Code     0  startup_stm32f765xx.o(.text)
    USART1_IRQHandler                        0x08000227   Thumb Code     0  startup_stm32f765xx.o(.text)
    USART2_IRQHandler                        0x08000227   Thumb Code     0  startup_stm32f765xx.o(.text)
    USART3_IRQHandler                        0x08000227   Thumb Code     0  startup_stm32f765xx.o(.text)
    USART6_IRQHandler                        0x08000227   Thumb Code     0  startup_stm32f765xx.o(.text)
    WWDG_IRQHandler                          0x08000227   Thumb Code     0  startup_stm32f765xx.o(.text)
    __aeabi_uldivmod                         0x08000231   Thumb Code    98  uldiv.o(.text)
    __aeabi_memcpy                           0x08000293   Thumb Code    36  memcpya.o(.text)
    __aeabi_memcpy4                          0x08000293   Thumb Code     0  memcpya.o(.text)
    __aeabi_memcpy8                          0x08000293   Thumb Code     0  memcpya.o(.text)
    __aeabi_memset                           0x080002b7   Thumb Code    14  memseta.o(.text)
    __aeabi_memset4                          0x080002b7   Thumb Code     0  memseta.o(.text)
    __aeabi_memset8                          0x080002b7   Thumb Code     0  memseta.o(.text)
    __aeabi_memclr                           0x080002c5   Thumb Code     4  memseta.o(.text)
    __aeabi_memclr4                          0x080002c5   Thumb Code     0  memseta.o(.text)
    __aeabi_memclr8                          0x080002c5   Thumb Code     0  memseta.o(.text)
    _memset$wrapper                          0x080002c9   Thumb Code    18  memseta.o(.text)
    __aeabi_llsl                             0x080002db   Thumb Code    30  llshl.o(.text)
    _ll_shift_l                              0x080002db   Thumb Code     0  llshl.o(.text)
    __aeabi_llsr                             0x080002f9   Thumb Code    32  llushr.o(.text)
    _ll_ushift_r                             0x080002f9   Thumb Code     0  llushr.o(.text)
    __scatterload                            0x08000319   Thumb Code    28  init.o(.text)
    __scatterload_rt2                        0x08000319   Thumb Code     0  init.o(.text)
    __decompress                             0x0800033d   Thumb Code     0  __dczerorl2.o(.text)
    __decompress1                            0x0800033d   Thumb Code    86  __dczerorl2.o(.text)
    BusFault_Handler                         0x08000393   Thumb Code     2  stm32f7xx_it.o(i.BusFault_Handler)
    DebugMon_Handler                         0x080003dd   Thumb Code     2  stm32f7xx_it.o(i.DebugMon_Handler)
    Error_Handler                            0x080003df   Thumb Code     2  main.o(i.Error_Handler)
    HAL_Delay                                0x080003e1   Thumb Code    32  stm32f7xx_hal.o(i.HAL_Delay)
    HAL_GPIO_Init                            0x08000405   Thumb Code   420  stm32f7xx_hal_gpio.o(i.HAL_GPIO_Init)
    HAL_GetTick                              0x080005dd   Thumb Code     6  stm32f7xx_hal.o(i.HAL_GetTick)
    HAL_IncTick                              0x080005e9   Thumb Code    12  stm32f7xx_hal.o(i.HAL_IncTick)
    HAL_Init                                 0x080005f9   Thumb Code    22  stm32f7xx_hal.o(i.HAL_Init)
    HAL_InitTick                             0x08000611   Thumb Code    54  stm32f7xx_hal.o(i.HAL_InitTick)
    HAL_MspInit                              0x08000651   Thumb Code    42  stm32f7xx_hal_msp.o(i.HAL_MspInit)
    HAL_NVIC_EnableIRQ                       0x08000681   Thumb Code    26  stm32f7xx_hal_cortex.o(i.HAL_NVIC_EnableIRQ)
    HAL_NVIC_SetPriority                     0x0800069d   Thumb Code    60  stm32f7xx_hal_cortex.o(i.HAL_NVIC_SetPriority)
    HAL_NVIC_SetPriorityGrouping             0x080006dd   Thumb Code    28  stm32f7xx_hal_cortex.o(i.HAL_NVIC_SetPriorityGrouping)
    HAL_PCDEx_ActivateLPM                    0x08000701   Thumb Code    34  stm32f7xx_hal_pcd_ex.o(i.HAL_PCDEx_ActivateLPM)
    HAL_PCDEx_LPM_Callback                   0x08000729   Thumb Code    92  usbd_conf.o(i.HAL_PCDEx_LPM_Callback)
    HAL_PCDEx_SetRxFiFo                      0x08000789   Thumb Code     8  stm32f7xx_hal_pcd_ex.o(i.HAL_PCDEx_SetRxFiFo)
    HAL_PCDEx_SetTxFiFo                      0x08000791   Thumb Code    70  stm32f7xx_hal_pcd_ex.o(i.HAL_PCDEx_SetTxFiFo)
    HAL_PCD_ConnectCallback                  0x080007d7   Thumb Code     8  usbd_conf.o(i.HAL_PCD_ConnectCallback)
    HAL_PCD_DataInStageCallback              0x080007df   Thumb Code    18  usbd_conf.o(i.HAL_PCD_DataInStageCallback)
    HAL_PCD_DataOutStageCallback             0x080007f1   Thumb Code    20  usbd_conf.o(i.HAL_PCD_DataOutStageCallback)
    HAL_PCD_DisconnectCallback               0x08000805   Thumb Code     8  usbd_conf.o(i.HAL_PCD_DisconnectCallback)
    HAL_PCD_EP_Close                         0x0800080d   Thumb Code    76  stm32f7xx_hal_pcd.o(i.HAL_PCD_EP_Close)
    HAL_PCD_EP_ClrStall                      0x08000859   Thumb Code    92  stm32f7xx_hal_pcd.o(i.HAL_PCD_EP_ClrStall)
    HAL_PCD_EP_GetRxCount                    0x080008b5   Thumb Code    18  stm32f7xx_hal_pcd.o(i.HAL_PCD_EP_GetRxCount)
    HAL_PCD_EP_Open                          0x080008c7   Thumb Code    96  stm32f7xx_hal_pcd.o(i.HAL_PCD_EP_Open)
    HAL_PCD_EP_Receive                       0x08000927   Thumb Code    68  stm32f7xx_hal_pcd.o(i.HAL_PCD_EP_Receive)
    HAL_PCD_EP_SetStall                      0x0800096b   Thumb Code   116  stm32f7xx_hal_pcd.o(i.HAL_PCD_EP_SetStall)
    HAL_PCD_EP_Transmit                      0x080009df   Thumb Code    68  stm32f7xx_hal_pcd.o(i.HAL_PCD_EP_Transmit)
    HAL_PCD_IRQHandler                       0x08000a25   Thumb Code  1134  stm32f7xx_hal_pcd.o(i.HAL_PCD_IRQHandler)
    HAL_PCD_ISOINIncompleteCallback          0x08000e99   Thumb Code     8  usbd_conf.o(i.HAL_PCD_ISOINIncompleteCallback)
    HAL_PCD_ISOOUTIncompleteCallback         0x08000ea1   Thumb Code     8  usbd_conf.o(i.HAL_PCD_ISOOUTIncompleteCallback)
    HAL_PCD_Init                             0x08000ea9   Thumb Code   242  stm32f7xx_hal_pcd.o(i.HAL_PCD_Init)
    HAL_PCD_MspInit                          0x08000f9d   Thumb Code   182  usbd_conf.o(i.HAL_PCD_MspInit)
    HAL_PCD_ResetCallback                    0x08001069   Thumb Code    44  usbd_conf.o(i.HAL_PCD_ResetCallback)
    HAL_PCD_ResumeCallback                   0x08001095   Thumb Code     8  usbd_conf.o(i.HAL_PCD_ResumeCallback)
    HAL_PCD_SOFCallback                      0x0800109d   Thumb Code     8  usbd_conf.o(i.HAL_PCD_SOFCallback)
    HAL_PCD_SetAddress                       0x080010a5   Thumb Code    40  stm32f7xx_hal_pcd.o(i.HAL_PCD_SetAddress)
    HAL_PCD_SetupStageCallback               0x080010cd   Thumb Code    14  usbd_conf.o(i.HAL_PCD_SetupStageCallback)
    HAL_PCD_Start                            0x080010db   Thumb Code    42  stm32f7xx_hal_pcd.o(i.HAL_PCD_Start)
    HAL_PCD_SuspendCallback                  0x08001105   Thumb Code    44  usbd_conf.o(i.HAL_PCD_SuspendCallback)
    HAL_PWREx_EnableOverDrive                0x08001135   Thumb Code   100  stm32f7xx_hal_pwr_ex.o(i.HAL_PWREx_EnableOverDrive)
    HAL_RCC_ClockConfig                      0x080011a1   Thumb Code   284  stm32f7xx_hal_rcc.o(i.HAL_RCC_ClockConfig)
    HAL_RCC_GetHCLKFreq                      0x080012d1   Thumb Code     6  stm32f7xx_hal_rcc.o(i.HAL_RCC_GetHCLKFreq)
    HAL_RCC_GetSysClockFreq                  0x080012dd   Thumb Code    88  stm32f7xx_hal_rcc.o(i.HAL_RCC_GetSysClockFreq)
    HAL_RCC_OscConfig                        0x08001341   Thumb Code   906  stm32f7xx_hal_rcc.o(i.HAL_RCC_OscConfig)
    HAL_SYSTICK_Config                       0x080016d9   Thumb Code    38  stm32f7xx_hal_cortex.o(i.HAL_SYSTICK_Config)
    HardFault_Handler                        0x080016ff   Thumb Code     2  stm32f7xx_it.o(i.HardFault_Handler)
    MX_GPIO_Init                             0x08001739   Thumb Code    70  gpio.o(i.MX_GPIO_Init)
    MX_USB_DEVICE_Init                       0x08001785   Thumb Code    66  usb_device.o(i.MX_USB_DEVICE_Init)
    MemManage_Handler                        0x080017d9   Thumb Code     2  stm32f7xx_it.o(i.MemManage_Handler)
    NMI_Handler                              0x080017db   Thumb Code     2  stm32f7xx_it.o(i.NMI_Handler)
    OTG_HS_IRQHandler                        0x080017dd   Thumb Code     6  stm32f7xx_it.o(i.OTG_HS_IRQHandler)
    PendSV_Handler                           0x08001957   Thumb Code     2  stm32f7xx_it.o(i.PendSV_Handler)
    SVC_Handler                              0x08001959   Thumb Code     2  stm32f7xx_it.o(i.SVC_Handler)
    SysTick_Handler                          0x08001965   Thumb Code     4  stm32f7xx_it.o(i.SysTick_Handler)
    SystemClock_Config                       0x08001969   Thumb Code   128  main.o(i.SystemClock_Config)
    SystemInit                               0x080019f1   Thumb Code    22  system_stm32f7xx.o(i.SystemInit)
    USBD_CDC_GetDeviceQualifierDescriptor    0x08001b05   Thumb Code     8  usbd_cdc.o(i.USBD_CDC_GetDeviceQualifierDescriptor)
    USBD_CDC_ReceivePacket                   0x08001bd7   Thumb Code    40  usbd_cdc.o(i.USBD_CDC_ReceivePacket)
    USBD_CDC_RegisterInterface               0x08001bff   Thumb Code    14  usbd_cdc.o(i.USBD_CDC_RegisterInterface)
    USBD_CDC_SetRxBuffer                     0x08001c0d   Thumb Code    12  usbd_cdc.o(i.USBD_CDC_SetRxBuffer)
    USBD_CDC_SetTxBuffer                     0x08001c19   Thumb Code    16  usbd_cdc.o(i.USBD_CDC_SetTxBuffer)
    USBD_ClrClassConfig                      0x08001cdb   Thumb Code    16  usbd_core.o(i.USBD_ClrClassConfig)
    USBD_CtlContinueRx                       0x08001ceb   Thumb Code    16  usbd_ioreq.o(i.USBD_CtlContinueRx)
    USBD_CtlContinueSendData                 0x08001cfb   Thumb Code    16  usbd_ioreq.o(i.USBD_CtlContinueSendData)
    USBD_CtlError                            0x08001d0b   Thumb Code    22  usbd_ctlreq.o(i.USBD_CtlError)
    USBD_CtlPrepareRx                        0x08001d21   Thumb Code    30  usbd_ioreq.o(i.USBD_CtlPrepareRx)
    USBD_CtlReceiveStatus                    0x08001d3f   Thumb Code    22  usbd_ioreq.o(i.USBD_CtlReceiveStatus)
    USBD_CtlSendData                         0x08001d55   Thumb Code    26  usbd_ioreq.o(i.USBD_CtlSendData)
    USBD_CtlSendStatus                       0x08001d6f   Thumb Code    22  usbd_ioreq.o(i.USBD_CtlSendStatus)
    USBD_GetString                           0x08001e7f   Thumb Code    74  usbd_ctlreq.o(i.USBD_GetString)
    USBD_Get_USB_Status                      0x08001ec9   Thumb Code    24  usbd_conf.o(i.USBD_Get_USB_Status)
    USBD_HS_ConfigStrDescriptor              0x08001ee1   Thumb Code    16  usbd_desc.o(i.USBD_HS_ConfigStrDescriptor)
    USBD_HS_DeviceDescriptor                 0x08001f01   Thumb Code     8  usbd_desc.o(i.USBD_HS_DeviceDescriptor)
    USBD_HS_InterfaceStrDescriptor           0x08001f0d   Thumb Code    16  usbd_desc.o(i.USBD_HS_InterfaceStrDescriptor)
    USBD_HS_LangIDStrDescriptor              0x08001f31   Thumb Code     8  usbd_desc.o(i.USBD_HS_LangIDStrDescriptor)
    USBD_HS_ManufacturerStrDescriptor        0x08001f3d   Thumb Code    16  usbd_desc.o(i.USBD_HS_ManufacturerStrDescriptor)
    USBD_HS_ProductStrDescriptor             0x08001f65   Thumb Code    16  usbd_desc.o(i.USBD_HS_ProductStrDescriptor)
    USBD_HS_SerialStrDescriptor              0x08001f91   Thumb Code    50  usbd_desc.o(i.USBD_HS_SerialStrDescriptor)
    USBD_HS_USR_BOSDescriptor                0x08001fcd   Thumb Code     8  usbd_desc.o(i.USBD_HS_USR_BOSDescriptor)
    USBD_Init                                0x08001fd9   Thumb Code    52  usbd_core.o(i.USBD_Init)
    USBD_LL_ClearStallEP                     0x0800200d   Thumb Code    18  usbd_conf.o(i.USBD_LL_ClearStallEP)
    USBD_LL_CloseEP                          0x0800201f   Thumb Code    18  usbd_conf.o(i.USBD_LL_CloseEP)
    USBD_LL_DataInStage                      0x08002031   Thumb Code   170  usbd_core.o(i.USBD_LL_DataInStage)
    USBD_LL_DataOutStage                     0x080020db   Thumb Code   110  usbd_core.o(i.USBD_LL_DataOutStage)
    USBD_LL_DevConnected                     0x08002149   Thumb Code     4  usbd_core.o(i.USBD_LL_DevConnected)
    USBD_LL_DevDisconnected                  0x0800214d   Thumb Code    26  usbd_core.o(i.USBD_LL_DevDisconnected)
    USBD_LL_GetRxDataSize                    0x08002167   Thumb Code     8  usbd_conf.o(i.USBD_LL_GetRxDataSize)
    USBD_LL_Init                             0x08002171   Thumb Code    96  usbd_conf.o(i.USBD_LL_Init)
    USBD_LL_IsStallEP                        0x080021d9   Thumb Code    32  usbd_conf.o(i.USBD_LL_IsStallEP)
    USBD_LL_IsoINIncomplete                  0x080021f9   Thumb Code     4  usbd_core.o(i.USBD_LL_IsoINIncomplete)
    USBD_LL_IsoOUTIncomplete                 0x080021fd   Thumb Code     4  usbd_core.o(i.USBD_LL_IsoOUTIncomplete)
    USBD_LL_OpenEP                           0x08002201   Thumb Code    24  usbd_conf.o(i.USBD_LL_OpenEP)
    USBD_LL_PrepareReceive                   0x08002219   Thumb Code    18  usbd_conf.o(i.USBD_LL_PrepareReceive)
    USBD_LL_Reset                            0x0800222b   Thumb Code    82  usbd_core.o(i.USBD_LL_Reset)
    USBD_LL_Resume                           0x0800227d   Thumb Code    20  usbd_core.o(i.USBD_LL_Resume)
    USBD_LL_SOF                              0x08002291   Thumb Code    24  usbd_core.o(i.USBD_LL_SOF)
    USBD_LL_SetSpeed                         0x080022a9   Thumb Code     6  usbd_core.o(i.USBD_LL_SetSpeed)
    USBD_LL_SetUSBAddress                    0x080022af   Thumb Code    18  usbd_conf.o(i.USBD_LL_SetUSBAddress)
    USBD_LL_SetupStage                       0x080022c1   Thumb Code    92  usbd_core.o(i.USBD_LL_SetupStage)
    USBD_LL_StallEP                          0x0800231d   Thumb Code    18  usbd_conf.o(i.USBD_LL_StallEP)
    USBD_LL_Start                            0x0800232f   Thumb Code    18  usbd_conf.o(i.USBD_LL_Start)
    USBD_LL_Suspend                          0x08002341   Thumb Code    18  usbd_core.o(i.USBD_LL_Suspend)
    USBD_LL_Transmit                         0x08002353   Thumb Code    18  usbd_conf.o(i.USBD_LL_Transmit)
    USBD_ParseSetupRequest                   0x08002365   Thumb Code    42  usbd_ctlreq.o(i.USBD_ParseSetupRequest)
    USBD_RegisterClass                       0x0800238f   Thumb Code    34  usbd_core.o(i.USBD_RegisterClass)
    USBD_SetClassConfig                      0x080023b1   Thumb Code    20  usbd_core.o(i.USBD_SetClassConfig)
    USBD_Start                               0x08002481   Thumb Code     4  usbd_core.o(i.USBD_Start)
    USBD_StdDevReq                           0x08002485   Thumb Code   278  usbd_ctlreq.o(i.USBD_StdDevReq)
    USBD_StdEPReq                            0x0800259b   Thumb Code   332  usbd_ctlreq.o(i.USBD_StdEPReq)
    USBD_StdItfReq                           0x080026e7   Thumb Code    84  usbd_ctlreq.o(i.USBD_StdItfReq)
    USB_ActivateEndpoint                     0x0800273d   Thumb Code   124  stm32f7xx_ll_usb.o(i.USB_ActivateEndpoint)
    USB_ActivateSetup                        0x080027bd   Thumb Code    28  stm32f7xx_ll_usb.o(i.USB_ActivateSetup)
    USB_CoreInit                             0x080027d9   Thumb Code   104  stm32f7xx_ll_usb.o(i.USB_CoreInit)
    USB_DeactivateEndpoint                   0x0800287d   Thumb Code   194  stm32f7xx_ll_usb.o(i.USB_DeactivateEndpoint)
    USB_DevConnect                           0x08002949   Thumb Code    24  stm32f7xx_ll_usb.o(i.USB_DevConnect)
    USB_DevDisconnect                        0x08002961   Thumb Code    24  stm32f7xx_ll_usb.o(i.USB_DevDisconnect)
    USB_DevInit                              0x08002979   Thumb Code   372  stm32f7xx_ll_usb.o(i.USB_DevInit)
    USB_DisableGlobalInt                     0x08002af5   Thumb Code    12  stm32f7xx_ll_usb.o(i.USB_DisableGlobalInt)
    USB_EP0StartXfer                         0x08002b01   Thumb Code   280  stm32f7xx_ll_usb.o(i.USB_EP0StartXfer)
    USB_EP0_OutStart                         0x08002c1d   Thumb Code    84  stm32f7xx_ll_usb.o(i.USB_EP0_OutStart)
    USB_EPClearStall                         0x08002c75   Thumb Code    88  stm32f7xx_ll_usb.o(i.USB_EPClearStall)
    USB_EPSetStall                           0x08002ccd   Thumb Code    88  stm32f7xx_ll_usb.o(i.USB_EPSetStall)
    USB_EPStartXfer                          0x08002d25   Thumb Code   482  stm32f7xx_ll_usb.o(i.USB_EPStartXfer)
    USB_EnableGlobalInt                      0x08002f0d   Thumb Code    12  stm32f7xx_ll_usb.o(i.USB_EnableGlobalInt)
    USB_FlushRxFifo                          0x08002f19   Thumb Code    28  stm32f7xx_ll_usb.o(i.USB_FlushRxFifo)
    USB_FlushTxFifo                          0x08002f39   Thumb Code    32  stm32f7xx_ll_usb.o(i.USB_FlushTxFifo)
    USB_GetDevSpeed                          0x08002f5d   Thumb Code    26  stm32f7xx_ll_usb.o(i.USB_GetDevSpeed)
    USB_GetMode                              0x08002f77   Thumb Code     8  stm32f7xx_ll_usb.o(i.USB_GetMode)
    USB_ReadDevAllInEpInterrupt              0x08002f7f   Thumb Code    14  stm32f7xx_ll_usb.o(i.USB_ReadDevAllInEpInterrupt)
    USB_ReadDevAllOutEpInterrupt             0x08002f8d   Thumb Code    14  stm32f7xx_ll_usb.o(i.USB_ReadDevAllOutEpInterrupt)
    USB_ReadDevInEPInterrupt                 0x08002f9b   Thumb Code    36  stm32f7xx_ll_usb.o(i.USB_ReadDevInEPInterrupt)
    USB_ReadDevOutEPInterrupt                0x08002fbf   Thumb Code    16  stm32f7xx_ll_usb.o(i.USB_ReadDevOutEPInterrupt)
    USB_ReadInterrupts                       0x08002fcf   Thumb Code     8  stm32f7xx_ll_usb.o(i.USB_ReadInterrupts)
    USB_ReadPacket                           0x08002fd7   Thumb Code    28  stm32f7xx_ll_usb.o(i.USB_ReadPacket)
    USB_SetCurrentMode                       0x08002ff3   Thumb Code    46  stm32f7xx_ll_usb.o(i.USB_SetCurrentMode)
    USB_SetDevAddress                        0x08003021   Thumb Code    34  stm32f7xx_ll_usb.o(i.USB_SetDevAddress)
    USB_SetTurnaroundTime                    0x08003045   Thumb Code   158  stm32f7xx_ll_usb.o(i.USB_SetTurnaroundTime)
    USB_WritePacket                          0x0800312d   Thumb Code    36  stm32f7xx_ll_usb.o(i.USB_WritePacket)
    UsageFault_Handler                       0x08003151   Thumb Code     2  stm32f7xx_it.o(i.UsageFault_Handler)
    __scatterload_copy                       0x08003175   Thumb Code    14  handlers.o(i.__scatterload_copy)
    __scatterload_null                       0x08003183   Thumb Code     2  handlers.o(i.__scatterload_null)
    __scatterload_zeroinit                   0x08003185   Thumb Code    14  handlers.o(i.__scatterload_zeroinit)
    free                                     0x08003195   Thumb Code    76  malloc.o(i.free)
    main                                     0x080031e5   Thumb Code    18  main.o(i.main)
    malloc                                   0x080031f9   Thumb Code    92  malloc.o(i.malloc)
    AHBPrescTable                            0x08003264   Data          16  system_stm32f7xx.o(.constdata)
    Region$$Table$$Base                      0x08003274   Number         0  anon$$obj.o(Region$$Table)
    Region$$Table$$Limit                     0x08003294   Number         0  anon$$obj.o(Region$$Table)
    HS_Desc                                  0x20000000   Data          32  usbd_desc.o(.data)
    USBD_LangIDDesc                          0x20000020   Data           4  usbd_desc.o(.data)
    USBD_HS_DeviceDesc                       0x20000024   Data          18  usbd_desc.o(.data)
    USBD_HS_BOSDesc                          0x20000038   Data          12  usbd_desc.o(.data)
    USBD_StringSerial                        0x20000044   Data          26  usbd_desc.o(.data)
    USBD_Interface_fops_HS                   0x20000060   Data          20  usbd_cdc_if.o(.data)
    uwTickFreq                               0x20000074   Data           1  stm32f7xx_hal.o(.data)
    uwTickPrio                               0x20000078   Data           4  stm32f7xx_hal.o(.data)
    uwTick                                   0x2000007c   Data           4  stm32f7xx_hal.o(.data)
    SystemCoreClock                          0x20000080   Data           4  system_stm32f7xx.o(.data)
    USBD_CDC                                 0x20000160   Data          56  usbd_cdc.o(.data)
    __microlib_freelist                      0x20000198   Data           4  mvars.o(.data)
    __microlib_freelist_initialised          0x2000019c   Data           4  mvars.o(.data)
    hUsbDeviceHS                             0x200001a0   Data         720  usb_device.o(.bss)
    hpcd_USB_OTG_HS                          0x20000470   Data        1028  usbd_conf.o(.bss)
    USBD_StrDesc                             0x20000874   Data         512  usbd_desc.o(.bss)
    UserRxBufferHS                           0x20000a74   Data        2048  usbd_cdc_if.o(.bss)
    UserTxBufferHS                           0x20001274   Data        2048  usbd_cdc_if.o(.bss)
    __heap_base                              0x20001a78   Data           0  startup_stm32f765xx.o(HEAP)
    __heap_limit                             0x20001c78   Data           0  startup_stm32f765xx.o(HEAP)
    __initial_sp                             0x20002078   Data           0  startup_stm32f765xx.o(STACK)



==============================================================================

Memory Map of the image

  Image Entry point : 0x080001f9

  Load Region LR_IROM1 (Base: 0x08000000, Size: 0x00003434, Max: 0x00100000, ABSOLUTE, COMPRESSED[0x00003368])

    Execution Region ER_IROM1 (Exec base: 0x08000000, Load base: 0x08000000, Size: 0x00003294, Max: 0x00100000, ABSOLUTE)

    Exec Addr    Load Addr    Size         Type   Attr      Idx    E Section Name        Object

    0x08000000   0x08000000   0x000001f8   Data   RO            3    RESET               startup_stm32f765xx.o
    0x080001f8   0x080001f8   0x00000000   Code   RO         3410  * .ARM.Collect$$$$00000000  mc_w.l(entry.o)
    0x080001f8   0x080001f8   0x00000004   Code   RO         3449    .ARM.Collect$$$$00000001  mc_w.l(entry2.o)
    0x080001fc   0x080001fc   0x00000004   Code   RO         3452    .ARM.Collect$$$$00000004  mc_w.l(entry5.o)
    0x08000200   0x08000200   0x00000000   Code   RO         3454    .ARM.Collect$$$$00000008  mc_w.l(entry7b.o)
    0x08000200   0x08000200   0x00000000   Code   RO         3456    .ARM.Collect$$$$0000000A  mc_w.l(entry8b.o)
    0x08000200   0x08000200   0x00000008   Code   RO         3457    .ARM.Collect$$$$0000000B  mc_w.l(entry9a.o)
    0x08000208   0x08000208   0x00000000   Code   RO         3459    .ARM.Collect$$$$0000000D  mc_w.l(entry10a.o)
    0x08000208   0x08000208   0x00000000   Code   RO         3461    .ARM.Collect$$$$0000000F  mc_w.l(entry11a.o)
    0x08000208   0x08000208   0x00000004   Code   RO         3450    .ARM.Collect$$$$00002712  mc_w.l(entry2.o)
    0x0800020c   0x0800020c   0x00000024   Code   RO            4    .text               startup_stm32f765xx.o
    0x08000230   0x08000230   0x00000062   Code   RO         3413    .text               mc_w.l(uldiv.o)
    0x08000292   0x08000292   0x00000024   Code   RO         3415    .text               mc_w.l(memcpya.o)
    0x080002b6   0x080002b6   0x00000024   Code   RO         3417    .text               mc_w.l(memseta.o)
    0x080002da   0x080002da   0x0000001e   Code   RO         3463    .text               mc_w.l(llshl.o)
    0x080002f8   0x080002f8   0x00000020   Code   RO         3465    .text               mc_w.l(llushr.o)
    0x08000318   0x08000318   0x00000024   Code   RO         3469    .text               mc_w.l(init.o)
    0x0800033c   0x0800033c   0x00000056   Code   RO         3479    .text               mc_w.l(__dczerorl2.o)
    0x08000392   0x08000392   0x00000002   Code   RO          593    i.BusFault_Handler  stm32f7xx_it.o
    0x08000394   0x08000394   0x00000004   Code   RO          536    i.CDC_Control_HS    usbd_cdc_if.o
    0x08000398   0x08000398   0x00000004   Code   RO          537    i.CDC_DeInit_HS     usbd_cdc_if.o
    0x0800039c   0x0800039c   0x00000024   Code   RO          538    i.CDC_Init_HS       usbd_cdc_if.o
    0x080003c0   0x080003c0   0x00000018   Code   RO          539    i.CDC_Receive_HS    usbd_cdc_if.o
    0x080003d8   0x080003d8   0x00000004   Code   RO          540    i.CDC_TransmitCplt_HS  usbd_cdc_if.o
    0x080003dc   0x080003dc   0x00000002   Code   RO          594    i.DebugMon_Handler  stm32f7xx_it.o
    0x080003de   0x080003de   0x00000002   Code   RO           13    i.Error_Handler     main.o
    0x080003e0   0x080003e0   0x00000024   Code   RO         2188    i.HAL_Delay         stm32f7xx_hal.o
    0x08000404   0x08000404   0x000001d8   Code   RO         1620    i.HAL_GPIO_Init     stm32f7xx_hal_gpio.o
    0x080005dc   0x080005dc   0x0000000c   Code   RO         2198    i.HAL_GetTick       stm32f7xx_hal.o
    0x080005e8   0x080005e8   0x00000010   Code   RO         2204    i.HAL_IncTick       stm32f7xx_hal.o
    0x080005f8   0x080005f8   0x00000016   Code   RO         2205    i.HAL_Init          stm32f7xx_hal.o
    0x0800060e   0x0800060e   0x00000002   PAD
    0x08000610   0x08000610   0x00000040   Code   RO         2206    i.HAL_InitTick      stm32f7xx_hal.o
    0x08000650   0x08000650   0x00000030   Code   RO          675    i.HAL_MspInit       stm32f7xx_hal_msp.o
    0x08000680   0x08000680   0x0000001a   Code   RO         2051    i.HAL_NVIC_EnableIRQ  stm32f7xx_hal_cortex.o
    0x0800069a   0x0800069a   0x00000002   PAD
    0x0800069c   0x0800069c   0x00000040   Code   RO         2057    i.HAL_NVIC_SetPriority  stm32f7xx_hal_cortex.o
    0x080006dc   0x080006dc   0x00000024   Code   RO         2058    i.HAL_NVIC_SetPriorityGrouping  stm32f7xx_hal_cortex.o
    0x08000700   0x08000700   0x00000028   Code   RO          919    i.HAL_PCDEx_ActivateLPM  stm32f7xx_hal_pcd_ex.o
    0x08000728   0x08000728   0x00000060   Code   RO          243    i.HAL_PCDEx_LPM_Callback  usbd_conf.o
    0x08000788   0x08000788   0x00000008   Code   RO          923    i.HAL_PCDEx_SetRxFiFo  stm32f7xx_hal_pcd_ex.o
    0x08000790   0x08000790   0x00000046   Code   RO          924    i.HAL_PCDEx_SetTxFiFo  stm32f7xx_hal_pcd_ex.o
    0x080007d6   0x080007d6   0x00000008   Code   RO          244    i.HAL_PCD_ConnectCallback  usbd_conf.o
    0x080007de   0x080007de   0x00000012   Code   RO          245    i.HAL_PCD_DataInStageCallback  usbd_conf.o
    0x080007f0   0x080007f0   0x00000014   Code   RO          246    i.HAL_PCD_DataOutStageCallback  usbd_conf.o
    0x08000804   0x08000804   0x00000008   Code   RO          247    i.HAL_PCD_DisconnectCallback  usbd_conf.o
    0x0800080c   0x0800080c   0x0000004c   Code   RO          708    i.HAL_PCD_EP_Close  stm32f7xx_hal_pcd.o
    0x08000858   0x08000858   0x0000005c   Code   RO          709    i.HAL_PCD_EP_ClrStall  stm32f7xx_hal_pcd.o
    0x080008b4   0x080008b4   0x00000012   Code   RO          711    i.HAL_PCD_EP_GetRxCount  stm32f7xx_hal_pcd.o
    0x080008c6   0x080008c6   0x00000060   Code   RO          712    i.HAL_PCD_EP_Open   stm32f7xx_hal_pcd.o
    0x08000926   0x08000926   0x00000044   Code   RO          713    i.HAL_PCD_EP_Receive  stm32f7xx_hal_pcd.o
    0x0800096a   0x0800096a   0x00000074   Code   RO          714    i.HAL_PCD_EP_SetStall  stm32f7xx_hal_pcd.o
    0x080009de   0x080009de   0x00000044   Code   RO          715    i.HAL_PCD_EP_Transmit  stm32f7xx_hal_pcd.o
    0x08000a22   0x08000a22   0x00000002   PAD
    0x08000a24   0x08000a24   0x00000474   Code   RO          717    i.HAL_PCD_IRQHandler  stm32f7xx_hal_pcd.o
    0x08000e98   0x08000e98   0x00000008   Code   RO          248    i.HAL_PCD_ISOINIncompleteCallback  usbd_conf.o
    0x08000ea0   0x08000ea0   0x00000008   Code   RO          249    i.HAL_PCD_ISOOUTIncompleteCallback  usbd_conf.o
    0x08000ea8   0x08000ea8   0x000000f2   Code   RO          720    i.HAL_PCD_Init      stm32f7xx_hal_pcd.o
    0x08000f9a   0x08000f9a   0x00000002   PAD
    0x08000f9c   0x08000f9c   0x000000cc   Code   RO          251    i.HAL_PCD_MspInit   usbd_conf.o
    0x08001068   0x08001068   0x0000002c   Code   RO          252    i.HAL_PCD_ResetCallback  usbd_conf.o
    0x08001094   0x08001094   0x00000008   Code   RO          253    i.HAL_PCD_ResumeCallback  usbd_conf.o
    0x0800109c   0x0800109c   0x00000008   Code   RO          254    i.HAL_PCD_SOFCallback  usbd_conf.o
    0x080010a4   0x080010a4   0x00000028   Code   RO          726    i.HAL_PCD_SetAddress  stm32f7xx_hal_pcd.o
    0x080010cc   0x080010cc   0x0000000e   Code   RO          255    i.HAL_PCD_SetupStageCallback  usbd_conf.o
    0x080010da   0x080010da   0x0000002a   Code   RO          728    i.HAL_PCD_Start     stm32f7xx_hal_pcd.o
    0x08001104   0x08001104   0x00000030   Code   RO          256    i.HAL_PCD_SuspendCallback  usbd_conf.o
    0x08001134   0x08001134   0x0000006c   Code   RO         1960    i.HAL_PWREx_EnableOverDrive  stm32f7xx_hal_pwr_ex.o
    0x080011a0   0x080011a0   0x00000130   Code   RO         1274    i.HAL_RCC_ClockConfig  stm32f7xx_hal_rcc.o
    0x080012d0   0x080012d0   0x0000000c   Code   RO         1279    i.HAL_RCC_GetHCLKFreq  stm32f7xx_hal_rcc.o
    0x080012dc   0x080012dc   0x00000064   Code   RO         1283    i.HAL_RCC_GetSysClockFreq  stm32f7xx_hal_rcc.o
    0x08001340   0x08001340   0x00000398   Code   RO         1286    i.HAL_RCC_OscConfig  stm32f7xx_hal_rcc.o
    0x080016d8   0x080016d8   0x00000026   Code   RO         2062    i.HAL_SYSTICK_Config  stm32f7xx_hal_cortex.o
    0x080016fe   0x080016fe   0x00000002   Code   RO          595    i.HardFault_Handler  stm32f7xx_it.o
    0x08001700   0x08001700   0x00000038   Code   RO          444    i.IntToUnicode      usbd_desc.o
    0x08001738   0x08001738   0x0000004c   Code   RO          171    i.MX_GPIO_Init      gpio.o
    0x08001784   0x08001784   0x00000054   Code   RO          195    i.MX_USB_DEVICE_Init  usb_device.o
    0x080017d8   0x080017d8   0x00000002   Code   RO          596    i.MemManage_Handler  stm32f7xx_it.o
    0x080017da   0x080017da   0x00000002   Code   RO          597    i.NMI_Handler       stm32f7xx_it.o
    0x080017dc   0x080017dc   0x0000000c   Code   RO          598    i.OTG_HS_IRQHandler  stm32f7xx_it.o
    0x080017e8   0x080017e8   0x000000cc   Code   RO          731    i.PCD_EP_OutXfrComplete_int  stm32f7xx_hal_pcd.o
    0x080018b4   0x080018b4   0x000000a2   Code   RO          732    i.PCD_WriteEmptyTxFifo  stm32f7xx_hal_pcd.o
    0x08001956   0x08001956   0x00000002   Code   RO          599    i.PendSV_Handler    stm32f7xx_it.o
    0x08001958   0x08001958   0x00000002   Code   RO          600    i.SVC_Handler       stm32f7xx_it.o
    0x0800195a   0x0800195a   0x0000000a   Code   RO         3174    i.SWAPBYTE          usbd_ctlreq.o
    0x08001964   0x08001964   0x00000004   Code   RO          601    i.SysTick_Handler   stm32f7xx_it.o
    0x08001968   0x08001968   0x00000088   Code   RO           14    i.SystemClock_Config  main.o
    0x080019f0   0x080019f0   0x0000001c   Code   RO         2999    i.SystemInit        system_stm32f7xx.o
    0x08001a0c   0x08001a0c   0x00000060   Code   RO         3307    i.USBD_CDC_DataIn   usbd_cdc.o
    0x08001a6c   0x08001a6c   0x0000002a   Code   RO         3308    i.USBD_CDC_DataOut  usbd_cdc.o
    0x08001a96   0x08001a96   0x0000004a   Code   RO         3309    i.USBD_CDC_DeInit   usbd_cdc.o
    0x08001ae0   0x08001ae0   0x00000024   Code   RO         3310    i.USBD_CDC_EP0_RxReady  usbd_cdc.o
    0x08001b04   0x08001b04   0x0000000c   Code   RO         3311    i.USBD_CDC_GetDeviceQualifierDescriptor  usbd_cdc.o
    0x08001b10   0x08001b10   0x0000000c   Code   RO         3312    i.USBD_CDC_GetFSCfgDesc  usbd_cdc.o
    0x08001b1c   0x08001b1c   0x0000000c   Code   RO         3313    i.USBD_CDC_GetHSCfgDesc  usbd_cdc.o
    0x08001b28   0x08001b28   0x0000000c   Code   RO         3314    i.USBD_CDC_GetOtherSpeedCfgDesc  usbd_cdc.o
    0x08001b34   0x08001b34   0x000000a2   Code   RO         3315    i.USBD_CDC_Init     usbd_cdc.o
    0x08001bd6   0x08001bd6   0x00000028   Code   RO         3316    i.USBD_CDC_ReceivePacket  usbd_cdc.o
    0x08001bfe   0x08001bfe   0x0000000e   Code   RO         3317    i.USBD_CDC_RegisterInterface  usbd_cdc.o
    0x08001c0c   0x08001c0c   0x0000000c   Code   RO         3318    i.USBD_CDC_SetRxBuffer  usbd_cdc.o
    0x08001c18   0x08001c18   0x00000010   Code   RO         3319    i.USBD_CDC_SetTxBuffer  usbd_cdc.o
    0x08001c28   0x08001c28   0x000000b2   Code   RO         3320    i.USBD_CDC_Setup    usbd_cdc.o
    0x08001cda   0x08001cda   0x00000010   Code   RO         3036    i.USBD_ClrClassConfig  usbd_core.o
    0x08001cea   0x08001cea   0x00000010   Code   RO         3247    i.USBD_CtlContinueRx  usbd_ioreq.o
    0x08001cfa   0x08001cfa   0x00000010   Code   RO         3248    i.USBD_CtlContinueSendData  usbd_ioreq.o
    0x08001d0a   0x08001d0a   0x00000016   Code   RO         3175    i.USBD_CtlError     usbd_ctlreq.o
    0x08001d20   0x08001d20   0x0000001e   Code   RO         3249    i.USBD_CtlPrepareRx  usbd_ioreq.o
    0x08001d3e   0x08001d3e   0x00000016   Code   RO         3250    i.USBD_CtlReceiveStatus  usbd_ioreq.o
    0x08001d54   0x08001d54   0x0000001a   Code   RO         3251    i.USBD_CtlSendData  usbd_ioreq.o
    0x08001d6e   0x08001d6e   0x00000016   Code   RO         3252    i.USBD_CtlSendStatus  usbd_ioreq.o
    0x08001d84   0x08001d84   0x000000fa   Code   RO         3176    i.USBD_GetDescriptor  usbd_ctlreq.o
    0x08001e7e   0x08001e7e   0x0000004a   Code   RO         3177    i.USBD_GetString    usbd_ctlreq.o
    0x08001ec8   0x08001ec8   0x00000018   Code   RO          257    i.USBD_Get_USB_Status  usbd_conf.o
    0x08001ee0   0x08001ee0   0x00000020   Code   RO          445    i.USBD_HS_ConfigStrDescriptor  usbd_desc.o
    0x08001f00   0x08001f00   0x0000000c   Code   RO          446    i.USBD_HS_DeviceDescriptor  usbd_desc.o
    0x08001f0c   0x08001f0c   0x00000024   Code   RO          447    i.USBD_HS_InterfaceStrDescriptor  usbd_desc.o
    0x08001f30   0x08001f30   0x0000000c   Code   RO          448    i.USBD_HS_LangIDStrDescriptor  usbd_desc.o
    0x08001f3c   0x08001f3c   0x00000028   Code   RO          449    i.USBD_HS_ManufacturerStrDescriptor  usbd_desc.o
    0x08001f64   0x08001f64   0x0000002c   Code   RO          450    i.USBD_HS_ProductStrDescriptor  usbd_desc.o
    0x08001f90   0x08001f90   0x0000003c   Code   RO          451    i.USBD_HS_SerialStrDescriptor  usbd_desc.o
    0x08001fcc   0x08001fcc   0x0000000c   Code   RO          452    i.USBD_HS_USR_BOSDescriptor  usbd_desc.o
    0x08001fd8   0x08001fd8   0x00000034   Code   RO         3038    i.USBD_Init         usbd_core.o
    0x0800200c   0x0800200c   0x00000012   Code   RO          258    i.USBD_LL_ClearStallEP  usbd_conf.o
    0x0800201e   0x0800201e   0x00000012   Code   RO          259    i.USBD_LL_CloseEP   usbd_conf.o
    0x08002030   0x08002030   0x000000aa   Code   RO         3039    i.USBD_LL_DataInStage  usbd_core.o
    0x080020da   0x080020da   0x0000006e   Code   RO         3040    i.USBD_LL_DataOutStage  usbd_core.o
    0x08002148   0x08002148   0x00000004   Code   RO         3041    i.USBD_LL_DevConnected  usbd_core.o
    0x0800214c   0x0800214c   0x0000001a   Code   RO         3042    i.USBD_LL_DevDisconnected  usbd_core.o
    0x08002166   0x08002166   0x00000008   Code   RO          263    i.USBD_LL_GetRxDataSize  usbd_conf.o
    0x0800216e   0x0800216e   0x00000002   PAD
    0x08002170   0x08002170   0x00000068   Code   RO          264    i.USBD_LL_Init      usbd_conf.o
    0x080021d8   0x080021d8   0x00000020   Code   RO          265    i.USBD_LL_IsStallEP  usbd_conf.o
    0x080021f8   0x080021f8   0x00000004   Code   RO         3043    i.USBD_LL_IsoINIncomplete  usbd_core.o
    0x080021fc   0x080021fc   0x00000004   Code   RO         3044    i.USBD_LL_IsoOUTIncomplete  usbd_core.o
    0x08002200   0x08002200   0x00000018   Code   RO          266    i.USBD_LL_OpenEP    usbd_conf.o
    0x08002218   0x08002218   0x00000012   Code   RO          267    i.USBD_LL_PrepareReceive  usbd_conf.o
    0x0800222a   0x0800222a   0x00000052   Code   RO         3045    i.USBD_LL_Reset     usbd_core.o
    0x0800227c   0x0800227c   0x00000014   Code   RO         3046    i.USBD_LL_Resume    usbd_core.o
    0x08002290   0x08002290   0x00000018   Code   RO         3047    i.USBD_LL_SOF       usbd_core.o
    0x080022a8   0x080022a8   0x00000006   Code   RO         3048    i.USBD_LL_SetSpeed  usbd_core.o
    0x080022ae   0x080022ae   0x00000012   Code   RO          268    i.USBD_LL_SetUSBAddress  usbd_conf.o
    0x080022c0   0x080022c0   0x0000005c   Code   RO         3049    i.USBD_LL_SetupStage  usbd_core.o
    0x0800231c   0x0800231c   0x00000012   Code   RO          269    i.USBD_LL_StallEP   usbd_conf.o
    0x0800232e   0x0800232e   0x00000012   Code   RO          270    i.USBD_LL_Start     usbd_conf.o
    0x08002340   0x08002340   0x00000012   Code   RO         3050    i.USBD_LL_Suspend   usbd_core.o
    0x08002352   0x08002352   0x00000012   Code   RO          272    i.USBD_LL_Transmit  usbd_conf.o
    0x08002364   0x08002364   0x0000002a   Code   RO         3178    i.USBD_ParseSetupRequest  usbd_ctlreq.o
    0x0800238e   0x0800238e   0x00000022   Code   RO         3051    i.USBD_RegisterClass  usbd_core.o
    0x080023b0   0x080023b0   0x00000014   Code   RO         3053    i.USBD_SetClassConfig  usbd_core.o
    0x080023c4   0x080023c4   0x000000bc   Code   RO         3179    i.USBD_SetConfig    usbd_ctlreq.o
    0x08002480   0x08002480   0x00000004   Code   RO         3054    i.USBD_Start        usbd_core.o
    0x08002484   0x08002484   0x00000116   Code   RO         3180    i.USBD_StdDevReq    usbd_ctlreq.o
    0x0800259a   0x0800259a   0x0000014c   Code   RO         3181    i.USBD_StdEPReq     usbd_ctlreq.o
    0x080026e6   0x080026e6   0x00000054   Code   RO         3182    i.USBD_StdItfReq    usbd_ctlreq.o
    0x0800273a   0x0800273a   0x00000002   PAD
    0x0800273c   0x0800273c   0x00000080   Code   RO          974    i.USB_ActivateEndpoint  stm32f7xx_ll_usb.o
    0x080027bc   0x080027bc   0x0000001c   Code   RO          976    i.USB_ActivateSetup  stm32f7xx_ll_usb.o
    0x080027d8   0x080027d8   0x0000006c   Code   RO          978    i.USB_CoreInit      stm32f7xx_ll_usb.o
    0x08002844   0x08002844   0x00000038   Code   RO          979    i.USB_CoreReset     stm32f7xx_ll_usb.o
    0x0800287c   0x0800287c   0x000000cc   Code   RO          982    i.USB_DeactivateEndpoint  stm32f7xx_ll_usb.o
    0x08002948   0x08002948   0x00000018   Code   RO          983    i.USB_DevConnect    stm32f7xx_ll_usb.o
    0x08002960   0x08002960   0x00000018   Code   RO          984    i.USB_DevDisconnect  stm32f7xx_ll_usb.o
    0x08002978   0x08002978   0x0000017c   Code   RO          985    i.USB_DevInit       stm32f7xx_ll_usb.o
    0x08002af4   0x08002af4   0x0000000c   Code   RO          986    i.USB_DisableGlobalInt  stm32f7xx_ll_usb.o
    0x08002b00   0x08002b00   0x0000011c   Code   RO          989    i.USB_EP0StartXfer  stm32f7xx_ll_usb.o
    0x08002c1c   0x08002c1c   0x00000058   Code   RO          990    i.USB_EP0_OutStart  stm32f7xx_ll_usb.o
    0x08002c74   0x08002c74   0x00000058   Code   RO          991    i.USB_EPClearStall  stm32f7xx_ll_usb.o
    0x08002ccc   0x08002ccc   0x00000058   Code   RO          992    i.USB_EPSetStall    stm32f7xx_ll_usb.o
    0x08002d24   0x08002d24   0x000001e8   Code   RO          993    i.USB_EPStartXfer   stm32f7xx_ll_usb.o
    0x08002f0c   0x08002f0c   0x0000000c   Code   RO          994    i.USB_EnableGlobalInt  stm32f7xx_ll_usb.o
    0x08002f18   0x08002f18   0x00000020   Code   RO          995    i.USB_FlushRxFifo   stm32f7xx_ll_usb.o
    0x08002f38   0x08002f38   0x00000024   Code   RO          996    i.USB_FlushTxFifo   stm32f7xx_ll_usb.o
    0x08002f5c   0x08002f5c   0x0000001a   Code   RO          998    i.USB_GetDevSpeed   stm32f7xx_ll_usb.o
    0x08002f76   0x08002f76   0x00000008   Code   RO         1000    i.USB_GetMode       stm32f7xx_ll_usb.o
    0x08002f7e   0x08002f7e   0x0000000e   Code   RO         1007    i.USB_ReadDevAllInEpInterrupt  stm32f7xx_ll_usb.o
    0x08002f8c   0x08002f8c   0x0000000e   Code   RO         1008    i.USB_ReadDevAllOutEpInterrupt  stm32f7xx_ll_usb.o
    0x08002f9a   0x08002f9a   0x00000024   Code   RO         1009    i.USB_ReadDevInEPInterrupt  stm32f7xx_ll_usb.o
    0x08002fbe   0x08002fbe   0x00000010   Code   RO         1010    i.USB_ReadDevOutEPInterrupt  stm32f7xx_ll_usb.o
    0x08002fce   0x08002fce   0x00000008   Code   RO         1011    i.USB_ReadInterrupts  stm32f7xx_ll_usb.o
    0x08002fd6   0x08002fd6   0x0000001c   Code   RO         1012    i.USB_ReadPacket    stm32f7xx_ll_usb.o
    0x08002ff2   0x08002ff2   0x0000002e   Code   RO         1014    i.USB_SetCurrentMode  stm32f7xx_ll_usb.o
    0x08003020   0x08003020   0x00000022   Code   RO         1015    i.USB_SetDevAddress  stm32f7xx_ll_usb.o
    0x08003042   0x08003042   0x00000002   PAD
    0x08003044   0x08003044   0x000000e8   Code   RO         1017    i.USB_SetTurnaroundTime  stm32f7xx_ll_usb.o
    0x0800312c   0x0800312c   0x00000024   Code   RO         1020    i.USB_WritePacket   stm32f7xx_ll_usb.o
    0x08003150   0x08003150   0x00000002   Code   RO          602    i.UsageFault_Handler  stm32f7xx_it.o
    0x08003152   0x08003152   0x00000022   Code   RO         2064    i.__NVIC_SetPriority  stm32f7xx_hal_cortex.o
    0x08003174   0x08003174   0x0000000e   Code   RO         3473    i.__scatterload_copy  mc_w.l(handlers.o)
    0x08003182   0x08003182   0x00000002   Code   RO         3474    i.__scatterload_null  mc_w.l(handlers.o)
    0x08003184   0x08003184   0x0000000e   Code   RO         3475    i.__scatterload_zeroinit  mc_w.l(handlers.o)
    0x08003192   0x08003192   0x00000002   PAD
    0x08003194   0x08003194   0x00000050   Code   RO         3421    i.free              mc_w.l(malloc.o)
    0x080031e4   0x080031e4   0x00000012   Code   RO           15    i.main              main.o
    0x080031f6   0x080031f6   0x00000002   PAD
    0x080031f8   0x080031f8   0x0000006c   Code   RO         3422    i.malloc            mc_w.l(malloc.o)
    0x08003264   0x08003264   0x00000010   Data   RO         3000    .constdata          system_stm32f7xx.o
    0x08003274   0x08003274   0x00000020   Data   RO         3471    Region$$Table       anon$$obj.o


    Execution Region RW_IRAM1 (Exec base: 0x20000000, Load base: 0x08003294, Size: 0x00002078, Max: 0x00080000, ABSOLUTE, COMPRESSED[0x000000d4])

    Exec Addr    Load Addr    Size         Type   Attr      Idx    E Section Name        Object

    0x20000000   COMPRESSED   0x00000020   Data   RW          454    .data               usbd_desc.o
    0x20000020   COMPRESSED   0x0000003e   Data   RW          455    .data               usbd_desc.o
    0x2000005e   COMPRESSED   0x00000002   PAD
    0x20000060   COMPRESSED   0x00000014   Data   RW          543    .data               usbd_cdc_if.o
    0x20000074   COMPRESSED   0x0000000c   Data   RW         2212    .data               stm32f7xx_hal.o
    0x20000080   COMPRESSED   0x00000004   Data   RW         3002    .data               system_stm32f7xx.o
    0x20000084   COMPRESSED   0x00000001   Data   RW         3183    .data               usbd_ctlreq.o
    0x20000085   COMPRESSED   0x00000003   PAD
    0x20000088   COMPRESSED   0x000000d7   Data   RW         3322    .data               usbd_cdc.o
    0x2000015f   COMPRESSED   0x00000001   PAD
    0x20000160   COMPRESSED   0x00000038   Data   RW         3323    .data               usbd_cdc.o
    0x20000198   COMPRESSED   0x00000004   Data   RW         3467    .data               mc_w.l(mvars.o)
    0x2000019c   COMPRESSED   0x00000004   Data   RW         3468    .data               mc_w.l(mvars.o)
    0x200001a0        -       0x000002d0   Zero   RW          196    .bss                usb_device.o
    0x20000470        -       0x00000404   Zero   RW          273    .bss                usbd_conf.o
    0x20000874        -       0x00000200   Zero   RW          453    .bss                usbd_desc.o
    0x20000a74        -       0x00001000   Zero   RW          542    .bss                usbd_cdc_if.o
    0x20001a74   COMPRESSED   0x00000004   PAD
    0x20001a78        -       0x00000200   Zero   RW            2    HEAP                startup_stm32f765xx.o
    0x20001c78        -       0x00000400   Zero   RW            1    STACK               startup_stm32f765xx.o


==============================================================================

Image component sizes


      Code (inc. data)   RO Data    RW Data    ZI Data      Debug   Object Name

        76          6          0          0          0        827   gpio.o
       156          8          0          0          0     796208   main.o
        36          8        504          0       1536        836   startup_stm32f765xx.o
       150         24          0         12          0       9169   stm32f7xx_hal.o
       198         12          0          0          0      38983   stm32f7xx_hal_cortex.o
       472         52          0          0          0       1900   stm32f7xx_hal_gpio.o
        48          6          0          0          0        818   stm32f7xx_hal_msp.o
      2364         16          0          0          0      12849   stm32f7xx_hal_pcd.o
       118          6          0          0          0       2492   stm32f7xx_hal_pcd_ex.o
       108          8          0          0          0       1264   stm32f7xx_hal_pwr_ex.o
      1336         52          0          0          0       4470   stm32f7xx_hal_rcc.o
        32          6          0          0          0       4538   stm32f7xx_it.o
      2578        128          0          0          0      22711   stm32f7xx_ll_usb.o
        28          6         16          4          0       1135   system_stm32f7xx.o
        84         18          0          0        720       2563   usb_device.o
       718         16          0        271          0      12691   usbd_cdc.o
        72         16          0         20       4096       3122   usbd_cdc_if.o
       810         38          0          0       1028      15717   usbd_conf.o
       686          0          0          0          0      12373   usbd_core.o
      1280         20          0          1          0      14096   usbd_ctlreq.o
       304        110          0         94        512       6561   usbd_desc.o
       132          0          0          0          0       4524   usbd_ioreq.o

    ----------------------------------------------------------------------
     11802        556        552        408       7896     969847   Object Totals
         0          0         32          0          0          0   (incl. Generated)
        16          0          0          6          4          0   (incl. Padding)

    ----------------------------------------------------------------------

      Code (inc. data)   RO Data    RW Data    ZI Data      Debug   Library Member Name

        86          0          0          0          0          0   __dczerorl2.o
         0          0          0          0          0          0   entry.o
         0          0          0          0          0          0   entry10a.o
         0          0          0          0          0          0   entry11a.o
         8          4          0          0          0          0   entry2.o
         4          0          0          0          0          0   entry5.o
         0          0          0          0          0          0   entry7b.o
         0          0          0          0          0          0   entry8b.o
         8          4          0          0          0          0   entry9a.o
        30          0          0          0          0          0   handlers.o
        36          8          0          0          0         68   init.o
        30          0          0          0          0         68   llshl.o
        32          0          0          0          0         68   llushr.o
       188         20          0          0          0        160   malloc.o
        36          0          0          0          0         68   memcpya.o
        36          0          0          0          0        108   memseta.o
         0          0          0          8          0          0   mvars.o
        98          0          0          0          0         92   uldiv.o

    ----------------------------------------------------------------------
       594         36          0          8          0        632   Library Totals
         2          0          0          0          0          0   (incl. Padding)

    ----------------------------------------------------------------------

      Code (inc. data)   RO Data    RW Data    ZI Data      Debug   Library Name

       592         36          0          8          0        632   mc_w.l

    ----------------------------------------------------------------------
       594         36          0          8          0        632   Library Totals

    ----------------------------------------------------------------------

==============================================================================


      Code (inc. data)   RO Data    RW Data    ZI Data      Debug   

     12396        592        552        416       7896     955003   Grand Totals
     12396        592        552        212       7896     955003   ELF Image Totals (compressed)
     12396        592        552        212          0          0   ROM Totals

==============================================================================

    Total RO  Size (Code + RO Data)                12948 (  12.64kB)
    Total RW  Size (RW Data + ZI Data)              8312 (   8.12kB)
    Total ROM Size (Code + RO Data + RW Data)      13160 (  12.85kB)

==============================================================================

