<html>
<body>
<pre>
<h1>µVision Build Log</h1>
<h2>Tool Versions:</h2>
IDE-Version: ¦ÌVision V5.26.2.0
Copyright (C) 2018 ARM Ltd and ARM Germany GmbH. All rights reserved.
License Information: ou jy, hitsz, LIC=QF856-D25XI-EV11R-KCLJU-UTX54-8S3S8
 
Tool Versions:
Toolchain:       MDK-ARM Plus  Version: 5.26.2.0
Toolchain Path:  D:\Software\Keil_v5\ARM\ARMCC\Bin
C Compiler:      Armcc.exe V5.06 update 6 (build 750)
Assembler:       Armasm.exe V5.06 update 6 (build 750)
Linker/Locator:  ArmLink.exe V5.06 update 6 (build 750)
Library Manager: ArmAr.exe V5.06 update 6 (build 750)
Hex Converter:   FromElf.exe V5.06 update 6 (build 750)
CPU DLL:         SARMCM3.DLL V5.26.2.0
Dialog DLL:      DCM.DLL V1.17.2.0
Target DLL:      STLink\ST-LINKIII-KEIL_SWO.dll V3.0.5.0
Dialog DLL:      TCM.DLL V1.36.1.0
 
<h2>Project:</h2>
C:\Users\70654\Desktop\pcbpindesign\MDK-ARM\pcbpindesign.uvprojx
Project File Date:  07/29/2020

<h2>Output:</h2>
*** Using Compiler 'V5.06 update 6 (build 750)', folder: 'D:\Software\Keil_v5\ARM\ARMCC\Bin'
Build target 'pcbpindesign'
assembling startup_stm32f765xx.s...
compiling main.c...
compiling usb_device.c...
compiling gpio.c...
compiling usbd_conf.c...
compiling usbd_desc.c...
compiling stm32f7xx_it.c...
compiling stm32f7xx_hal_msp.c...
compiling usbd_cdc_if.c...
compiling stm32f7xx_hal_pcd_ex.c...
compiling stm32f7xx_hal_pcd.c...
compiling stm32f7xx_hal_rcc.c...
compiling stm32f7xx_ll_usb.c...
compiling stm32f7xx_hal_flash_ex.c...
compiling stm32f7xx_hal_gpio.c...
compiling stm32f7xx_hal_flash.c...
compiling stm32f7xx_hal_rcc_ex.c...
compiling stm32f7xx_hal_pwr_ex.c...
compiling stm32f7xx_hal_dma.c...
compiling stm32f7xx_hal_pwr.c...
compiling stm32f7xx_hal_dma_ex.c...
compiling stm32f7xx_hal.c...
compiling stm32f7xx_hal_i2c_ex.c...
compiling stm32f7xx_hal_cortex.c...
compiling stm32f7xx_hal_i2c.c...
compiling stm32f7xx_hal_tim.c...
compiling stm32f7xx_hal_tim_ex.c...
compiling stm32f7xx_hal_exti.c...
compiling system_stm32f7xx.c...
compiling usbd_core.c...
compiling usbd_ioreq.c...
compiling usbd_ctlreq.c...
compiling usbd_cdc.c...
linking...
Program Size: Code=12396 RO-data=552 RW-data=416 ZI-data=7896  
FromELF: creating hex file...
"pcbpindesign\pcbpindesign.axf" - 0 Error(s), 0 Warning(s).

<h2>Software Packages used:</h2>

Package Vendor: ARM
                http://www.keil.com/pack/ARM.CMSIS.5.4.0.pack
                ARM.CMSIS.5.4.0
                CMSIS (Cortex Microcontroller Software Interface Standard)
   * Component: CORE Version: 5.1.2

<h2>Collection of Component include folders:</h2>
  .\RTE\_pcbpindesign
  D:\Software\Keil_v5\ARM\PACK\ARM\CMSIS\5.4.0\CMSIS\Core\Include

<h2>Collection of Component Files used:</h2>

   * Component: ARM::CMSIS:CORE:5.1.2
Build Time Elapsed:  00:01:18
</pre>
</body>
</html>
