Component: ARM Compiler 5.06 update 6 (build 750) Tool: armlink [4d35ed]

==============================================================================

Section Cross References

    startup_stm32f407xx.o(RESET) refers to startup_stm32f407xx.o(STACK) for __initial_sp
    startup_stm32f407xx.o(RESET) refers to startup_stm32f407xx.o(.text) for Reset_Handler
    startup_stm32f407xx.o(RESET) refers to stm32f4xx_it.o(i.NMI_Handler) for NMI_Handler
    startup_stm32f407xx.o(RESET) refers to stm32f4xx_it.o(i.HardFault_Handler) for HardFault_Handler
    startup_stm32f407xx.o(RESET) refers to stm32f4xx_it.o(i.MemManage_Handler) for MemManage_Handler
    startup_stm32f407xx.o(RESET) refers to stm32f4xx_it.o(i.BusFault_Handler) for BusFault_Handler
    startup_stm32f407xx.o(RESET) refers to stm32f4xx_it.o(i.UsageFault_Handler) for UsageFault_Handler
    startup_stm32f407xx.o(RESET) refers to stm32f4xx_it.o(i.SVC_Handler) for SVC_Handler
    startup_stm32f407xx.o(RESET) refers to stm32f4xx_it.o(i.DebugMon_Handler) for DebugMon_Handler
    startup_stm32f407xx.o(RESET) refers to stm32f4xx_it.o(i.PendSV_Handler) for PendSV_Handler
    startup_stm32f407xx.o(RESET) refers to stm32f4xx_it.o(i.SysTick_Handler) for SysTick_Handler
    startup_stm32f407xx.o(RESET) refers to stm32f4xx_it.o(i.CAN1_RX0_IRQHandler) for CAN1_RX0_IRQHandler
    startup_stm32f407xx.o(RESET) refers to stm32f4xx_it.o(i.CAN1_RX1_IRQHandler) for CAN1_RX1_IRQHandler
    startup_stm32f407xx.o(RESET) refers to stm32f4xx_it.o(i.OTG_HS_IRQHandler) for OTG_HS_IRQHandler
    startup_stm32f407xx.o(.text) refers to system_stm32f4xx.o(i.SystemInit) for SystemInit
    startup_stm32f407xx.o(.text) refers to entry.o(.ARM.Collect$$$$00000000) for __main
    busadoptor32.o(i.BA_CAN_Filter) refers to stm32f4xx_hal_can.o(i.HAL_CAN_ConfigFilter) for HAL_CAN_ConfigFilter
    busadoptor32.o(i.BA_CAN_Filter) refers to main.o(i.Error_Handler) for Error_Handler
    busadoptor32.o(i.BA_CAN_Filter) refers to stm32f4xx_hal_can.o(i.HAL_CAN_Start) for HAL_CAN_Start
    busadoptor32.o(i.BA_CAN_Filter) refers to stm32f4xx_hal_can.o(i.HAL_CAN_ActivateNotification) for HAL_CAN_ActivateNotification
    busadoptor32.o(i.BA_CAN_Filter) refers to busadoptor32.o(.data) for .data
    busadoptor32.o(i.BA_CAN_Filter) refers to can.o(.bss) for hcan1
    busadoptor32.o(i.BA_CAN_Init) refers to stm32f4xx_hal_can.o(i.HAL_CAN_Stop) for HAL_CAN_Stop
    busadoptor32.o(i.BA_CAN_Init) refers to stm32f4xx_hal_can.o(i.HAL_CAN_DeInit) for HAL_CAN_DeInit
    busadoptor32.o(i.BA_CAN_Init) refers to memcpya.o(.text) for __aeabi_memcpy4
    busadoptor32.o(i.BA_CAN_Init) refers to stm32f4xx_hal_can.o(i.HAL_CAN_Init) for HAL_CAN_Init
    busadoptor32.o(i.BA_CAN_Init) refers to main.o(i.Error_Handler) for Error_Handler
    busadoptor32.o(i.BA_CAN_Init) refers to can.o(.bss) for hcan1
    busadoptor32.o(i.BA_CAN_Init) refers to busadoptor32.o(.data) for .data
    busadoptor32.o(i.BA_CAN_Send) refers to stm32f4xx_hal_can.o(i.HAL_CAN_AddTxMessage) for HAL_CAN_AddTxMessage
    busadoptor32.o(i.BA_CAN_Send) refers to main.o(i.Error_Handler) for Error_Handler
    busadoptor32.o(i.BA_CAN_Send) refers to busadoptor32.o(.data) for .data
    busadoptor32.o(i.BA_CAN_Send) refers to can.o(.bss) for hcan1
    busadoptor32.o(i.BA_Decoding) refers to busadoptor32.o(i.BA_CAN_Send) for BA_CAN_Send
    busadoptor32.o(i.BA_Decoding) refers to busadoptor32.o(i.BA_CAN_Init) for BA_CAN_Init
    busadoptor32.o(i.BA_Decoding) refers to busadoptor32.o(i.BA_CAN_Filter) for BA_CAN_Filter
    busadoptor32.o(i.BA_Decoding) refers to busadoptor32.o(.data) for .data
    busadoptor32.o(i.HAL_CAN_RxFifo0MsgPendingCallback) refers to stm32f4xx_hal_can.o(i.HAL_CAN_GetRxMessage) for HAL_CAN_GetRxMessage
    busadoptor32.o(i.HAL_CAN_RxFifo0MsgPendingCallback) refers to main.o(i.Error_Handler) for Error_Handler
    busadoptor32.o(i.HAL_CAN_RxFifo0MsgPendingCallback) refers to usbd_cdc_if.o(.data) for curTxIdx_OK
    busadoptor32.o(i.HAL_CAN_RxFifo0MsgPendingCallback) refers to usbd_cdc_if.o(.data) for curTxIdx_Wait
    busadoptor32.o(i.HAL_CAN_RxFifo0MsgPendingCallback) refers to usbd_cdc_if.o(.data) for UserTxPingPong
    busadoptor32.o(i.HAL_CAN_RxFifo0MsgPendingCallback) refers to busadoptor32.o(.data) for .data
    busadoptor32.o(i.HAL_CAN_RxFifo1MsgPendingCallback) refers to stm32f4xx_hal_can.o(i.HAL_CAN_GetRxMessage) for HAL_CAN_GetRxMessage
    busadoptor32.o(i.HAL_CAN_RxFifo1MsgPendingCallback) refers to main.o(i.Error_Handler) for Error_Handler
    busadoptor32.o(i.HAL_CAN_RxFifo1MsgPendingCallback) refers to usbd_cdc_if.o(.data) for curTxIdx_OK
    busadoptor32.o(i.HAL_CAN_RxFifo1MsgPendingCallback) refers to usbd_cdc_if.o(.data) for curTxIdx_Wait
    busadoptor32.o(i.HAL_CAN_RxFifo1MsgPendingCallback) refers to usbd_cdc_if.o(.data) for UserTxPingPong
    busadoptor32.o(i.HAL_CAN_RxFifo1MsgPendingCallback) refers to busadoptor32.o(.data) for .data
[...]
    i.HAL_CAN_TxMailbox2AbortCallback        0x08000da4   Section        0  stm32f4xx_hal_can.o(i.HAL_CAN_TxMailbox2AbortCallback)
    i.HAL_CAN_TxMailbox2CompleteCallback     0x08000da6   Section        0  stm32f4xx_hal_can.o(i.HAL_CAN_TxMailbox2CompleteCallback)
    i.HAL_CAN_WakeUpFromRxMsgCallback        0x08000da8   Section        0  stm32f4xx_hal_can.o(i.HAL_CAN_WakeUpFromRxMsgCallback)
    i.HAL_Delay                              0x08000dac   Section        0  stm32f4xx_hal.o(i.HAL_Delay)
    i.HAL_GPIO_DeInit                        0x08000dd0   Section        0  stm32f4xx_hal_gpio.o(i.HAL_GPIO_DeInit)
    i.HAL_GPIO_Init                          0x08000f38   Section        0  stm32f4xx_hal_gpio.o(i.HAL_GPIO_Init)
    i.HAL_GPIO_TogglePin                     0x080010f0   Section        0  stm32f4xx_hal_gpio.o(i.HAL_GPIO_TogglePin)
    i.HAL_GPIO_WritePin                      0x080010fe   Section        0  stm32f4xx_hal_gpio.o(i.HAL_GPIO_WritePin)
    i.HAL_GetTick                            0x08001108   Section        0  stm32f4xx_hal.o(i.HAL_GetTick)
    i.HAL_IncTick                            0x08001114   Section        0  stm32f4xx_hal.o(i.HAL_IncTick)
    i.HAL_Init                               0x08001124   Section        0  stm32f4xx_hal.o(i.HAL_Init)
    i.HAL_InitTick                           0x08001158   Section        0  stm32f4xx_hal.o(i.HAL_InitTick)
    i.HAL_MspInit                            0x08001198   Section        0  stm32f4xx_hal_msp.o(i.HAL_MspInit)
    i.HAL_NVIC_DisableIRQ                    0x080011c8   Section        0  stm32f4xx_hal_cortex.o(i.HAL_NVIC_DisableIRQ)
    i.HAL_NVIC_EnableIRQ                     0x080011ea   Section        0  stm32f4xx_hal_cortex.o(i.HAL_NVIC_EnableIRQ)
    i.HAL_NVIC_SetPriority                   0x08001204   Section        0  stm32f4xx_hal_cortex.o(i.HAL_NVIC_SetPriority)
    i.HAL_NVIC_SetPriorityGrouping           0x08001244   Section        0  stm32f4xx_hal_cortex.o(i.HAL_NVIC_SetPriorityGrouping)
    i.HAL_PCDEx_LPM_Callback                 0x08001268   Section        0  stm32f4xx_hal_pcd_ex.o(i.HAL_PCDEx_LPM_Callback)
    i.HAL_PCDEx_SetRxFiFo                    0x0800126a   Section        0  stm32f4xx_hal_pcd_ex.o(i.HAL_PCDEx_SetRxFiFo)
    i.HAL_PCDEx_SetTxFiFo                    0x08001272   Section        0  stm32f4xx_hal_pcd_ex.o(i.HAL_PCDEx_SetTxFiFo)
    i.HAL_PCD_ConnectCallback                0x080012b6   Section        0  usbd_conf.o(i.HAL_PCD_ConnectCallback)
    i.HAL_PCD_DataInStageCallback            0x080012be   Section        0  usbd_conf.o(i.HAL_PCD_DataInStageCallback)
    i.HAL_PCD_DataOutStageCallback           0x080012d0   Section        0  usbd_conf.o(i.HAL_PCD_DataOutStageCallback)
    i.HAL_PCD_DisconnectCallback             0x080012e4   Section        0  usbd_conf.o(i.HAL_PCD_DisconnectCallback)
    i.HAL_PCD_EP_Close                       0x080012ec   Section        0  stm32f4xx_hal_pcd.o(i.HAL_PCD_EP_Close)
    i.HAL_PCD_EP_ClrStall                    0x08001338   Section        0  stm32f4xx_hal_pcd.o(i.HAL_PCD_EP_ClrStall)
    i.HAL_PCD_EP_GetRxCount                  0x08001394   Section        0  stm32f4xx_hal_pcd.o(i.HAL_PCD_EP_GetRxCount)
    i.HAL_PCD_EP_Open                        0x080013a6   Section        0  stm32f4xx_hal_pcd.o(i.HAL_PCD_EP_Open)
    i.HAL_PCD_EP_Receive                     0x08001406   Section        0  stm32f4xx_hal_pcd.o(i.HAL_PCD_EP_Receive)
    i.HAL_PCD_EP_SetStall                    0x0800144e   Section        0  stm32f4xx_hal_pcd.o(i.HAL_PCD_EP_SetStall)
    i.HAL_PCD_EP_Transmit                    0x080014c2   Section        0  stm32f4xx_hal_pcd.o(i.HAL_PCD_EP_Transmit)
    i.HAL_PCD_IRQHandler                     0x08001504   Section        0  stm32f4xx_hal_pcd.o(i.HAL_PCD_IRQHandler)
    i.HAL_PCD_ISOINIncompleteCallback        0x08001938   Section        0  usbd_conf.o(i.HAL_PCD_ISOINIncompleteCallback)
    i.HAL_PCD_ISOOUTIncompleteCallback       0x08001940   Section        0  usbd_conf.o(i.HAL_PCD_ISOOUTIncompleteCallback)
    i.HAL_PCD_Init                           0x08001948   Section        0  stm32f4xx_hal_pcd.o(i.HAL_PCD_Init)
    i.HAL_PCD_MspInit                        0x08001a2c   Section        0  usbd_conf.o(i.HAL_PCD_MspInit)
    i.HAL_PCD_ResetCallback                  0x08001b04   Section        0  usbd_conf.o(i.HAL_PCD_ResetCallback)
    i.HAL_PCD_ResumeCallback                 0x08001b30   Section        0  usbd_conf.o(i.HAL_PCD_ResumeCallback)
    i.HAL_PCD_SOFCallback                    0x08001b38   Section        0  usbd_conf.o(i.HAL_PCD_SOFCallback)
    i.HAL_PCD_SetAddress                     0x08001b40   Section        0  stm32f4xx_hal_pcd.o(i.HAL_PCD_SetAddress)
    i.HAL_PCD_SetupStageCallback             0x08001b68   Section        0  usbd_conf.o(i.HAL_PCD_SetupStageCallback)
    i.HAL_PCD_Start                          0x08001b76   Section        0  stm32f4xx_hal_pcd.o(i.HAL_PCD_Start)
    i.HAL_PCD_SuspendCallback                0x08001bb8   Section        0  usbd_conf.o(i.HAL_PCD_SuspendCallback)
    i.HAL_RCC_ClockConfig                    0x08001be8   Section        0  stm32f4xx_hal_rcc.o(i.HAL_RCC_ClockConfig)
    i.HAL_RCC_GetHCLKFreq                    0x08001d1c   Section        0  stm32f4xx_hal_rcc.o(i.HAL_RCC_GetHCLKFreq)
    i.HAL_RCC_GetSysClockFreq                0x08001d28   Section        0  stm32f4xx_hal_rcc.o(i.HAL_RCC_GetSysClockFreq)
    i.HAL_RCC_OscConfig                      0x08001d88   Section        0  stm32f4xx_hal_rcc.o(i.HAL_RCC_OscConfig)
    i.HAL_SYSTICK_Config                     0x080020e4   Section        0  stm32f4xx_hal_cortex.o(i.HAL_SYSTICK_Config)
    i.HardFault_Handler                      0x0800210c   Section        0  stm32f4xx_it.o(i.HardFault_Handler)
    i.IntToUnicode                           0x08002110   Section        0  usbd_desc.o(i.IntToUnicode)
    IntToUnicode                             0x08002111   Thumb Code    56  usbd_desc.o(i.IntToUnicode)
    i.MX_CAN1_Init                           0x08002148   Section        0  can.o(i.MX_CAN1_Init)
    i.MX_GPIO_Init                           0x0800218c   Section        0  gpio.o(i.MX_GPIO_Init)
    i.MX_USB_DEVICE_Init                     0x08002244   Section        0  usb_device.o(i.MX_USB_DEVICE_Init)
    i.MemManage_Handler                      0x08002298   Section        0  stm32f4xx_it.o(i.MemManage_Handler)
    i.NMI_Handler                            0x0800229a   Section        0  stm32f4xx_it.o(i.NMI_Handler)
    i.OTG_HS_IRQHandler                      0x0800229c   Section        0  stm32f4xx_it.o(i.OTG_HS_IRQHandler)
    i.PCD_EP_OutXfrComplete_int              0x080022a8   Section        0  stm32f4xx_hal_pcd.o(i.PCD_EP_OutXfrComplete_int)
    PCD_EP_OutXfrComplete_int                0x080022a9   Thumb Code   196  stm32f4xx_hal_pcd.o(i.PCD_EP_OutXfrComplete_int)
    i.PCD_WriteEmptyTxFifo                   0x08002374   Section        0  stm32f4xx_hal_pcd.o(i.PCD_WriteEmptyTxFifo)
    PCD_WriteEmptyTxFifo                     0x08002375   Thumb Code   162  stm32f4xx_hal_pcd.o(i.PCD_WriteEmptyTxFifo)
    i.PendSV_Handler                         0x08002416   Section        0  stm32f4xx_it.o(i.PendSV_Handler)
    i.SVC_Handler                            0x08002418   Section        0  stm32f4xx_it.o(i.SVC_Handler)
    i.SWAPBYTE                               0x0800241a   Section        0  usbd_ctlreq.o(i.SWAPBYTE)
    SWAPBYTE                                 0x0800241b   Thumb Code    10  usbd_ctlreq.o(i.SWAPBYTE)
    i.SysTick_Handler                        0x08002424   Section        0  stm32f4xx_it.o(i.SysTick_Handler)
    i.SystemClock_Config                     0x08002428   Section        0  main.o(i.SystemClock_Config)
    i.SystemInit                             0x080024ac   Section        0  system_stm32f4xx.o(i.SystemInit)
    i.USBD_CDC_DataIn                        0x080024c8   Section        0  usbd_cdc.o(i.USBD_CDC_DataIn)
    USBD_CDC_DataIn                          0x080024c9   Thumb Code    98  usbd_cdc.o(i.USBD_CDC_DataIn)
    i.USBD_CDC_DataOut                       0x0800252a   Section        0  usbd_cdc.o(i.USBD_CDC_DataOut)
    USBD_CDC_DataOut                         0x0800252b   Thumb Code    42  usbd_cdc.o(i.USBD_CDC_DataOut)
    i.USBD_CDC_DeInit                        0x08002554   Section        0  usbd_cdc.o(i.USBD_CDC_DeInit)
    USBD_CDC_DeInit                          0x08002555   Thumb Code    74  usbd_cdc.o(i.USBD_CDC_DeInit)
    i.USBD_CDC_EP0_RxReady                   0x0800259e   Section        0  usbd_cdc.o(i.USBD_CDC_EP0_RxReady)
    USBD_CDC_EP0_RxReady                     0x0800259f   Thumb Code    36  usbd_cdc.o(i.USBD_CDC_EP0_RxReady)
    i.USBD_CDC_GetDeviceQualifierDescriptor  0x080025c4   Section        0  usbd_cdc.o(i.USBD_CDC_GetDeviceQualifierDescriptor)
    i.USBD_CDC_GetFSCfgDesc                  0x080025d0   Section        0  usbd_cdc.o(i.USBD_CDC_GetFSCfgDesc)
    USBD_CDC_GetFSCfgDesc                    0x080025d1   Thumb Code     8  usbd_cdc.o(i.USBD_CDC_GetFSCfgDesc)
    i.USBD_CDC_GetHSCfgDesc                  0x080025dc   Section        0  usbd_cdc.o(i.USBD_CDC_GetHSCfgDesc)
    USBD_CDC_GetHSCfgDesc                    0x080025dd   Thumb Code     8  usbd_cdc.o(i.USBD_CDC_GetHSCfgDesc)
    i.USBD_CDC_GetOtherSpeedCfgDesc          0x080025e8   Section        0  usbd_cdc.o(i.USBD_CDC_GetOtherSpeedCfgDesc)
    USBD_CDC_GetOtherSpeedCfgDesc            0x080025e9   Thumb Code     8  usbd_cdc.o(i.USBD_CDC_GetOtherSpeedCfgDesc)
    i.USBD_CDC_Init                          0x080025f4   Section        0  usbd_cdc.o(i.USBD_CDC_Init)
    USBD_CDC_Init                            0x080025f5   Thumb Code   162  usbd_cdc.o(i.USBD_CDC_Init)
    i.USBD_CDC_ReceivePacket                 0x08002696   Section        0  usbd_cdc.o(i.USBD_CDC_ReceivePacket)
    i.USBD_CDC_RegisterInterface             0x080026be   Section        0  usbd_cdc.o(i.USBD_CDC_RegisterInterface)
    i.USBD_CDC_SetRxBuffer                   0x080026cc   Section        0  usbd_cdc.o(i.USBD_CDC_SetRxBuffer)
    i.USBD_CDC_SetTxBuffer                   0x080026d8   Section        0  usbd_cdc.o(i.USBD_CDC_SetTxBuffer)
    i.USBD_CDC_Setup                         0x080026e8   Section        0  usbd_cdc.o(i.USBD_CDC_Setup)
    USBD_CDC_Setup                           0x080026e9   Thumb Code   176  usbd_cdc.o(i.USBD_CDC_Setup)
    i.USBD_CDC_TransmitPacket                0x08002798   Section        0  usbd_cdc.o(i.USBD_CDC_TransmitPacket)
    i.USBD_ClrClassConfig                    0x080027ce   Section        0  usbd_core.o(i.USBD_ClrClassConfig)
    i.USBD_CtlContinueRx                     0x080027de   Section        0  usbd_ioreq.o(i.USBD_CtlContinueRx)
    i.USBD_CtlContinueSendData               0x080027ee   Section        0  usbd_ioreq.o(i.USBD_CtlContinueSendData)
    i.USBD_CtlError                          0x080027fe   Section        0  usbd_ctlreq.o(i.USBD_CtlError)
    i.USBD_CtlPrepareRx                      0x08002814   Section        0  usbd_ioreq.o(i.USBD_CtlPrepareRx)
    i.USBD_CtlReceiveStatus                  0x08002832   Section        0  usbd_ioreq.o(i.USBD_CtlReceiveStatus)
    i.USBD_CtlSendData                       0x08002848   Section        0  usbd_ioreq.o(i.USBD_CtlSendData)
    i.USBD_CtlSendStatus                     0x08002862   Section        0  usbd_ioreq.o(i.USBD_CtlSendStatus)
    i.USBD_GetDescriptor                     0x08002878   Section        0  usbd_ctlreq.o(i.USBD_GetDescriptor)
    USBD_GetDescriptor                       0x08002879   Thumb Code   230  usbd_ctlreq.o(i.USBD_GetDescriptor)
    i.USBD_GetString                         0x0800295e   Section        0  usbd_ctlreq.o(i.USBD_GetString)
    i.USBD_Get_USB_Status                    0x080029a6   Section        0  usbd_conf.o(i.USBD_Get_USB_Status)
    i.USBD_HS_ConfigStrDescriptor            0x080029c0   Section        0  usbd_desc.o(i.USBD_HS_ConfigStrDescriptor)
    i.USBD_HS_DeviceDescriptor               0x080029e0   Section        0  usbd_desc.o(i.USBD_HS_DeviceDescriptor)
    i.USBD_HS_InterfaceStrDescriptor         0x080029ec   Section        0  usbd_desc.o(i.USBD_HS_InterfaceStrDescriptor)
    i.USBD_HS_LangIDStrDescriptor            0x08002a10   Section        0  usbd_desc.o(i.USBD_HS_LangIDStrDescriptor)
    i.USBD_HS_ManufacturerStrDescriptor      0x08002a1c   Section        0  usbd_desc.o(i.USBD_HS_ManufacturerStrDescriptor)
    i.USBD_HS_ProductStrDescriptor           0x08002a44   Section        0  usbd_desc.o(i.USBD_HS_ProductStrDescriptor)
    i.USBD_HS_SerialStrDescriptor            0x08002a70   Section        0  usbd_desc.o(i.USBD_HS_SerialStrDescriptor)
    i.USBD_Init                              0x08002aa8   Section        0  usbd_core.o(i.USBD_Init)
    i.USBD_LL_ClearStallEP                   0x08002adc   Section        0  usbd_conf.o(i.USBD_LL_ClearStallEP)
    i.USBD_LL_CloseEP                        0x08002aee   Section        0  usbd_conf.o(i.USBD_LL_CloseEP)
    i.USBD_LL_DataInStage                    0x08002b00   Section        0  usbd_core.o(i.USBD_LL_DataInStage)
    i.USBD_LL_DataOutStage                   0x08002baa   Section        0  usbd_core.o(i.USBD_LL_DataOutStage)
    i.USBD_LL_DevConnected                   0x08002c18   Section        0  usbd_core.o(i.USBD_LL_DevConnected)
    i.USBD_LL_DevDisconnected                0x08002c1c   Section        0  usbd_core.o(i.USBD_LL_DevDisconnected)
    i.USBD_LL_GetRxDataSize                  0x08002c34   Section        0  usbd_conf.o(i.USBD_LL_GetRxDataSize)
    i.USBD_LL_Init                           0x08002c3c   Section        0  usbd_conf.o(i.USBD_LL_Init)
    i.USBD_LL_IsStallEP                      0x08002ca4   Section        0  usbd_conf.o(i.USBD_LL_IsStallEP)
    i.USBD_LL_IsoINIncomplete                0x08002cc4   Section        0  usbd_core.o(i.USBD_LL_IsoINIncomplete)
    i.USBD_LL_IsoOUTIncomplete               0x08002cc8   Section        0  usbd_core.o(i.USBD_LL_IsoOUTIncomplete)
    i.USBD_LL_OpenEP                         0x08002ccc   Section        0  usbd_conf.o(i.USBD_LL_OpenEP)
    i.USBD_LL_PrepareReceive                 0x08002ce4   Section        0  usbd_conf.o(i.USBD_LL_PrepareReceive)
    i.USBD_LL_Reset                          0x08002cf6   Section        0  usbd_core.o(i.USBD_LL_Reset)
    i.USBD_LL_Resume                         0x08002d48   Section        0  usbd_core.o(i.USBD_LL_Resume)
    i.USBD_LL_SOF                            0x08002d5c   Section        0  usbd_core.o(i.USBD_LL_SOF)
    i.USBD_LL_SetSpeed                       0x08002d74   Section        0  usbd_core.o(i.USBD_LL_SetSpeed)
    i.USBD_LL_SetUSBAddress                  0x08002d7a   Section        0  usbd_conf.o(i.USBD_LL_SetUSBAddress)
    i.USBD_LL_SetupStage                     0x08002d8c   Section        0  usbd_core.o(i.USBD_LL_SetupStage)
    i.USBD_LL_StallEP                        0x08002dec   Section        0  usbd_conf.o(i.USBD_LL_StallEP)
    i.USBD_LL_Start                          0x08002dfe   Section        0  usbd_conf.o(i.USBD_LL_Start)
    i.USBD_LL_Suspend                        0x08002e10   Section        0  usbd_core.o(i.USBD_LL_Suspend)
    i.USBD_LL_Transmit                       0x08002e22   Section        0  usbd_conf.o(i.USBD_LL_Transmit)
    i.USBD_ParseSetupRequest                 0x08002e34   Section        0  usbd_ctlreq.o(i.USBD_ParseSetupRequest)
    i.USBD_RegisterClass                     0x08002e60   Section        0  usbd_core.o(i.USBD_RegisterClass)
    i.USBD_SetClassConfig                    0x08002e82   Section        0  usbd_core.o(i.USBD_SetClassConfig)
    i.USBD_SetConfig                         0x08002e98   Section        0  usbd_ctlreq.o(i.USBD_SetConfig)
    USBD_SetConfig                           0x08002e99   Thumb Code   182  usbd_ctlreq.o(i.USBD_SetConfig)
    i.USBD_Start                             0x08002f54   Section        0  usbd_core.o(i.USBD_Start)
    i.USBD_StdDevReq                         0x08002f58   Section        0  usbd_ctlreq.o(i.USBD_StdDevReq)
    i.USBD_StdEPReq                          0x0800306c   Section        0  usbd_ctlreq.o(i.USBD_StdEPReq)
    i.USBD_StdItfReq                         0x080031b8   Section        0  usbd_ctlreq.o(i.USBD_StdItfReq)
    i.USB_ActivateEndpoint                   0x0800320c   Section        0  stm32f4xx_ll_usb.o(i.USB_ActivateEndpoint)
    i.USB_ActivateSetup                      0x0800328c   Section        0  stm32f4xx_ll_usb.o(i.USB_ActivateSetup)
    i.USB_CoreInit                           0x080032a8   Section        0  stm32f4xx_ll_usb.o(i.USB_CoreInit)
    i.USB_CoreReset                          0x0800331c   Section        0  stm32f4xx_ll_usb.o(i.USB_CoreReset)
    USB_CoreReset                            0x0800331d   Thumb Code    50  stm32f4xx_ll_usb.o(i.USB_CoreReset)
    i.USB_DeactivateEndpoint                 0x08003354   Section        0  stm32f4xx_ll_usb.o(i.USB_DeactivateEndpoint)
    i.USB_DevConnect                         0x08003420   Section        0  stm32f4xx_ll_usb.o(i.USB_DevConnect)
    i.USB_DevDisconnect                      0x08003438   Section        0  stm32f4xx_ll_usb.o(i.USB_DevDisconnect)
    i.USB_DevInit                            0x08003450   Section        0  stm32f4xx_ll_usb.o(i.USB_DevInit)
    i.USB_DisableGlobalInt                   0x080035c4   Section        0  stm32f4xx_ll_usb.o(i.USB_DisableGlobalInt)
    i.USB_EP0StartXfer                       0x080035d0   Section        0  stm32f4xx_ll_usb.o(i.USB_EP0StartXfer)
    i.USB_EP0_OutStart                       0x080036e8   Section        0  stm32f4xx_ll_usb.o(i.USB_EP0_OutStart)
    i.USB_EPClearStall                       0x08003740   Section        0  stm32f4xx_ll_usb.o(i.USB_EPClearStall)
    i.USB_EPSetStall                         0x08003798   Section        0  stm32f4xx_ll_usb.o(i.USB_EPSetStall)
    i.USB_EPStartXfer                        0x080037f0   Section        0  stm32f4xx_ll_usb.o(i.USB_EPStartXfer)
    i.USB_EnableGlobalInt                    0x080039d8   Section        0  stm32f4xx_ll_usb.o(i.USB_EnableGlobalInt)
    i.USB_FlushRxFifo                        0x080039e4   Section        0  stm32f4xx_ll_usb.o(i.USB_FlushRxFifo)
    i.USB_FlushTxFifo                        0x08003a04   Section        0  stm32f4xx_ll_usb.o(i.USB_FlushTxFifo)
    i.USB_GetDevSpeed                        0x08003a28   Section        0  stm32f4xx_ll_usb.o(i.USB_GetDevSpeed)
    i.USB_GetMode                            0x08003a42   Section        0  stm32f4xx_ll_usb.o(i.USB_GetMode)
    i.USB_ReadDevAllInEpInterrupt            0x08003a4a   Section        0  stm32f4xx_ll_usb.o(i.USB_ReadDevAllInEpInterrupt)
    i.USB_ReadDevAllOutEpInterrupt           0x08003a58   Section        0  stm32f4xx_ll_usb.o(i.USB_ReadDevAllOutEpInterrupt)
    i.USB_ReadDevInEPInterrupt               0x08003a66   Section        0  stm32f4xx_ll_usb.o(i.USB_ReadDevInEPInterrupt)
    i.USB_ReadDevOutEPInterrupt              0x08003a8a   Section        0  stm32f4xx_ll_usb.o(i.USB_ReadDevOutEPInterrupt)
    i.USB_ReadInterrupts                     0x08003a9a   Section        0  stm32f4xx_ll_usb.o(i.USB_ReadInterrupts)
    i.USB_ReadPacket                         0x08003aa2   Section        0  stm32f4xx_ll_usb.o(i.USB_ReadPacket)
    i.USB_SetCurrentMode                     0x08003abe   Section        0  stm32f4xx_ll_usb.o(i.USB_SetCurrentMode)
    i.USB_SetDevAddress                      0x08003aec   Section        0  stm32f4xx_ll_usb.o(i.USB_SetDevAddress)
    i.USB_SetTurnaroundTime                  0x08003b10   Section        0  stm32f4xx_ll_usb.o(i.USB_SetTurnaroundTime)
    i.USB_WritePacket                        0x08003bf8   Section        0  stm32f4xx_ll_usb.o(i.USB_WritePacket)
    i.UsageFault_Handler                     0x08003c1c   Section        0  stm32f4xx_it.o(i.UsageFault_Handler)
    i.__NVIC_SetPriority                     0x08003c1e   Section        0  stm32f4xx_hal_cortex.o(i.__NVIC_SetPriority)
    __NVIC_SetPriority                       0x08003c1f   Thumb Code    32  stm32f4xx_hal_cortex.o(i.__NVIC_SetPriority)
    i.__scatterload_copy                     0x08003c3e   Section       14  handlers.o(i.__scatterload_copy)
    i.__scatterload_null                     0x08003c4c   Section        2  handlers.o(i.__scatterload_null)
    i.__scatterload_zeroinit                 0x08003c4e   Section       14  handlers.o(i.__scatterload_zeroinit)
    i.free                                   0x08003c5c   Section        0  malloc.o(i.free)
    i.main                                   0x08003cac   Section        0  main.o(i.main)
    i.malloc                                 0x08003d9c   Section        0  malloc.o(i.malloc)
    .constdata                               0x08003e08   Section       16  system_stm32f4xx.o(.constdata)
    .data                                    0x20000000   Section      164  busadoptor32.o(.data)
    dummydata                                0x20000008   Data           4  busadoptor32.o(.data)
    __FilterMode                             0x2000000c   Data           8  busadoptor32.o(.data)
    __FilterScale                            0x20000014   Data           8  busadoptor32.o(.data)
    __FilterFIFOAssignment                   0x2000001c   Data           8  busadoptor32.o(.data)
    __TimeSeg1                               0x20000024   Data          64  busadoptor32.o(.data)
    __TimeSeg2                               0x20000064   Data          32  busadoptor32.o(.data)
    __SyncJumpWidth                          0x20000084   Data          16  busadoptor32.o(.data)
    __Mode                                   0x20000094   Data          16  busadoptor32.o(.data)
    .data                                    0x200000a4   Section       28  usbd_desc.o(.data)
    .data                                    0x200000c0   Section       50  usbd_desc.o(.data)
    .data                                    0x200000f4   Section       20  usbd_cdc_if.o(.data)
    .data                                    0x20000108   Section       20  usbd_cdc_if.o(.data)
    .data                                    0x2000011c   Section        1  usbd_cdc_if.o(.data)
    .data                                    0x2000011d   Section        1  usbd_cdc_if.o(.data)
    .data                                    0x2000011e   Section        1  usbd_cdc_if.o(.data)
    .data                                    0x20000120   Section       12  stm32f4xx_hal.o(.data)
    .data                                    0x2000012c   Section        4  system_stm32f4xx.o(.data)
    .data                                    0x20000130   Section        1  usbd_ctlreq.o(.data)
    cfgidx                                   0x20000130   Data           1  usbd_ctlreq.o(.data)
    .data                                    0x20000134   Section      215  usbd_cdc.o(.data)
    USBD_CDC_DeviceQualifierDesc             0x20000134   Data          10  usbd_cdc.o(.data)
    USBD_CDC_CfgHSDesc                       0x20000140   Data          67  usbd_cdc.o(.data)
    USBD_CDC_CfgFSDesc                       0x20000184   Data          67  usbd_cdc.o(.data)
    USBD_CDC_OtherSpeedCfgDesc               0x200001c8   Data          67  usbd_cdc.o(.data)
    .data                                    0x2000020c   Section       56  usbd_cdc.o(.data)
    .data                                    0x20000244   Section        4  mvars.o(.data)
    .data                                    0x20000248   Section        4  mvars.o(.data)
    .bss                                     0x2000024c   Section       40  can.o(.bss)
    .bss                                     0x20000274   Section      720  usb_device.o(.bss)
    .bss                                     0x20000544   Section     1032  usbd_conf.o(.bss)
    .bss                                     0x2000094c   Section      512  usbd_desc.o(.bss)
    .bss                                     0x20000b4c   Section     8192  usbd_cdc_if.o(.bss)
    HEAP                                     0x20002b50   Section     1024  startup_stm32f407xx.o(HEAP)
    STACK                                    0x20002f50   Section     1024  startup_stm32f407xx.o(STACK)

    Global Symbols

    Symbol Name                              Value     Ov Type        Size  Object(Section)

    BuildAttributes$$THM_ISAv4$E$P$D$K$B$S$7EM$VFPi3$EXTD16$VFPS$VFMA$PE$A:L22UL41UL21$X:L11$S22US41US21$IEEE1$IW$USESV6$~STKCKD$USESV7$~SHL$OSPACE$EBA8$MICROLIB$REQ8$PRES8$EABIv2 0x00000000   Number         0  anon$$obj.o ABSOLUTE
    __ARM_use_no_argv                        0x00000000   Number         0  main.o ABSOLUTE
    __cpp_initialize__aeabi_                  - Undefined Weak Reference
    __cxa_finalize                            - Undefined Weak Reference
    _clock_init                               - Undefined Weak Reference
    _microlib_exit                            - Undefined Weak Reference
    __Vectors_Size                           0x00000188   Number         0  startup_stm32f407xx.o ABSOLUTE
    __Vectors                                0x08000000   Data           4  startup_stm32f407xx.o(RESET)
    __Vectors_End                            0x08000188   Data           0  startup_stm32f407xx.o(RESET)
    __main                                   0x08000189   Thumb Code     0  entry.o(.ARM.Collect$$$$00000000)
    _main_stk                                0x08000189   Thumb Code     0  entry2.o(.ARM.Collect$$$$00000001)
    _main_scatterload                        0x0800018d   Thumb Code     0  entry5.o(.ARM.Collect$$$$00000004)
    __main_after_scatterload                 0x08000191   Thumb Code     0  entry5.o(.ARM.Collect$$$$00000004)
    _main_clock                              0x08000191   Thumb Code     0  entry7b.o(.ARM.Collect$$$$00000008)
    _main_cpp_init                           0x08000191   Thumb Code     0  entry8b.o(.ARM.Collect$$$$0000000A)
    _main_init                               0x08000191   Thumb Code     0  entry9a.o(.ARM.Collect$$$$0000000B)
    __rt_final_cpp                           0x08000199   Thumb Code     0  entry10a.o(.ARM.Collect$$$$0000000D)
    __rt_final_exit                          0x08000199   Thumb Code     0  entry11a.o(.ARM.Collect$$$$0000000F)
    Reset_Handler                            0x0800019d   Thumb Code     8  startup_stm32f407xx.o(.text)
    ADC_IRQHandler                           0x080001b7   Thumb Code     0  startup_stm32f407xx.o(.text)
    CAN1_SCE_IRQHandler                      0x080001b7   Thumb Code     0  startup_stm32f407xx.o(.text)
    CAN1_TX_IRQHandler                       0x080001b7   Thumb Code     0  startup_stm32f407xx.o(.text)
    CAN2_RX0_IRQHandler                      0x080001b7   Thumb Code     0  startup_stm32f407xx.o(.text)
    CAN2_RX1_IRQHandler                      0x080001b7   Thumb Code     0  startup_stm32f407xx.o(.text)
    CAN2_SCE_IRQHandler                      0x080001b7   Thumb Code     0  startup_stm32f407xx.o(.text)
    CAN2_TX_IRQHandler                       0x080001b7   Thumb Code     0  startup_stm32f407xx.o(.text)
    DCMI_IRQHandler                          0x080001b7   Thumb Code     0  startup_stm32f407xx.o(.text)
    DMA1_Stream0_IRQHandler                  0x080001b7   Thumb Code     0  startup_stm32f407xx.o(.text)
    DMA1_Stream1_IRQHandler                  0x080001b7   Thumb Code     0  startup_stm32f407xx.o(.text)
    DMA1_Stream2_IRQHandler                  0x080001b7   Thumb Code     0  startup_stm32f407xx.o(.text)
    DMA1_Stream3_IRQHandler                  0x080001b7   Thumb Code     0  startup_stm32f407xx.o(.text)
    DMA1_Stream4_IRQHandler                  0x080001b7   Thumb Code     0  startup_stm32f407xx.o(.text)
    DMA1_Stream5_IRQHandler                  0x080001b7   Thumb Code     0  startup_stm32f407xx.o(.text)
    DMA1_Stream6_IRQHandler                  0x080001b7   Thumb Code     0  startup_stm32f407xx.o(.text)
    DMA1_Stream7_IRQHandler                  0x080001b7   Thumb Code     0  startup_stm32f407xx.o(.text)
    DMA2_Stream0_IRQHandler                  0x080001b7   Thumb Code     0  startup_stm32f407xx.o(.text)
    DMA2_Stream1_IRQHandler                  0x080001b7   Thumb Code     0  startup_stm32f407xx.o(.text)
    DMA2_Stream2_IRQHandler                  0x080001b7   Thumb Code     0  startup_stm32f407xx.o(.text)
    DMA2_Stream3_IRQHandler                  0x080001b7   Thumb Code     0  startup_stm32f407xx.o(.text)
    DMA2_Stream4_IRQHandler                  0x080001b7   Thumb Code     0  startup_stm32f407xx.o(.text)
    DMA2_Stream5_IRQHandler                  0x080001b7   Thumb Code     0  startup_stm32f407xx.o(.text)
    DMA2_Stream6_IRQHandler                  0x080001b7   Thumb Code     0  startup_stm32f407xx.o(.text)
    DMA2_Stream7_IRQHandler                  0x080001b7   Thumb Code     0  startup_stm32f407xx.o(.text)
    ETH_IRQHandler                           0x080001b7   Thumb Code     0  startup_stm32f407xx.o(.text)
    ETH_WKUP_IRQHandler                      0x080001b7   Thumb Code     0  startup_stm32f407xx.o(.text)
    EXTI0_IRQHandler                         0x080001b7   Thumb Code     0  startup_stm32f407xx.o(.text)
    EXTI15_10_IRQHandler                     0x080001b7   Thumb Code     0  startup_stm32f407xx.o(.text)
    EXTI1_IRQHandler                         0x080001b7   Thumb Code     0  startup_stm32f407xx.o(.text)
    EXTI2_IRQHandler                         0x080001b7   Thumb Code     0  startup_stm32f407xx.o(.text)
    EXTI3_IRQHandler                         0x080001b7   Thumb Code     0  startup_stm32f407xx.o(.text)
    EXTI4_IRQHandler                         0x080001b7   Thumb Code     0  startup_stm32f407xx.o(.text)
    EXTI9_5_IRQHandler                       0x080001b7   Thumb Code     0  startup_stm32f407xx.o(.text)
    FLASH_IRQHandler                         0x080001b7   Thumb Code     0  startup_stm32f407xx.o(.text)
    FMC_IRQHandler                           0x080001b7   Thumb Code     0  startup_stm32f407xx.o(.text)
    FPU_IRQHandler                           0x080001b7   Thumb Code     0  startup_stm32f407xx.o(.text)
    HASH_RNG_IRQHandler                      0x080001b7   Thumb Code     0  startup_stm32f407xx.o(.text)
    I2C1_ER_IRQHandler                       0x080001b7   Thumb Code     0  startup_stm32f407xx.o(.text)
    I2C1_EV_IRQHandler                       0x080001b7   Thumb Code     0  startup_stm32f407xx.o(.text)
    I2C2_ER_IRQHandler                       0x080001b7   Thumb Code     0  startup_stm32f407xx.o(.text)
    I2C2_EV_IRQHandler                       0x080001b7   Thumb Code     0  startup_stm32f407xx.o(.text)
    I2C3_ER_IRQHandler                       0x080001b7   Thumb Code     0  startup_stm32f407xx.o(.text)
    I2C3_EV_IRQHandler                       0x080001b7   Thumb Code     0  startup_stm32f407xx.o(.text)
    OTG_FS_IRQHandler                        0x080001b7   Thumb Code     0  startup_stm32f407xx.o(.text)
    OTG_FS_WKUP_IRQHandler                   0x080001b7   Thumb Code     0  startup_stm32f407xx.o(.text)
    OTG_HS_EP1_IN_IRQHandler                 0x080001b7   Thumb Code     0  startup_stm32f407xx.o(.text)
    OTG_HS_EP1_OUT_IRQHandler                0x080001b7   Thumb Code     0  startup_stm32f407xx.o(.text)
    OTG_HS_WKUP_IRQHandler                   0x080001b7   Thumb Code     0  startup_stm32f407xx.o(.text)
    PVD_IRQHandler                           0x080001b7   Thumb Code     0  startup_stm32f407xx.o(.text)
    RCC_IRQHandler                           0x080001b7   Thumb Code     0  startup_stm32f407xx.o(.text)
    RTC_Alarm_IRQHandler                     0x080001b7   Thumb Code     0  startup_stm32f407xx.o(.text)
    RTC_WKUP_IRQHandler                      0x080001b7   Thumb Code     0  startup_stm32f407xx.o(.text)
    SDIO_IRQHandler                          0x080001b7   Thumb Code     0  startup_stm32f407xx.o(.text)
    SPI1_IRQHandler                          0x080001b7   Thumb Code     0  startup_stm32f407xx.o(.text)
    SPI2_IRQHandler                          0x080001b7   Thumb Code     0  startup_stm32f407xx.o(.text)
    SPI3_IRQHandler                          0x080001b7   Thumb Code     0  startup_stm32f407xx.o(.text)
    TAMP_STAMP_IRQHandler                    0x080001b7   Thumb Code     0  startup_stm32f407xx.o(.text)
    TIM1_BRK_TIM9_IRQHandler                 0x080001b7   Thumb Code     0  startup_stm32f407xx.o(.text)
    TIM1_CC_IRQHandler                       0x080001b7   Thumb Code     0  startup_stm32f407xx.o(.text)
    TIM1_TRG_COM_TIM11_IRQHandler            0x080001b7   Thumb Code     0  startup_stm32f407xx.o(.text)
    TIM1_UP_TIM10_IRQHandler                 0x080001b7   Thumb Code     0  startup_stm32f407xx.o(.text)
    TIM2_IRQHandler                          0x080001b7   Thumb Code     0  startup_stm32f407xx.o(.text)
    TIM3_IRQHandler                          0x080001b7   Thumb Code     0  startup_stm32f407xx.o(.text)
    TIM4_IRQHandler                          0x080001b7   Thumb Code     0  startup_stm32f407xx.o(.text)
    TIM5_IRQHandler                          0x080001b7   Thumb Code     0  startup_stm32f407xx.o(.text)
    TIM6_DAC_IRQHandler                      0x080001b7   Thumb Code     0  startup_stm32f407xx.o(.text)
    TIM7_IRQHandler                          0x080001b7   Thumb Code     0  startup_stm32f407xx.o(.text)
    TIM8_BRK_TIM12_IRQHandler                0x080001b7   Thumb Code     0  startup_stm32f407xx.o(.text)
    TIM8_CC_IRQHandler                       0x080001b7   Thumb Code     0  startup_stm32f407xx.o(.text)
    TIM8_TRG_COM_TIM14_IRQHandler            0x080001b7   Thumb Code     0  startup_stm32f407xx.o(.text)
    TIM8_UP_TIM13_IRQHandler                 0x080001b7   Thumb Code     0  startup_stm32f407xx.o(.text)
    UART4_IRQHandler                         0x080001b7   Thumb Code     0  startup_stm32f407xx.o(.text)
    UART5_IRQHandler                         0x080001b7   Thumb Code     0  startup_stm32f407xx.o(.text)
    USART1_IRQHandler                        0x080001b7   Thumb Code     0  startup_stm32f407xx.o(.text)
    USART2_IRQHandler                        0x080001b7   Thumb Code     0  startup_stm32f407xx.o(.text)
    USART3_IRQHandler                        0x080001b7   Thumb Code     0  startup_stm32f407xx.o(.text)
    USART6_IRQHandler                        0x080001b7   Thumb Code     0  startup_stm32f407xx.o(.text)
    WWDG_IRQHandler                          0x080001b7   Thumb Code     0  startup_stm32f407xx.o(.text)
    __aeabi_uldivmod                         0x080001c1   Thumb Code    98  uldiv.o(.text)
    __aeabi_memcpy                           0x08000223   Thumb Code    36  memcpya.o(.text)
    __aeabi_memcpy4                          0x08000223   Thumb Code     0  memcpya.o(.text)
    __aeabi_memcpy8                          0x08000223   Thumb Code     0  memcpya.o(.text)
    __aeabi_memset                           0x08000247   Thumb Code    14  memseta.o(.text)
    __aeabi_memset4                          0x08000247   Thumb Code     0  memseta.o(.text)
    __aeabi_memset8                          0x08000247   Thumb Code     0  memseta.o(.text)
    __aeabi_memclr                           0x08000255   Thumb Code     4  memseta.o(.text)
    __aeabi_memclr4                          0x08000255   Thumb Code     0  memseta.o(.text)
    __aeabi_memclr8                          0x08000255   Thumb Code     0  memseta.o(.text)
    _memset$wrapper                          0x08000259   Thumb Code    18  memseta.o(.text)
    __aeabi_llsl                             0x0800026b   Thumb Code    30  llshl.o(.text)
    _ll_shift_l                              0x0800026b   Thumb Code     0  llshl.o(.text)
    __aeabi_llsr                             0x08000289   Thumb Code    32  llushr.o(.text)
    _ll_ushift_r                             0x08000289   Thumb Code     0  llushr.o(.text)
    __scatterload                            0x080002a9   Thumb Code    28  init.o(.text)
    __scatterload_rt2                        0x080002a9   Thumb Code     0  init.o(.text)
    __decompress                             0x080002cd   Thumb Code     0  __dczerorl2.o(.text)
    __decompress1                            0x080002cd   Thumb Code    86  __dczerorl2.o(.text)
    BA_CAN_Filter                            0x08000325   Thumb Code    96  busadoptor32.o(i.BA_CAN_Filter)
    BA_CAN_Init                              0x0800038d   Thumb Code   102  busadoptor32.o(i.BA_CAN_Init)
    BA_CAN_Send                              0x080003fd   Thumb Code    32  busadoptor32.o(i.BA_CAN_Send)
    BA_Decoding                              0x08000425   Thumb Code    76  busadoptor32.o(i.BA_Decoding)
    BusFault_Handler                         0x08000475   Thumb Code     2  stm32f4xx_it.o(i.BusFault_Handler)
    CAN1_RX0_IRQHandler                      0x08000479   Thumb Code     6  stm32f4xx_it.o(i.CAN1_RX0_IRQHandler)
    CAN1_RX1_IRQHandler                      0x08000485   Thumb Code     6  stm32f4xx_it.o(i.CAN1_RX1_IRQHandler)
    CDC_Transmit_HS                          0x08000521   Thumb Code    38  usbd_cdc_if.o(i.CDC_Transmit_HS)
    DebugMon_Handler                         0x0800054d   Thumb Code     2  stm32f4xx_it.o(i.DebugMon_Handler)
    Error_Handler                            0x0800054f   Thumb Code     2  main.o(i.Error_Handler)
    HAL_CAN_ActivateNotification             0x08000551   Thumb Code    36  stm32f4xx_hal_can.o(i.HAL_CAN_ActivateNotification)
    HAL_CAN_AddTxMessage                     0x08000575   Thumb Code   200  stm32f4xx_hal_can.o(i.HAL_CAN_AddTxMessage)
    HAL_CAN_ConfigFilter                     0x0800063d   Thumb Code   262  stm32f4xx_hal_can.o(i.HAL_CAN_ConfigFilter)
    HAL_CAN_DeInit                           0x08000749   Thumb Code    40  stm32f4xx_hal_can.o(i.HAL_CAN_DeInit)
    HAL_CAN_ErrorCallback                    0x08000771   Thumb Code     2  stm32f4xx_hal_can.o(i.HAL_CAN_ErrorCallback)
    HAL_CAN_GetRxMessage                     0x08000773   Thumb Code   232  stm32f4xx_hal_can.o(i.HAL_CAN_GetRxMessage)
    HAL_CAN_IRQHandler                       0x0800085b   Thumb Code   508  stm32f4xx_hal_can.o(i.HAL_CAN_IRQHandler)
    HAL_CAN_Init                             0x08000a57   Thumb Code   282  stm32f4xx_hal_can.o(i.HAL_CAN_Init)
    HAL_CAN_MspDeInit                        0x08000b71   Thumb Code    48  can.o(i.HAL_CAN_MspDeInit)
    HAL_CAN_MspInit                          0x08000bad   Thumb Code   126  can.o(i.HAL_CAN_MspInit)
    HAL_CAN_RxFifo0FullCallback              0x08000c39   Thumb Code     2  stm32f4xx_hal_can.o(i.HAL_CAN_RxFifo0FullCallback)
    HAL_CAN_RxFifo0MsgPendingCallback        0x08000c3d   Thumb Code    60  busadoptor32.o(i.HAL_CAN_RxFifo0MsgPendingCallback)
    HAL_CAN_RxFifo1FullCallback              0x08000c8d   Thumb Code     2  stm32f4xx_hal_can.o(i.HAL_CAN_RxFifo1FullCallback)
    HAL_CAN_RxFifo1MsgPendingCallback        0x08000c91   Thumb Code    60  busadoptor32.o(i.HAL_CAN_RxFifo1MsgPendingCallback)
    HAL_CAN_SleepCallback                    0x08000ce1   Thumb Code     2  stm32f4xx_hal_can.o(i.HAL_CAN_SleepCallback)
    HAL_CAN_Start                            0x08000ce5   Thumb Code    88  stm32f4xx_hal_can.o(i.HAL_CAN_Start)
    HAL_CAN_Stop                             0x08000d3d   Thumb Code    96  stm32f4xx_hal_can.o(i.HAL_CAN_Stop)
    HAL_CAN_TxMailbox0AbortCallback          0x08000d9d   Thumb Code     2  stm32f4xx_hal_can.o(i.HAL_CAN_TxMailbox0AbortCallback)
    HAL_CAN_TxMailbox0CompleteCallback       0x08000d9f   Thumb Code     2  stm32f4xx_hal_can.o(i.HAL_CAN_TxMailbox0CompleteCallback)
    HAL_CAN_TxMailbox1AbortCallback          0x08000da1   Thumb Code     2  stm32f4xx_hal_can.o(i.HAL_CAN_TxMailbox1AbortCallback)
    HAL_CAN_TxMailbox1CompleteCallback       0x08000da3   Thumb Code     2  stm32f4xx_hal_can.o(i.HAL_CAN_TxMailbox1CompleteCallback)
    HAL_CAN_TxMailbox2AbortCallback          0x08000da5   Thumb Code     2  stm32f4xx_hal_can.o(i.HAL_CAN_TxMailbox2AbortCallback)
    HAL_CAN_TxMailbox2CompleteCallback       0x08000da7   Thumb Code     2  stm32f4xx_hal_can.o(i.HAL_CAN_TxMailbox2CompleteCallback)
    HAL_CAN_WakeUpFromRxMsgCallback          0x08000da9   Thumb Code     2  stm32f4xx_hal_can.o(i.HAL_CAN_WakeUpFromRxMsgCallback)
    HAL_Delay                                0x08000dad   Thumb Code    32  stm32f4xx_hal.o(i.HAL_Delay)
    HAL_GPIO_DeInit                          0x08000dd1   Thumb Code   320  stm32f4xx_hal_gpio.o(i.HAL_GPIO_DeInit)
    HAL_GPIO_Init                            0x08000f39   Thumb Code   394  stm32f4xx_hal_gpio.o(i.HAL_GPIO_Init)
    HAL_GPIO_TogglePin                       0x080010f1   Thumb Code    14  stm32f4xx_hal_gpio.o(i.HAL_GPIO_TogglePin)
    HAL_GPIO_WritePin                        0x080010ff   Thumb Code    10  stm32f4xx_hal_gpio.o(i.HAL_GPIO_WritePin)
    HAL_GetTick                              0x08001109   Thumb Code     6  stm32f4xx_hal.o(i.HAL_GetTick)
    HAL_IncTick                              0x08001115   Thumb Code    12  stm32f4xx_hal.o(i.HAL_IncTick)
    HAL_Init                                 0x08001125   Thumb Code    48  stm32f4xx_hal.o(i.HAL_Init)
    HAL_InitTick                             0x08001159   Thumb Code    54  stm32f4xx_hal.o(i.HAL_InitTick)
    HAL_MspInit                              0x08001199   Thumb Code    42  stm32f4xx_hal_msp.o(i.HAL_MspInit)
    HAL_NVIC_DisableIRQ                      0x080011c9   Thumb Code    34  stm32f4xx_hal_cortex.o(i.HAL_NVIC_DisableIRQ)
    HAL_NVIC_EnableIRQ                       0x080011eb   Thumb Code    26  stm32f4xx_hal_cortex.o(i.HAL_NVIC_EnableIRQ)
    HAL_NVIC_SetPriority                     0x08001205   Thumb Code    60  stm32f4xx_hal_cortex.o(i.HAL_NVIC_SetPriority)
    HAL_NVIC_SetPriorityGrouping             0x08001245   Thumb Code    26  stm32f4xx_hal_cortex.o(i.HAL_NVIC_SetPriorityGrouping)
    HAL_PCDEx_LPM_Callback                   0x08001269   Thumb Code     2  stm32f4xx_hal_pcd_ex.o(i.HAL_PCDEx_LPM_Callback)
    HAL_PCDEx_SetRxFiFo                      0x0800126b   Thumb Code     8  stm32f4xx_hal_pcd_ex.o(i.HAL_PCDEx_SetRxFiFo)
    HAL_PCDEx_SetTxFiFo                      0x08001273   Thumb Code    68  stm32f4xx_hal_pcd_ex.o(i.HAL_PCDEx_SetTxFiFo)
    HAL_PCD_ConnectCallback                  0x080012b7   Thumb Code     8  usbd_conf.o(i.HAL_PCD_ConnectCallback)
    HAL_PCD_DataInStageCallback              0x080012bf   Thumb Code    18  usbd_conf.o(i.HAL_PCD_DataInStageCallback)
    HAL_PCD_DataOutStageCallback             0x080012d1   Thumb Code    20  usbd_conf.o(i.HAL_PCD_DataOutStageCallback)
    HAL_PCD_DisconnectCallback               0x080012e5   Thumb Code     8  usbd_conf.o(i.HAL_PCD_DisconnectCallback)
    HAL_PCD_EP_Close                         0x080012ed   Thumb Code    76  stm32f4xx_hal_pcd.o(i.HAL_PCD_EP_Close)
    HAL_PCD_EP_ClrStall                      0x08001339   Thumb Code    92  stm32f4xx_hal_pcd.o(i.HAL_PCD_EP_ClrStall)
    HAL_PCD_EP_GetRxCount                    0x08001395   Thumb Code    18  stm32f4xx_hal_pcd.o(i.HAL_PCD_EP_GetRxCount)
    HAL_PCD_EP_Open                          0x080013a7   Thumb Code    96  stm32f4xx_hal_pcd.o(i.HAL_PCD_EP_Open)
    HAL_PCD_EP_Receive                       0x08001407   Thumb Code    72  stm32f4xx_hal_pcd.o(i.HAL_PCD_EP_Receive)
    HAL_PCD_EP_SetStall                      0x0800144f   Thumb Code   116  stm32f4xx_hal_pcd.o(i.HAL_PCD_EP_SetStall)
    HAL_PCD_EP_Transmit                      0x080014c3   Thumb Code    64  stm32f4xx_hal_pcd.o(i.HAL_PCD_EP_Transmit)
    HAL_PCD_IRQHandler                       0x08001505   Thumb Code  1070  stm32f4xx_hal_pcd.o(i.HAL_PCD_IRQHandler)
    HAL_PCD_ISOINIncompleteCallback          0x08001939   Thumb Code     8  usbd_conf.o(i.HAL_PCD_ISOINIncompleteCallback)
    HAL_PCD_ISOOUTIncompleteCallback         0x08001941   Thumb Code     8  usbd_conf.o(i.HAL_PCD_ISOOUTIncompleteCallback)
    HAL_PCD_Init                             0x08001949   Thumb Code   226  stm32f4xx_hal_pcd.o(i.HAL_PCD_Init)
    HAL_PCD_MspInit                          0x08001a2d   Thumb Code   194  usbd_conf.o(i.HAL_PCD_MspInit)
    HAL_PCD_ResetCallback                    0x08001b05   Thumb Code    44  usbd_conf.o(i.HAL_PCD_ResetCallback)
    HAL_PCD_ResumeCallback                   0x08001b31   Thumb Code     8  usbd_conf.o(i.HAL_PCD_ResumeCallback)
    HAL_PCD_SOFCallback                      0x08001b39   Thumb Code     8  usbd_conf.o(i.HAL_PCD_SOFCallback)
    HAL_PCD_SetAddress                       0x08001b41   Thumb Code    40  stm32f4xx_hal_pcd.o(i.HAL_PCD_SetAddress)
    HAL_PCD_SetupStageCallback               0x08001b69   Thumb Code    14  usbd_conf.o(i.HAL_PCD_SetupStageCallback)
    HAL_PCD_Start                            0x08001b77   Thumb Code    66  stm32f4xx_hal_pcd.o(i.HAL_PCD_Start)
    HAL_PCD_SuspendCallback                  0x08001bb9   Thumb Code    44  usbd_conf.o(i.HAL_PCD_SuspendCallback)
    HAL_RCC_ClockConfig                      0x08001be9   Thumb Code   288  stm32f4xx_hal_rcc.o(i.HAL_RCC_ClockConfig)
    HAL_RCC_GetHCLKFreq                      0x08001d1d   Thumb Code     6  stm32f4xx_hal_rcc.o(i.HAL_RCC_GetHCLKFreq)
    HAL_RCC_GetSysClockFreq                  0x08001d29   Thumb Code    88  stm32f4xx_hal_rcc.o(i.HAL_RCC_GetSysClockFreq)
    HAL_RCC_OscConfig                        0x08001d89   Thumb Code   840  stm32f4xx_hal_rcc.o(i.HAL_RCC_OscConfig)
    HAL_SYSTICK_Config                       0x080020e5   Thumb Code    40  stm32f4xx_hal_cortex.o(i.HAL_SYSTICK_Config)
    HardFault_Handler                        0x0800210d   Thumb Code     2  stm32f4xx_it.o(i.HardFault_Handler)
    MX_CAN1_Init                             0x08002149   Thumb Code    60  can.o(i.MX_CAN1_Init)
    MX_GPIO_Init                             0x0800218d   Thumb Code   170  gpio.o(i.MX_GPIO_Init)
    MX_USB_DEVICE_Init                       0x08002245   Thumb Code    66  usb_device.o(i.MX_USB_DEVICE_Init)
    MemManage_Handler                        0x08002299   Thumb Code     2  stm32f4xx_it.o(i.MemManage_Handler)
    NMI_Handler                              0x0800229b   Thumb Code     2  stm32f4xx_it.o(i.NMI_Handler)
    OTG_HS_IRQHandler                        0x0800229d   Thumb Code     6  stm32f4xx_it.o(i.OTG_HS_IRQHandler)
    PendSV_Handler                           0x08002417   Thumb Code     2  stm32f4xx_it.o(i.PendSV_Handler)
    SVC_Handler                              0x08002419   Thumb Code     2  stm32f4xx_it.o(i.SVC_Handler)
    SysTick_Handler                          0x08002425   Thumb Code     4  stm32f4xx_it.o(i.SysTick_Handler)
    SystemClock_Config                       0x08002429   Thumb Code   122  main.o(i.SystemClock_Config)
    SystemInit                               0x080024ad   Thumb Code    22  system_stm32f4xx.o(i.SystemInit)
    USBD_CDC_GetDeviceQualifierDescriptor    0x080025c5   Thumb Code     8  usbd_cdc.o(i.USBD_CDC_GetDeviceQualifierDescriptor)
    USBD_CDC_ReceivePacket                   0x08002697   Thumb Code    40  usbd_cdc.o(i.USBD_CDC_ReceivePacket)
    USBD_CDC_RegisterInterface               0x080026bf   Thumb Code    14  usbd_cdc.o(i.USBD_CDC_RegisterInterface)
    USBD_CDC_SetRxBuffer                     0x080026cd   Thumb Code    12  usbd_cdc.o(i.USBD_CDC_SetRxBuffer)
    USBD_CDC_SetTxBuffer                     0x080026d9   Thumb Code    16  usbd_cdc.o(i.USBD_CDC_SetTxBuffer)
    USBD_CDC_TransmitPacket                  0x08002799   Thumb Code    54  usbd_cdc.o(i.USBD_CDC_TransmitPacket)
    USBD_ClrClassConfig                      0x080027cf   Thumb Code    16  usbd_core.o(i.USBD_ClrClassConfig)
    USBD_CtlContinueRx                       0x080027df   Thumb Code    16  usbd_ioreq.o(i.USBD_CtlContinueRx)
    USBD_CtlContinueSendData                 0x080027ef   Thumb Code    16  usbd_ioreq.o(i.USBD_CtlContinueSendData)
    USBD_CtlError                            0x080027ff   Thumb Code    22  usbd_ctlreq.o(i.USBD_CtlError)
    USBD_CtlPrepareRx                        0x08002815   Thumb Code    30  usbd_ioreq.o(i.USBD_CtlPrepareRx)
    USBD_CtlReceiveStatus                    0x08002833   Thumb Code    22  usbd_ioreq.o(i.USBD_CtlReceiveStatus)
    USBD_CtlSendData                         0x08002849   Thumb Code    26  usbd_ioreq.o(i.USBD_CtlSendData)
    USBD_CtlSendStatus                       0x08002863   Thumb Code    22  usbd_ioreq.o(i.USBD_CtlSendStatus)
    USBD_GetString                           0x0800295f   Thumb Code    72  usbd_ctlreq.o(i.USBD_GetString)
    USBD_Get_USB_Status                      0x080029a7   Thumb Code    24  usbd_conf.o(i.USBD_Get_USB_Status)
    USBD_HS_ConfigStrDescriptor              0x080029c1   Thumb Code    16  usbd_desc.o(i.USBD_HS_ConfigStrDescriptor)
    USBD_HS_DeviceDescriptor                 0x080029e1   Thumb Code     8  usbd_desc.o(i.USBD_HS_DeviceDescriptor)
    USBD_HS_InterfaceStrDescriptor           0x080029ed   Thumb Code    16  usbd_desc.o(i.USBD_HS_InterfaceStrDescriptor)
    USBD_HS_LangIDStrDescriptor              0x08002a11   Thumb Code     8  usbd_desc.o(i.USBD_HS_LangIDStrDescriptor)
    USBD_HS_ManufacturerStrDescriptor        0x08002a1d   Thumb Code    16  usbd_desc.o(i.USBD_HS_ManufacturerStrDescriptor)
    USBD_HS_ProductStrDescriptor             0x08002a45   Thumb Code    16  usbd_desc.o(i.USBD_HS_ProductStrDescriptor)
    USBD_HS_SerialStrDescriptor              0x08002a71   Thumb Code    48  usbd_desc.o(i.USBD_HS_SerialStrDescriptor)
    USBD_Init                                0x08002aa9   Thumb Code    52  usbd_core.o(i.USBD_Init)
    USBD_LL_ClearStallEP                     0x08002add   Thumb Code    18  usbd_conf.o(i.USBD_LL_ClearStallEP)
    USBD_LL_CloseEP                          0x08002aef   Thumb Code    18  usbd_conf.o(i.USBD_LL_CloseEP)
    USBD_LL_DataInStage                      0x08002b01   Thumb Code   170  usbd_core.o(i.USBD_LL_DataInStage)
    USBD_LL_DataOutStage                     0x08002bab   Thumb Code   110  usbd_core.o(i.USBD_LL_DataOutStage)
    USBD_LL_DevConnected                     0x08002c19   Thumb Code     4  usbd_core.o(i.USBD_LL_DevConnected)
    USBD_LL_DevDisconnected                  0x08002c1d   Thumb Code    24  usbd_core.o(i.USBD_LL_DevDisconnected)
    USBD_LL_GetRxDataSize                    0x08002c35   Thumb Code     8  usbd_conf.o(i.USBD_LL_GetRxDataSize)
    USBD_LL_Init                             0x08002c3d   Thumb Code    96  usbd_conf.o(i.USBD_LL_Init)
    USBD_LL_IsStallEP                        0x08002ca5   Thumb Code    32  usbd_conf.o(i.USBD_LL_IsStallEP)
    USBD_LL_IsoINIncomplete                  0x08002cc5   Thumb Code     4  usbd_core.o(i.USBD_LL_IsoINIncomplete)
    USBD_LL_IsoOUTIncomplete                 0x08002cc9   Thumb Code     4  usbd_core.o(i.USBD_LL_IsoOUTIncomplete)
    USBD_LL_OpenEP                           0x08002ccd   Thumb Code    24  usbd_conf.o(i.USBD_LL_OpenEP)
    USBD_LL_PrepareReceive                   0x08002ce5   Thumb Code    18  usbd_conf.o(i.USBD_LL_PrepareReceive)
    USBD_LL_Reset                            0x08002cf7   Thumb Code    82  usbd_core.o(i.USBD_LL_Reset)
    USBD_LL_Resume                           0x08002d49   Thumb Code    20  usbd_core.o(i.USBD_LL_Resume)
    USBD_LL_SOF                              0x08002d5d   Thumb Code    24  usbd_core.o(i.USBD_LL_SOF)
    USBD_LL_SetSpeed                         0x08002d75   Thumb Code     6  usbd_core.o(i.USBD_LL_SetSpeed)
    USBD_LL_SetUSBAddress                    0x08002d7b   Thumb Code    18  usbd_conf.o(i.USBD_LL_SetUSBAddress)
    USBD_LL_SetupStage                       0x08002d8d   Thumb Code    96  usbd_core.o(i.USBD_LL_SetupStage)
    USBD_LL_StallEP                          0x08002ded   Thumb Code    18  usbd_conf.o(i.USBD_LL_StallEP)
    USBD_LL_Start                            0x08002dff   Thumb Code    18  usbd_conf.o(i.USBD_LL_Start)
    USBD_LL_Suspend                          0x08002e11   Thumb Code    18  usbd_core.o(i.USBD_LL_Suspend)
    USBD_LL_Transmit                         0x08002e23   Thumb Code    18  usbd_conf.o(i.USBD_LL_Transmit)
    USBD_ParseSetupRequest                   0x08002e35   Thumb Code    44  usbd_ctlreq.o(i.USBD_ParseSetupRequest)
    USBD_RegisterClass                       0x08002e61   Thumb Code    34  usbd_core.o(i.USBD_RegisterClass)
    USBD_SetClassConfig                      0x08002e83   Thumb Code    20  usbd_core.o(i.USBD_SetClassConfig)
    USBD_Start                               0x08002f55   Thumb Code     4  usbd_core.o(i.USBD_Start)
    USBD_StdDevReq                           0x08002f59   Thumb Code   276  usbd_ctlreq.o(i.USBD_StdDevReq)
    USBD_StdEPReq                            0x0800306d   Thumb Code   332  usbd_ctlreq.o(i.USBD_StdEPReq)
    USBD_StdItfReq                           0x080031b9   Thumb Code    82  usbd_ctlreq.o(i.USBD_StdItfReq)
    USB_ActivateEndpoint                     0x0800320d   Thumb Code   122  stm32f4xx_ll_usb.o(i.USB_ActivateEndpoint)
    USB_ActivateSetup                        0x0800328d   Thumb Code    28  stm32f4xx_ll_usb.o(i.USB_ActivateSetup)
    USB_CoreInit                             0x080032a9   Thumb Code   112  stm32f4xx_ll_usb.o(i.USB_CoreInit)
    USB_DeactivateEndpoint                   0x08003355   Thumb Code   194  stm32f4xx_ll_usb.o(i.USB_DeactivateEndpoint)
    USB_DevConnect                           0x08003421   Thumb Code    24  stm32f4xx_ll_usb.o(i.USB_DevConnect)
    USB_DevDisconnect                        0x08003439   Thumb Code    24  stm32f4xx_ll_usb.o(i.USB_DevDisconnect)
    USB_DevInit                              0x08003451   Thumb Code   362  stm32f4xx_ll_usb.o(i.USB_DevInit)
    USB_DisableGlobalInt                     0x080035c5   Thumb Code    12  stm32f4xx_ll_usb.o(i.USB_DisableGlobalInt)
    USB_EP0StartXfer                         0x080035d1   Thumb Code   276  stm32f4xx_ll_usb.o(i.USB_EP0StartXfer)
    USB_EP0_OutStart                         0x080036e9   Thumb Code    84  stm32f4xx_ll_usb.o(i.USB_EP0_OutStart)
    USB_EPClearStall                         0x08003741   Thumb Code    88  stm32f4xx_ll_usb.o(i.USB_EPClearStall)
    USB_EPSetStall                           0x08003799   Thumb Code    88  stm32f4xx_ll_usb.o(i.USB_EPSetStall)
    USB_EPStartXfer                          0x080037f1   Thumb Code   482  stm32f4xx_ll_usb.o(i.USB_EPStartXfer)
    USB_EnableGlobalInt                      0x080039d9   Thumb Code    12  stm32f4xx_ll_usb.o(i.USB_EnableGlobalInt)
    USB_FlushRxFifo                          0x080039e5   Thumb Code    28  stm32f4xx_ll_usb.o(i.USB_FlushRxFifo)
    USB_FlushTxFifo                          0x08003a05   Thumb Code    32  stm32f4xx_ll_usb.o(i.USB_FlushTxFifo)
    USB_GetDevSpeed                          0x08003a29   Thumb Code    26  stm32f4xx_ll_usb.o(i.USB_GetDevSpeed)
    USB_GetMode                              0x08003a43   Thumb Code     8  stm32f4xx_ll_usb.o(i.USB_GetMode)
    USB_ReadDevAllInEpInterrupt              0x08003a4b   Thumb Code    14  stm32f4xx_ll_usb.o(i.USB_ReadDevAllInEpInterrupt)
    USB_ReadDevAllOutEpInterrupt             0x08003a59   Thumb Code    14  stm32f4xx_ll_usb.o(i.USB_ReadDevAllOutEpInterrupt)
    USB_ReadDevInEPInterrupt                 0x08003a67   Thumb Code    36  stm32f4xx_ll_usb.o(i.USB_ReadDevInEPInterrupt)
    USB_ReadDevOutEPInterrupt                0x08003a8b   Thumb Code    16  stm32f4xx_ll_usb.o(i.USB_ReadDevOutEPInterrupt)
    USB_ReadInterrupts                       0x08003a9b   Thumb Code     8  stm32f4xx_ll_usb.o(i.USB_ReadInterrupts)
    USB_ReadPacket                           0x08003aa3   Thumb Code    28  stm32f4xx_ll_usb.o(i.USB_ReadPacket)
    USB_SetCurrentMode                       0x08003abf   Thumb Code    46  stm32f4xx_ll_usb.o(i.USB_SetCurrentMode)
    USB_SetDevAddress                        0x08003aed   Thumb Code    34  stm32f4xx_ll_usb.o(i.USB_SetDevAddress)
    USB_SetTurnaroundTime                    0x08003b11   Thumb Code   158  stm32f4xx_ll_usb.o(i.USB_SetTurnaroundTime)
    USB_WritePacket                          0x08003bf9   Thumb Code    36  stm32f4xx_ll_usb.o(i.USB_WritePacket)
    UsageFault_Handler                       0x08003c1d   Thumb Code     2  stm32f4xx_it.o(i.UsageFault_Handler)
    __scatterload_copy                       0x08003c3f   Thumb Code    14  handlers.o(i.__scatterload_copy)
    __scatterload_null                       0x08003c4d   Thumb Code     2  handlers.o(i.__scatterload_null)
    __scatterload_zeroinit                   0x08003c4f   Thumb Code    14  handlers.o(i.__scatterload_zeroinit)
    free                                     0x08003c5d   Thumb Code    76  malloc.o(i.free)
    main                                     0x08003cad   Thumb Code   204  main.o(i.main)
    malloc                                   0x08003d9d   Thumb Code    92  malloc.o(i.malloc)
    AHBPrescTable                            0x08003e08   Data          16  system_stm32f4xx.o(.constdata)
    Region$$Table$$Base                      0x08003e18   Number         0  anon$$obj.o(Region$$Table)
    Region$$Table$$Limit                     0x08003e38   Number         0  anon$$obj.o(Region$$Table)
    pmsg                                     0x20000000   Data           4  busadoptor32.o(.data)
    idx                                      0x20000004   Data           4  busadoptor32.o(.data)
    HS_Desc                                  0x200000a4   Data          28  usbd_desc.o(.data)
    USBD_LangIDDesc                          0x200000c0   Data           4  usbd_desc.o(.data)
    USBD_HS_DeviceDesc                       0x200000c4   Data          18  usbd_desc.o(.data)
    USBD_StringSerial                        0x200000d8   Data          26  usbd_desc.o(.data)
    USBD_Interface_fops_HS                   0x200000f4   Data          20  usbd_cdc_if.o(.data)
    curRxIdx_Wait                            0x20000108   Data           1  usbd_cdc_if.o(.data)
    RxFrameLength                            0x2000010a   Data           2  usbd_cdc_if.o(.data)
    UserRxPingPong                           0x2000010c   Data           8  usbd_cdc_if.o(.data)
    UserTxPingPong                           0x20000114   Data           8  usbd_cdc_if.o(.data)
    curRxIdx_OK                              0x2000011c   Data           1  usbd_cdc_if.o(.data)
    curTxIdx_Wait                            0x2000011d   Data           1  usbd_cdc_if.o(.data)
    curTxIdx_OK                              0x2000011e   Data           1  usbd_cdc_if.o(.data)
    uwTickFreq                               0x20000120   Data           1  stm32f4xx_hal.o(.data)
    uwTickPrio                               0x20000124   Data           4  stm32f4xx_hal.o(.data)
    uwTick                                   0x20000128   Data           4  stm32f4xx_hal.o(.data)
    SystemCoreClock                          0x2000012c   Data           4  system_stm32f4xx.o(.data)
    USBD_CDC                                 0x2000020c   Data          56  usbd_cdc.o(.data)
    __microlib_freelist                      0x20000244   Data           4  mvars.o(.data)
    __microlib_freelist_initialised          0x20000248   Data           4  mvars.o(.data)
    hcan1                                    0x2000024c   Data          40  can.o(.bss)
    hUsbDeviceHS                             0x20000274   Data         720  usb_device.o(.bss)
    hpcd_USB_OTG_HS                          0x20000544   Data        1032  usbd_conf.o(.bss)
    USBD_StrDesc                             0x2000094c   Data         512  usbd_desc.o(.bss)
    UserRxBufferHS                           0x20000b4c   Data        2048  usbd_cdc_if.o(.bss)
    UserTxBufferHS                           0x2000134c   Data        2048  usbd_cdc_if.o(.bss)
    UserRxBufferHS_1                         0x20001b4c   Data        2048  usbd_cdc_if.o(.bss)
    UserTxBufferHS_1                         0x2000234c   Data        2048  usbd_cdc_if.o(.bss)
    __heap_base                              0x20002b50   Data           0  startup_stm32f407xx.o(HEAP)
    __heap_limit                             0x20002f50   Data           0  startup_stm32f407xx.o(HEAP)
    __initial_sp                             0x20003350   Data           0  startup_stm32f407xx.o(STACK)



==============================================================================

Memory Map of the image

  Image Entry point : 0x08000189

  Load Region LR_IROM1 (Base: 0x08000000, Size: 0x00004084, Max: 0x00100000, ABSOLUTE, COMPRESSED[0x00003f38])

    Execution Region ER_IROM1 (Exec base: 0x08000000, Load base: 0x08000000, Size: 0x00003e38, Max: 0x00100000, ABSOLUTE)

    Exec Addr    Load Addr    Size         Type   Attr      Idx    E Section Name        Object

    0x08000000   0x08000000   0x00000188   Data   RO            3    RESET               startup_stm32f407xx.o
    0x08000188   0x08000188   0x00000000   Code   RO         3292  * .ARM.Collect$$$$00000000  mc_w.l(entry.o)
    0x08000188   0x08000188   0x00000004   Code   RO         3331    .ARM.Collect$$$$00000001  mc_w.l(entry2.o)
    0x0800018c   0x0800018c   0x00000004   Code   RO         3334    .ARM.Collect$$$$00000004  mc_w.l(entry5.o)
    0x08000190   0x08000190   0x00000000   Code   RO         3336    .ARM.Collect$$$$00000008  mc_w.l(entry7b.o)
    0x08000190   0x08000190   0x00000000   Code   RO         3338    .ARM.Collect$$$$0000000A  mc_w.l(entry8b.o)
    0x08000190   0x08000190   0x00000008   Code   RO         3339    .ARM.Collect$$$$0000000B  mc_w.l(entry9a.o)
    0x08000198   0x08000198   0x00000000   Code   RO         3341    .ARM.Collect$$$$0000000D  mc_w.l(entry10a.o)
    0x08000198   0x08000198   0x00000000   Code   RO         3343    .ARM.Collect$$$$0000000F  mc_w.l(entry11a.o)
    0x08000198   0x08000198   0x00000004   Code   RO         3332    .ARM.Collect$$$$00002712  mc_w.l(entry2.o)
    0x0800019c   0x0800019c   0x00000024   Code   RO            4    .text               startup_stm32f407xx.o
    0x080001c0   0x080001c0   0x00000062   Code   RO         3295    .text               mc_w.l(uldiv.o)
    0x08000222   0x08000222   0x00000024   Code   RO         3297    .text               mc_w.l(memcpya.o)
    0x08000246   0x08000246   0x00000024   Code   RO         3299    .text               mc_w.l(memseta.o)
    0x0800026a   0x0800026a   0x0000001e   Code   RO         3345    .text               mc_w.l(llshl.o)
    0x08000288   0x08000288   0x00000020   Code   RO         3347    .text               mc_w.l(llushr.o)
    0x080002a8   0x080002a8   0x00000024   Code   RO         3351    .text               mc_w.l(init.o)
    0x080002cc   0x080002cc   0x00000056   Code   RO         3361    .text               mc_w.l(__dczerorl2.o)
    0x08000322   0x08000322   0x00000002   PAD
    0x08000324   0x08000324   0x00000068   Code   RO           13    i.BA_CAN_Filter     busadoptor32.o
    0x0800038c   0x0800038c   0x00000070   Code   RO           14    i.BA_CAN_Init       busadoptor32.o
    0x080003fc   0x080003fc   0x00000028   Code   RO           15    i.BA_CAN_Send       busadoptor32.o
    0x08000424   0x08000424   0x00000050   Code   RO           16    i.BA_Decoding       busadoptor32.o
    0x08000474   0x08000474   0x00000002   Code   RO          798    i.BusFault_Handler  stm32f4xx_it.o
    0x08000476   0x08000476   0x00000002   PAD
    0x08000478   0x08000478   0x0000000c   Code   RO          799    i.CAN1_RX0_IRQHandler  stm32f4xx_it.o
    0x08000484   0x08000484   0x0000000c   Code   RO          800    i.CAN1_RX1_IRQHandler  stm32f4xx_it.o
    0x08000490   0x08000490   0x00000004   Code   RO          735    i.CDC_Control_HS    usbd_cdc_if.o
    0x08000494   0x08000494   0x00000004   Code   RO          736    i.CDC_DeInit_HS     usbd_cdc_if.o
    0x08000498   0x08000498   0x00000054   Code   RO          737    i.CDC_Init_HS       usbd_cdc_if.o
    0x080004ec   0x080004ec   0x00000030   Code   RO          738    i.CDC_Receive_HS    usbd_cdc_if.o
    0x0800051c   0x0800051c   0x00000004   Code   RO          739    i.CDC_TransmitCplt_HS  usbd_cdc_if.o
    0x08000520   0x08000520   0x0000002c   Code   RO          740    i.CDC_Transmit_HS   usbd_cdc_if.o
    0x0800054c   0x0800054c   0x00000002   Code   RO          801    i.DebugMon_Handler  stm32f4xx_it.o
    0x0800054e   0x0800054e   0x00000002   Code   RO          210    i.Error_Handler     main.o
    0x08000550   0x08000550   0x00000024   Code   RO         2611    i.HAL_CAN_ActivateNotification  stm32f4xx_hal_can.o
    0x08000574   0x08000574   0x000000c8   Code   RO         2612    i.HAL_CAN_AddTxMessage  stm32f4xx_hal_can.o
    0x0800063c   0x0800063c   0x0000010c   Code   RO         2613    i.HAL_CAN_ConfigFilter  stm32f4xx_hal_can.o
    0x08000748   0x08000748   0x00000028   Code   RO         2614    i.HAL_CAN_DeInit    stm32f4xx_hal_can.o
    0x08000770   0x08000770   0x00000002   Code   RO         2616    i.HAL_CAN_ErrorCallback  stm32f4xx_hal_can.o
    0x08000772   0x08000772   0x000000e8   Code   RO         2619    i.HAL_CAN_GetRxMessage  stm32f4xx_hal_can.o
    0x0800085a   0x0800085a   0x000001fc   Code   RO         2623    i.HAL_CAN_IRQHandler  stm32f4xx_hal_can.o
    0x08000a56   0x08000a56   0x0000011a   Code   RO         2624    i.HAL_CAN_Init      stm32f4xx_hal_can.o
    0x08000b70   0x08000b70   0x0000003c   Code   RO          381    i.HAL_CAN_MspDeInit  can.o
    0x08000bac   0x08000bac   0x0000008c   Code   RO          382    i.HAL_CAN_MspInit   can.o
    0x08000c38   0x08000c38   0x00000002   Code   RO         2631    i.HAL_CAN_RxFifo0FullCallback  stm32f4xx_hal_can.o
    0x08000c3a   0x08000c3a   0x00000002   PAD
    0x08000c3c   0x08000c3c   0x00000050   Code   RO           17    i.HAL_CAN_RxFifo0MsgPendingCallback  busadoptor32.o
    0x08000c8c   0x08000c8c   0x00000002   Code   RO         2633    i.HAL_CAN_RxFifo1FullCallback  stm32f4xx_hal_can.o
    0x08000c8e   0x08000c8e   0x00000002   PAD
    0x08000c90   0x08000c90   0x00000050   Code   RO           18    i.HAL_CAN_RxFifo1MsgPendingCallback  busadoptor32.o
    0x08000ce0   0x08000ce0   0x00000002   Code   RO         2635    i.HAL_CAN_SleepCallback  stm32f4xx_hal_can.o
    0x08000ce2   0x08000ce2   0x00000002   PAD
    0x08000ce4   0x08000ce4   0x00000058   Code   RO         2636    i.HAL_CAN_Start     stm32f4xx_hal_can.o
    0x08000d3c   0x08000d3c   0x00000060   Code   RO         2637    i.HAL_CAN_Stop      stm32f4xx_hal_can.o
    0x08000d9c   0x08000d9c   0x00000002   Code   RO         2638    i.HAL_CAN_TxMailbox0AbortCallback  stm32f4xx_hal_can.o
    0x08000d9e   0x08000d9e   0x00000002   Code   RO         2639    i.HAL_CAN_TxMailbox0CompleteCallback  stm32f4xx_hal_can.o
    0x08000da0   0x08000da0   0x00000002   Code   RO         2640    i.HAL_CAN_TxMailbox1AbortCallback  stm32f4xx_hal_can.o
    0x08000da2   0x08000da2   0x00000002   Code   RO         2641    i.HAL_CAN_TxMailbox1CompleteCallback  stm32f4xx_hal_can.o
    0x08000da4   0x08000da4   0x00000002   Code   RO         2642    i.HAL_CAN_TxMailbox2AbortCallback  stm32f4xx_hal_can.o
    0x08000da6   0x08000da6   0x00000002   Code   RO         2643    i.HAL_CAN_TxMailbox2CompleteCallback  stm32f4xx_hal_can.o
    0x08000da8   0x08000da8   0x00000002   Code   RO         2645    i.HAL_CAN_WakeUpFromRxMsgCallback  stm32f4xx_hal_can.o
    0x08000daa   0x08000daa   0x00000002   PAD
    0x08000dac   0x08000dac   0x00000024   Code   RO         2359    i.HAL_Delay         stm32f4xx_hal.o
    0x08000dd0   0x08000dd0   0x00000168   Code   RO         1830    i.HAL_GPIO_DeInit   stm32f4xx_hal_gpio.o
    0x08000f38   0x08000f38   0x000001b8   Code   RO         1833    i.HAL_GPIO_Init     stm32f4xx_hal_gpio.o
    0x080010f0   0x080010f0   0x0000000e   Code   RO         1836    i.HAL_GPIO_TogglePin  stm32f4xx_hal_gpio.o
    0x080010fe   0x080010fe   0x0000000a   Code   RO         1837    i.HAL_GPIO_WritePin  stm32f4xx_hal_gpio.o
    0x08001108   0x08001108   0x0000000c   Code   RO         2365    i.HAL_GetTick       stm32f4xx_hal.o
    0x08001114   0x08001114   0x00000010   Code   RO         2371    i.HAL_IncTick       stm32f4xx_hal.o
    0x08001124   0x08001124   0x00000034   Code   RO         2372    i.HAL_Init          stm32f4xx_hal.o
    0x08001158   0x08001158   0x00000040   Code   RO         2373    i.HAL_InitTick      stm32f4xx_hal.o
    0x08001198   0x08001198   0x00000030   Code   RO          892    i.HAL_MspInit       stm32f4xx_hal_msp.o
    0x080011c8   0x080011c8   0x00000022   Code   RO         2221    i.HAL_NVIC_DisableIRQ  stm32f4xx_hal_cortex.o
    0x080011ea   0x080011ea   0x0000001a   Code   RO         2222    i.HAL_NVIC_EnableIRQ  stm32f4xx_hal_cortex.o
    0x08001204   0x08001204   0x00000040   Code   RO         2228    i.HAL_NVIC_SetPriority  stm32f4xx_hal_cortex.o
    0x08001244   0x08001244   0x00000024   Code   RO         2229    i.HAL_NVIC_SetPriorityGrouping  stm32f4xx_hal_cortex.o
    0x08001268   0x08001268   0x00000002   Code   RO         1137    i.HAL_PCDEx_LPM_Callback  stm32f4xx_hal_pcd_ex.o
    0x0800126a   0x0800126a   0x00000008   Code   RO         1138    i.HAL_PCDEx_SetRxFiFo  stm32f4xx_hal_pcd_ex.o
    0x08001272   0x08001272   0x00000044   Code   RO         1139    i.HAL_PCDEx_SetTxFiFo  stm32f4xx_hal_pcd_ex.o
    0x080012b6   0x080012b6   0x00000008   Code   RO          454    i.HAL_PCD_ConnectCallback  usbd_conf.o
    0x080012be   0x080012be   0x00000012   Code   RO          455    i.HAL_PCD_DataInStageCallback  usbd_conf.o
    0x080012d0   0x080012d0   0x00000014   Code   RO          456    i.HAL_PCD_DataOutStageCallback  usbd_conf.o
    0x080012e4   0x080012e4   0x00000008   Code   RO          457    i.HAL_PCD_DisconnectCallback  usbd_conf.o
    0x080012ec   0x080012ec   0x0000004c   Code   RO          925    i.HAL_PCD_EP_Close  stm32f4xx_hal_pcd.o
    0x08001338   0x08001338   0x0000005c   Code   RO          926    i.HAL_PCD_EP_ClrStall  stm32f4xx_hal_pcd.o
    0x08001394   0x08001394   0x00000012   Code   RO          928    i.HAL_PCD_EP_GetRxCount  stm32f4xx_hal_pcd.o
    0x080013a6   0x080013a6   0x00000060   Code   RO          929    i.HAL_PCD_EP_Open   stm32f4xx_hal_pcd.o
    0x08001406   0x08001406   0x00000048   Code   RO          930    i.HAL_PCD_EP_Receive  stm32f4xx_hal_pcd.o
    0x0800144e   0x0800144e   0x00000074   Code   RO          931    i.HAL_PCD_EP_SetStall  stm32f4xx_hal_pcd.o
    0x080014c2   0x080014c2   0x00000040   Code   RO          932    i.HAL_PCD_EP_Transmit  stm32f4xx_hal_pcd.o
    0x08001502   0x08001502   0x00000002   PAD
    0x08001504   0x08001504   0x00000434   Code   RO          934    i.HAL_PCD_IRQHandler  stm32f4xx_hal_pcd.o
    0x08001938   0x08001938   0x00000008   Code   RO          458    i.HAL_PCD_ISOINIncompleteCallback  usbd_conf.o
    0x08001940   0x08001940   0x00000008   Code   RO          459    i.HAL_PCD_ISOOUTIncompleteCallback  usbd_conf.o
    0x08001948   0x08001948   0x000000e2   Code   RO          937    i.HAL_PCD_Init      stm32f4xx_hal_pcd.o
    0x08001a2a   0x08001a2a   0x00000002   PAD
    0x08001a2c   0x08001a2c   0x000000d8   Code   RO          461    i.HAL_PCD_MspInit   usbd_conf.o
    0x08001b04   0x08001b04   0x0000002c   Code   RO          462    i.HAL_PCD_ResetCallback  usbd_conf.o
    0x08001b30   0x08001b30   0x00000008   Code   RO          463    i.HAL_PCD_ResumeCallback  usbd_conf.o
    0x08001b38   0x08001b38   0x00000008   Code   RO          464    i.HAL_PCD_SOFCallback  usbd_conf.o
    0x08001b40   0x08001b40   0x00000028   Code   RO          943    i.HAL_PCD_SetAddress  stm32f4xx_hal_pcd.o
    0x08001b68   0x08001b68   0x0000000e   Code   RO          465    i.HAL_PCD_SetupStageCallback  usbd_conf.o
    0x08001b76   0x08001b76   0x00000042   Code   RO          945    i.HAL_PCD_Start     stm32f4xx_hal_pcd.o
    0x08001bb8   0x08001bb8   0x00000030   Code   RO          466    i.HAL_PCD_SuspendCallback  usbd_conf.o
    0x08001be8   0x08001be8   0x00000134   Code   RO         1479    i.HAL_RCC_ClockConfig  stm32f4xx_hal_rcc.o
    0x08001d1c   0x08001d1c   0x0000000c   Code   RO         1484    i.HAL_RCC_GetHCLKFreq  stm32f4xx_hal_rcc.o
    0x08001d28   0x08001d28   0x00000060   Code   RO         1488    i.HAL_RCC_GetSysClockFreq  stm32f4xx_hal_rcc.o
    0x08001d88   0x08001d88   0x0000035c   Code   RO         1491    i.HAL_RCC_OscConfig  stm32f4xx_hal_rcc.o
    0x080020e4   0x080020e4   0x00000028   Code   RO         2233    i.HAL_SYSTICK_Config  stm32f4xx_hal_cortex.o
    0x0800210c   0x0800210c   0x00000002   Code   RO          802    i.HardFault_Handler  stm32f4xx_it.o
    0x0800210e   0x0800210e   0x00000002   PAD
    0x08002110   0x08002110   0x00000038   Code   RO          649    i.IntToUnicode      usbd_desc.o
    0x08002148   0x08002148   0x00000044   Code   RO          383    i.MX_CAN1_Init      can.o
    0x0800218c   0x0800218c   0x000000b8   Code   RO          259    i.MX_GPIO_Init      gpio.o
    0x08002244   0x08002244   0x00000054   Code   RO          423    i.MX_USB_DEVICE_Init  usb_device.o
    0x08002298   0x08002298   0x00000002   Code   RO          803    i.MemManage_Handler  stm32f4xx_it.o
    0x0800229a   0x0800229a   0x00000002   Code   RO          804    i.NMI_Handler       stm32f4xx_it.o
    0x0800229c   0x0800229c   0x0000000c   Code   RO          805    i.OTG_HS_IRQHandler  stm32f4xx_it.o
    0x080022a8   0x080022a8   0x000000cc   Code   RO          948    i.PCD_EP_OutXfrComplete_int  stm32f4xx_hal_pcd.o
    0x08002374   0x08002374   0x000000a2   Code   RO          949    i.PCD_WriteEmptyTxFifo  stm32f4xx_hal_pcd.o
    0x08002416   0x08002416   0x00000002   Code   RO          806    i.PendSV_Handler    stm32f4xx_it.o
    0x08002418   0x08002418   0x00000002   Code   RO          807    i.SVC_Handler       stm32f4xx_it.o
    0x0800241a   0x0800241a   0x0000000a   Code   RO         3056    i.SWAPBYTE          usbd_ctlreq.o
    0x08002424   0x08002424   0x00000004   Code   RO          808    i.SysTick_Handler   stm32f4xx_it.o
    0x08002428   0x08002428   0x00000084   Code   RO          211    i.SystemClock_Config  main.o
    0x080024ac   0x080024ac   0x0000001c   Code   RO         2881    i.SystemInit        system_stm32f4xx.o
    0x080024c8   0x080024c8   0x00000062   Code   RO         3189    i.USBD_CDC_DataIn   usbd_cdc.o
    0x0800252a   0x0800252a   0x0000002a   Code   RO         3190    i.USBD_CDC_DataOut  usbd_cdc.o
    0x08002554   0x08002554   0x0000004a   Code   RO         3191    i.USBD_CDC_DeInit   usbd_cdc.o
    0x0800259e   0x0800259e   0x00000024   Code   RO         3192    i.USBD_CDC_EP0_RxReady  usbd_cdc.o
    0x080025c2   0x080025c2   0x00000002   PAD
    0x080025c4   0x080025c4   0x0000000c   Code   RO         3193    i.USBD_CDC_GetDeviceQualifierDescriptor  usbd_cdc.o
    0x080025d0   0x080025d0   0x0000000c   Code   RO         3194    i.USBD_CDC_GetFSCfgDesc  usbd_cdc.o
    0x080025dc   0x080025dc   0x0000000c   Code   RO         3195    i.USBD_CDC_GetHSCfgDesc  usbd_cdc.o
    0x080025e8   0x080025e8   0x0000000c   Code   RO         3196    i.USBD_CDC_GetOtherSpeedCfgDesc  usbd_cdc.o
    0x080025f4   0x080025f4   0x000000a2   Code   RO         3197    i.USBD_CDC_Init     usbd_cdc.o
    0x08002696   0x08002696   0x00000028   Code   RO         3198    i.USBD_CDC_ReceivePacket  usbd_cdc.o
    0x080026be   0x080026be   0x0000000e   Code   RO         3199    i.USBD_CDC_RegisterInterface  usbd_cdc.o
    0x080026cc   0x080026cc   0x0000000c   Code   RO         3200    i.USBD_CDC_SetRxBuffer  usbd_cdc.o
    0x080026d8   0x080026d8   0x00000010   Code   RO         3201    i.USBD_CDC_SetTxBuffer  usbd_cdc.o
    0x080026e8   0x080026e8   0x000000b0   Code   RO         3202    i.USBD_CDC_Setup    usbd_cdc.o
    0x08002798   0x08002798   0x00000036   Code   RO         3203    i.USBD_CDC_TransmitPacket  usbd_cdc.o
    0x080027ce   0x080027ce   0x00000010   Code   RO         2918    i.USBD_ClrClassConfig  usbd_core.o
    0x080027de   0x080027de   0x00000010   Code   RO         3129    i.USBD_CtlContinueRx  usbd_ioreq.o
    0x080027ee   0x080027ee   0x00000010   Code   RO         3130    i.USBD_CtlContinueSendData  usbd_ioreq.o
    0x080027fe   0x080027fe   0x00000016   Code   RO         3057    i.USBD_CtlError     usbd_ctlreq.o
    0x08002814   0x08002814   0x0000001e   Code   RO         3131    i.USBD_CtlPrepareRx  usbd_ioreq.o
    0x08002832   0x08002832   0x00000016   Code   RO         3132    i.USBD_CtlReceiveStatus  usbd_ioreq.o
    0x08002848   0x08002848   0x0000001a   Code   RO         3133    i.USBD_CtlSendData  usbd_ioreq.o
    0x08002862   0x08002862   0x00000016   Code   RO         3134    i.USBD_CtlSendStatus  usbd_ioreq.o
    0x08002878   0x08002878   0x000000e6   Code   RO         3058    i.USBD_GetDescriptor  usbd_ctlreq.o
    0x0800295e   0x0800295e   0x00000048   Code   RO         3059    i.USBD_GetString    usbd_ctlreq.o
    0x080029a6   0x080029a6   0x00000018   Code   RO          467    i.USBD_Get_USB_Status  usbd_conf.o
    0x080029be   0x080029be   0x00000002   PAD
    0x080029c0   0x080029c0   0x00000020   Code   RO          650    i.USBD_HS_ConfigStrDescriptor  usbd_desc.o
    0x080029e0   0x080029e0   0x0000000c   Code   RO          651    i.USBD_HS_DeviceDescriptor  usbd_desc.o
    0x080029ec   0x080029ec   0x00000024   Code   RO          652    i.USBD_HS_InterfaceStrDescriptor  usbd_desc.o
    0x08002a10   0x08002a10   0x0000000c   Code   RO          653    i.USBD_HS_LangIDStrDescriptor  usbd_desc.o
    0x08002a1c   0x08002a1c   0x00000028   Code   RO          654    i.USBD_HS_ManufacturerStrDescriptor  usbd_desc.o
    0x08002a44   0x08002a44   0x0000002c   Code   RO          655    i.USBD_HS_ProductStrDescriptor  usbd_desc.o
    0x08002a70   0x08002a70   0x00000038   Code   RO          656    i.USBD_HS_SerialStrDescriptor  usbd_desc.o
    0x08002aa8   0x08002aa8   0x00000034   Code   RO         2920    i.USBD_Init         usbd_core.o
    0x08002adc   0x08002adc   0x00000012   Code   RO          468    i.USBD_LL_ClearStallEP  usbd_conf.o
    0x08002aee   0x08002aee   0x00000012   Code   RO          469    i.USBD_LL_CloseEP   usbd_conf.o
    0x08002b00   0x08002b00   0x000000aa   Code   RO         2921    i.USBD_LL_DataInStage  usbd_core.o
    0x08002baa   0x08002baa   0x0000006e   Code   RO         2922    i.USBD_LL_DataOutStage  usbd_core.o
    0x08002c18   0x08002c18   0x00000004   Code   RO         2923    i.USBD_LL_DevConnected  usbd_core.o
    0x08002c1c   0x08002c1c   0x00000018   Code   RO         2924    i.USBD_LL_DevDisconnected  usbd_core.o
    0x08002c34   0x08002c34   0x00000008   Code   RO          473    i.USBD_LL_GetRxDataSize  usbd_conf.o
    0x08002c3c   0x08002c3c   0x00000068   Code   RO          474    i.USBD_LL_Init      usbd_conf.o
    0x08002ca4   0x08002ca4   0x00000020   Code   RO          475    i.USBD_LL_IsStallEP  usbd_conf.o
    0x08002cc4   0x08002cc4   0x00000004   Code   RO         2925    i.USBD_LL_IsoINIncomplete  usbd_core.o
    0x08002cc8   0x08002cc8   0x00000004   Code   RO         2926    i.USBD_LL_IsoOUTIncomplete  usbd_core.o
    0x08002ccc   0x08002ccc   0x00000018   Code   RO          476    i.USBD_LL_OpenEP    usbd_conf.o
    0x08002ce4   0x08002ce4   0x00000012   Code   RO          477    i.USBD_LL_PrepareReceive  usbd_conf.o
    0x08002cf6   0x08002cf6   0x00000052   Code   RO         2927    i.USBD_LL_Reset     usbd_core.o
    0x08002d48   0x08002d48   0x00000014   Code   RO         2928    i.USBD_LL_Resume    usbd_core.o
    0x08002d5c   0x08002d5c   0x00000018   Code   RO         2929    i.USBD_LL_SOF       usbd_core.o
    0x08002d74   0x08002d74   0x00000006   Code   RO         2930    i.USBD_LL_SetSpeed  usbd_core.o
    0x08002d7a   0x08002d7a   0x00000012   Code   RO          478    i.USBD_LL_SetUSBAddress  usbd_conf.o
    0x08002d8c   0x08002d8c   0x00000060   Code   RO         2931    i.USBD_LL_SetupStage  usbd_core.o
    0x08002dec   0x08002dec   0x00000012   Code   RO          479    i.USBD_LL_StallEP   usbd_conf.o
    0x08002dfe   0x08002dfe   0x00000012   Code   RO          480    i.USBD_LL_Start     usbd_conf.o
    0x08002e10   0x08002e10   0x00000012   Code   RO         2932    i.USBD_LL_Suspend   usbd_core.o
    0x08002e22   0x08002e22   0x00000012   Code   RO          482    i.USBD_LL_Transmit  usbd_conf.o
    0x08002e34   0x08002e34   0x0000002c   Code   RO         3060    i.USBD_ParseSetupRequest  usbd_ctlreq.o
    0x08002e60   0x08002e60   0x00000022   Code   RO         2933    i.USBD_RegisterClass  usbd_core.o
    0x08002e82   0x08002e82   0x00000014   Code   RO         2935    i.USBD_SetClassConfig  usbd_core.o
    0x08002e96   0x08002e96   0x00000002   PAD
    0x08002e98   0x08002e98   0x000000bc   Code   RO         3061    i.USBD_SetConfig    usbd_ctlreq.o
    0x08002f54   0x08002f54   0x00000004   Code   RO         2936    i.USBD_Start        usbd_core.o
    0x08002f58   0x08002f58   0x00000114   Code   RO         3062    i.USBD_StdDevReq    usbd_ctlreq.o
    0x0800306c   0x0800306c   0x0000014c   Code   RO         3063    i.USBD_StdEPReq     usbd_ctlreq.o
    0x080031b8   0x080031b8   0x00000052   Code   RO         3064    i.USBD_StdItfReq    usbd_ctlreq.o
    0x0800320a   0x0800320a   0x00000002   PAD
    0x0800320c   0x0800320c   0x00000080   Code   RO         1179    i.USB_ActivateEndpoint  stm32f4xx_ll_usb.o
    0x0800328c   0x0800328c   0x0000001c   Code   RO         1181    i.USB_ActivateSetup  stm32f4xx_ll_usb.o
    0x080032a8   0x080032a8   0x00000074   Code   RO         1183    i.USB_CoreInit      stm32f4xx_ll_usb.o
    0x0800331c   0x0800331c   0x00000038   Code   RO         1184    i.USB_CoreReset     stm32f4xx_ll_usb.o
    0x08003354   0x08003354   0x000000cc   Code   RO         1187    i.USB_DeactivateEndpoint  stm32f4xx_ll_usb.o
    0x08003420   0x08003420   0x00000018   Code   RO         1188    i.USB_DevConnect    stm32f4xx_ll_usb.o
    0x08003438   0x08003438   0x00000018   Code   RO         1189    i.USB_DevDisconnect  stm32f4xx_ll_usb.o
    0x08003450   0x08003450   0x00000174   Code   RO         1190    i.USB_DevInit       stm32f4xx_ll_usb.o
    0x080035c4   0x080035c4   0x0000000c   Code   RO         1191    i.USB_DisableGlobalInt  stm32f4xx_ll_usb.o
    0x080035d0   0x080035d0   0x00000118   Code   RO         1194    i.USB_EP0StartXfer  stm32f4xx_ll_usb.o
    0x080036e8   0x080036e8   0x00000058   Code   RO         1195    i.USB_EP0_OutStart  stm32f4xx_ll_usb.o
    0x08003740   0x08003740   0x00000058   Code   RO         1196    i.USB_EPClearStall  stm32f4xx_ll_usb.o
    0x08003798   0x08003798   0x00000058   Code   RO         1197    i.USB_EPSetStall    stm32f4xx_ll_usb.o
    0x080037f0   0x080037f0   0x000001e8   Code   RO         1198    i.USB_EPStartXfer   stm32f4xx_ll_usb.o
    0x080039d8   0x080039d8   0x0000000c   Code   RO         1199    i.USB_EnableGlobalInt  stm32f4xx_ll_usb.o
    0x080039e4   0x080039e4   0x00000020   Code   RO         1200    i.USB_FlushRxFifo   stm32f4xx_ll_usb.o
    0x08003a04   0x08003a04   0x00000024   Code   RO         1201    i.USB_FlushTxFifo   stm32f4xx_ll_usb.o
    0x08003a28   0x08003a28   0x0000001a   Code   RO         1203    i.USB_GetDevSpeed   stm32f4xx_ll_usb.o
    0x08003a42   0x08003a42   0x00000008   Code   RO         1205    i.USB_GetMode       stm32f4xx_ll_usb.o
    0x08003a4a   0x08003a4a   0x0000000e   Code   RO         1212    i.USB_ReadDevAllInEpInterrupt  stm32f4xx_ll_usb.o
    0x08003a58   0x08003a58   0x0000000e   Code   RO         1213    i.USB_ReadDevAllOutEpInterrupt  stm32f4xx_ll_usb.o
    0x08003a66   0x08003a66   0x00000024   Code   RO         1214    i.USB_ReadDevInEPInterrupt  stm32f4xx_ll_usb.o
    0x08003a8a   0x08003a8a   0x00000010   Code   RO         1215    i.USB_ReadDevOutEPInterrupt  stm32f4xx_ll_usb.o
    0x08003a9a   0x08003a9a   0x00000008   Code   RO         1216    i.USB_ReadInterrupts  stm32f4xx_ll_usb.o
    0x08003aa2   0x08003aa2   0x0000001c   Code   RO         1217    i.USB_ReadPacket    stm32f4xx_ll_usb.o
    0x08003abe   0x08003abe   0x0000002e   Code   RO         1219    i.USB_SetCurrentMode  stm32f4xx_ll_usb.o
    0x08003aec   0x08003aec   0x00000022   Code   RO         1220    i.USB_SetDevAddress  stm32f4xx_ll_usb.o
    0x08003b0e   0x08003b0e   0x00000002   PAD
    0x08003b10   0x08003b10   0x000000e8   Code   RO         1222    i.USB_SetTurnaroundTime  stm32f4xx_ll_usb.o
    0x08003bf8   0x08003bf8   0x00000024   Code   RO         1225    i.USB_WritePacket   stm32f4xx_ll_usb.o
    0x08003c1c   0x08003c1c   0x00000002   Code   RO          809    i.UsageFault_Handler  stm32f4xx_it.o
    0x08003c1e   0x08003c1e   0x00000020   Code   RO         2235    i.__NVIC_SetPriority  stm32f4xx_hal_cortex.o
    0x08003c3e   0x08003c3e   0x0000000e   Code   RO         3355    i.__scatterload_copy  mc_w.l(handlers.o)
    0x08003c4c   0x08003c4c   0x00000002   Code   RO         3356    i.__scatterload_null  mc_w.l(handlers.o)
    0x08003c4e   0x08003c4e   0x0000000e   Code   RO         3357    i.__scatterload_zeroinit  mc_w.l(handlers.o)
    0x08003c5c   0x08003c5c   0x00000050   Code   RO         3303    i.free              mc_w.l(malloc.o)
    0x08003cac   0x08003cac   0x000000f0   Code   RO          212    i.main              main.o
    0x08003d9c   0x08003d9c   0x0000006c   Code   RO         3304    i.malloc            mc_w.l(malloc.o)
    0x08003e08   0x08003e08   0x00000010   Data   RO         2882    .constdata          system_stm32f4xx.o
    0x08003e18   0x08003e18   0x00000020   Data   RO         3353    Region$$Table       anon$$obj.o


    Execution Region RW_IRAM2 (Exec base: 0x10000000, Load base: 0x08003f38, Size: 0x00000000, Max: 0x00010000, ABSOLUTE)

    **** No section assigned to this execution region ****


    Execution Region RW_IRAM1 (Exec base: 0x20000000, Load base: 0x08003e38, Size: 0x00003350, Max: 0x00020000, ABSOLUTE, COMPRESSED[0x00000100])

    Exec Addr    Load Addr    Size         Type   Attr      Idx    E Section Name        Object

    0x20000000   COMPRESSED   0x000000a4   Data   RW           19    .data               busadoptor32.o
    0x200000a4   COMPRESSED   0x0000001c   Data   RW          658    .data               usbd_desc.o
    0x200000c0   COMPRESSED   0x00000032   Data   RW          659    .data               usbd_desc.o
    0x200000f2   COMPRESSED   0x00000002   PAD
    0x200000f4   COMPRESSED   0x00000014   Data   RW          742    .data               usbd_cdc_if.o
    0x20000108   COMPRESSED   0x00000014   Data   RW          743    .data               usbd_cdc_if.o
    0x2000011c   COMPRESSED   0x00000001   Data   RW          744    .data               usbd_cdc_if.o
    0x2000011d   COMPRESSED   0x00000001   Data   RW          745    .data               usbd_cdc_if.o
    0x2000011e   COMPRESSED   0x00000001   Data   RW          746    .data               usbd_cdc_if.o
    0x2000011f   COMPRESSED   0x00000001   PAD
    0x20000120   COMPRESSED   0x0000000c   Data   RW         2379    .data               stm32f4xx_hal.o
    0x2000012c   COMPRESSED   0x00000004   Data   RW         2884    .data               system_stm32f4xx.o
    0x20000130   COMPRESSED   0x00000001   Data   RW         3065    .data               usbd_ctlreq.o
    0x20000131   COMPRESSED   0x00000003   PAD
    0x20000134   COMPRESSED   0x000000d7   Data   RW         3204    .data               usbd_cdc.o
    0x2000020b   COMPRESSED   0x00000001   PAD
    0x2000020c   COMPRESSED   0x00000038   Data   RW         3205    .data               usbd_cdc.o
    0x20000244   COMPRESSED   0x00000004   Data   RW         3349    .data               mc_w.l(mvars.o)
    0x20000248   COMPRESSED   0x00000004   Data   RW         3350    .data               mc_w.l(mvars.o)
    0x2000024c        -       0x00000028   Zero   RW          384    .bss                can.o
    0x20000274        -       0x000002d0   Zero   RW          424    .bss                usb_device.o
    0x20000544        -       0x00000408   Zero   RW          483    .bss                usbd_conf.o
    0x2000094c        -       0x00000200   Zero   RW          657    .bss                usbd_desc.o
    0x20000b4c        -       0x00002000   Zero   RW          741    .bss                usbd_cdc_if.o
    0x20002b4c   COMPRESSED   0x00000004   PAD
    0x20002b50        -       0x00000400   Zero   RW            2    HEAP                startup_stm32f407xx.o
    0x20002f50        -       0x00000400   Zero   RW            1    STACK               startup_stm32f407xx.o


==============================================================================

Image component sizes


      Code (inc. data)   RO Data    RW Data    ZI Data      Debug   Object Name

       496         70          0        164          0     662988   busadoptor32.o
       268         34          0          0         40       2197   can.o
       184         14          0          0          0        971   gpio.o
       374         46          0          0          0       2224   main.o
        36          8        392          0       2048        828   startup_stm32f407xx.o
       180         28          0         12          0       9349   stm32f4xx_hal.o
      1772          6          0          0          0      14995   stm32f4xx_hal_can.o
       232         14          0          0          0      34605   stm32f4xx_hal_cortex.o
       824         86          0          0          0       3927   stm32f4xx_hal_gpio.o
        48          6          0          0          0        814   stm32f4xx_hal_msp.o
      2308         14          0          0          0      12665   stm32f4xx_hal_pcd.o
        78          0          0          0          0       2377   stm32f4xx_hal_pcd_ex.o
      1276         54          0          0          0       4482   stm32f4xx_hal_rcc.o
        56         18          0          0          0       5382   stm32f4xx_it.o
      2574        132          0          0          0      22547   stm32f4xx_ll_usb.o
        28          6         16          4          0       1107   system_stm32f4xx.o
        84         18          0          0        720        760   usb_device.o
       772         16          0        271          0      13381   usbd_cdc.o
       188         28          0         43       8192       4305   usbd_cdc_if.o
       726         34          0          0       1032      14856   usbd_conf.o
       688          0          0          0          0      12269   usbd_core.o
      1256         30          0          1          0      13940   usbd_ctlreq.o
       288        104          0         78        512       5845   usbd_desc.o
       132          0          0          0          0       4456   usbd_ioreq.o

    ----------------------------------------------------------------------
     14894        766        440        580      12548     851270   Object Totals
         0          0         32          0          0          0   (incl. Generated)
        26          0          0          7          4          0   (incl. Padding)

    ----------------------------------------------------------------------

      Code (inc. data)   RO Data    RW Data    ZI Data      Debug   Library Member Name

        86          0          0          0          0          0   __dczerorl2.o
         0          0          0          0          0          0   entry.o
         0          0          0          0          0          0   entry10a.o
         0          0          0          0          0          0   entry11a.o
         8          4          0          0          0          0   entry2.o
         4          0          0          0          0          0   entry5.o
         0          0          0          0          0          0   entry7b.o
         0          0          0          0          0          0   entry8b.o
         8          4          0          0          0          0   entry9a.o
        30          0          0          0          0          0   handlers.o
        36          8          0          0          0         68   init.o
        30          0          0          0          0         68   llshl.o
        32          0          0          0          0         68   llushr.o
       188         20          0          0          0        160   malloc.o
        36          0          0          0          0         68   memcpya.o
        36          0          0          0          0        108   memseta.o
         0          0          0          8          0          0   mvars.o
        98          0          0          0          0         92   uldiv.o

    ----------------------------------------------------------------------
       594         36          0          8          0        632   Library Totals
         2          0          0          0          0          0   (incl. Padding)

    ----------------------------------------------------------------------

      Code (inc. data)   RO Data    RW Data    ZI Data      Debug   Library Name

       592         36          0          8          0        632   mc_w.l

    ----------------------------------------------------------------------
       594         36          0          8          0        632   Library Totals

    ----------------------------------------------------------------------

==============================================================================


      Code (inc. data)   RO Data    RW Data    ZI Data      Debug   

     15488        802        440        588      12548     833026   Grand Totals
     15488        802        440        256      12548     833026   ELF Image Totals (compressed)
     15488        802        440        256          0          0   ROM Totals

==============================================================================

    Total RO  Size (Code + RO Data)                15928 (  15.55kB)
    Total RW  Size (RW Data + ZI Data)             13136 (  12.83kB)
    Total ROM Size (Code + RO Data + RW Data)      16184 (  15.80kB)

==============================================================================

