stm32f7xx_it.c:50:6:NMI_Handler	4	static
stm32f7xx_it.c:61:6:HardFault_Handler	4	static
stm32f7xx_it.c:75:6:MemManage_Handler	4	static
stm32f7xx_it.c:89:6:BusFault_Handler	4	static
stm32f7xx_it.c:103:6:UsageFault_Handler	4	static
stm32f7xx_it.c:117:6:DebugMon_Handler	4	static
stm32f7xx_it.c:128:6:SysTick_Handler	8	static
stm32f7xx_it.c:155:6:CAN1_RX0_IRQHandler	8	static
stm32f7xx_it.c:167:6:CAN1_RX1_IRQHandler	8	static
stm32f7xx_it.c:179:6:EXTI15_10_IRQHandler	8	static
stm32f7xx_it.c:191:6:TIM6_DAC_IRQHandler	8	static
stm32f7xx_it.c:205:6:OTG_HS_IRQHandler	8	static
stm32f7xx_it.c:217:6:HAL_TIM_PeriodElapsedCallback	16	static
