lv_anim.h:128:20:lv_anim_set_var	16	static
lv_anim.h:140:20:lv_anim_set_exec_cb	16	static
lv_anim.h:150:20:lv_anim_set_time	16	static
lv_anim.h:160:20:lv_anim_set_delay	16	static
lv_anim.h:171:20:lv_anim_set_values	16	static
lv_anim.h:209:20:lv_anim_set_start_cb	16	static
lv_anim.h:219:20:lv_anim_set_ready_cb	16	static
lv_obj_style_dec.h:109:1:lv_obj_set_style_local_opa_scale	16	static
lv_disp.h:153:26:lv_scr_act	8	static
lv_disp.c:49:12:lv_disp_get_scr_act	16	static
lv_disp.c:66:12:lv_disp_get_scr_prev	16	static
lv_disp.c:81:6:lv_disp_load_scr	24	static
lv_disp.c:95:12:lv_disp_get_layer_top	16	static
lv_disp.c:112:12:lv_disp_get_layer_sys	16	static
lv_disp.c:129:6:lv_disp_assign_screen	24	static
lv_disp.c:148:6:lv_disp_set_bg_color	40	static
lv_disp.c:169:6:lv_disp_set_bg_image	40	static
lv_disp.c:190:6:lv_disp_set_bg_opa	40	static
lv_disp.c:215:6:lv_scr_load_anim	160	static
lv_disp.c:318:10:lv_disp_get_inactive_time	32	static
lv_disp.c:344:6:lv_disp_trig_activity	16	static
lv_disp.c:362:13:_lv_disp_get_refr_task	16	static
lv_disp.c:378:13:scr_load_anim_start	24	static
lv_disp.c:386:13:opa_scale_anim	16	static
lv_disp.c:392:13:scr_anim_ready	24	static
