lv_mem.h:214:44:_lv_memcpy_small	32	static
lv_area.h:100:20:lv_area_copy	16	static
lv_area.h:110:26:lv_area_get_width	16	static
lv_area.h:120:26:lv_area_get_height	16	static
lv_color.h:454:48:lv_color_mix	24	static
lv_color.h:614:26:lv_color_make	16	static
lv_color.h:619:26:lv_color_hex	16	static
lv_anim.h:128:20:lv_anim_set_var	16	static
lv_anim.h:140:20:lv_anim_set_exec_cb	16	static
lv_anim.h:150:20:lv_anim_set_time	16	static
lv_anim.h:160:20:lv_anim_set_delay	16	static
lv_anim.h:171:20:lv_anim_set_values	16	static
lv_anim.h:198:20:lv_anim_set_path	16	static
lv_anim.h:209:20:lv_anim_set_start_cb	16	static
lv_anim.h:219:20:lv_anim_set_ready_cb	16	static
lv_style.h:284:28:lv_style_list_get_style	16	static
lv_obj_style_dec.h:102:1:lv_obj_get_style_radius	16	static
lv_obj_style_dec.h:103:1:lv_obj_get_style_clip_corner	16	static
lv_obj_style_dec.h:105:1:lv_obj_get_style_transform_width	16	static
lv_obj_style_dec.h:106:1:lv_obj_get_style_transform_height	16	static
lv_obj_style_dec.h:109:1:lv_obj_get_style_opa_scale	16	static
lv_obj_style_dec.h:109:1:lv_obj_set_style_local_opa_scale	16	static
lv_obj_style_dec.h:110:1:lv_obj_get_style_pad_top	16	static
lv_obj_style_dec.h:111:1:lv_obj_get_style_pad_bottom	16	static
lv_obj_style_dec.h:112:1:lv_obj_get_style_pad_left	16	static
lv_obj_style_dec.h:113:1:lv_obj_get_style_pad_right	16	static
lv_obj_style_dec.h:114:1:lv_obj_get_style_pad_inner	16	static
lv_obj_style_dec.h:115:1:lv_obj_get_style_margin_top	16	static
lv_obj_style_dec.h:116:1:lv_obj_get_style_margin_bottom	16	static
lv_obj_style_dec.h:117:1:lv_obj_get_style_margin_left	16	static
lv_obj_style_dec.h:118:1:lv_obj_get_style_margin_right	16	static
lv_obj_style_dec.h:119:1:lv_obj_get_style_bg_blend_mode	16	static
lv_obj_style_dec.h:120:1:lv_obj_get_style_bg_main_stop	16	static
lv_obj_style_dec.h:121:1:lv_obj_get_style_bg_grad_stop	16	static
lv_obj_style_dec.h:122:1:lv_obj_get_style_bg_grad_dir	16	static
lv_obj_style_dec.h:123:1:lv_obj_get_style_bg_color	16	static
lv_obj_style_dec.h:124:1:lv_obj_get_style_bg_grad_color	16	static
lv_obj_style_dec.h:125:1:lv_obj_get_style_bg_opa	16	static
lv_obj_style_dec.h:126:1:lv_obj_get_style_border_width	16	static
lv_obj_style_dec.h:127:1:lv_obj_get_style_border_side	16	static
lv_obj_style_dec.h:128:1:lv_obj_get_style_border_blend_mode	16	static
lv_obj_style_dec.h:129:1:lv_obj_get_style_border_post	16	static
lv_obj_style_dec.h:130:1:lv_obj_get_style_border_color	16	static
lv_obj_style_dec.h:131:1:lv_obj_get_style_border_opa	16	static
lv_obj_style_dec.h:132:1:lv_obj_get_style_outline_width	16	static
lv_obj_style_dec.h:133:1:lv_obj_get_style_outline_pad	16	static
lv_obj_style_dec.h:134:1:lv_obj_get_style_outline_blend_mode	16	static
lv_obj_style_dec.h:135:1:lv_obj_get_style_outline_color	16	static
lv_obj_style_dec.h:136:1:lv_obj_get_style_outline_opa	16	static
lv_obj_style_dec.h:137:1:lv_obj_get_style_shadow_width	16	static
lv_obj_style_dec.h:138:1:lv_obj_get_style_shadow_ofs_x	16	static
lv_obj_style_dec.h:139:1:lv_obj_get_style_shadow_ofs_y	16	static
lv_obj_style_dec.h:140:1:lv_obj_get_style_shadow_spread	16	static
lv_obj_style_dec.h:141:1:lv_obj_get_style_shadow_blend_mode	16	static
lv_obj_style_dec.h:142:1:lv_obj_get_style_shadow_color	16	static
lv_obj_style_dec.h:143:1:lv_obj_get_style_shadow_opa	16	static
lv_obj_style_dec.h:144:1:lv_obj_get_style_pattern_repeat	16	static
lv_obj_style_dec.h:145:1:lv_obj_get_style_pattern_blend_mode	16	static
lv_obj_style_dec.h:146:1:lv_obj_get_style_pattern_recolor	16	static
lv_obj_style_dec.h:147:1:lv_obj_get_style_pattern_opa	16	static
lv_obj_style_dec.h:148:1:lv_obj_get_style_pattern_recolor_opa	16	static
lv_obj_style_dec.h:149:1:lv_obj_get_style_pattern_image	16	static
lv_obj_style_dec.h:150:1:lv_obj_get_style_value_letter_space	16	static
lv_obj_style_dec.h:151:1:lv_obj_get_style_value_line_space	16	static
lv_obj_style_dec.h:152:1:lv_obj_get_style_value_blend_mode	16	static
lv_obj_style_dec.h:153:1:lv_obj_get_style_value_ofs_x	16	static
lv_obj_style_dec.h:154:1:lv_obj_get_style_value_ofs_y	16	static
lv_obj_style_dec.h:155:1:lv_obj_get_style_value_align	16	static
lv_obj_style_dec.h:156:1:lv_obj_get_style_value_color	16	static
lv_obj_style_dec.h:157:1:lv_obj_get_style_value_opa	16	static
lv_obj_style_dec.h:158:1:lv_obj_get_style_value_font	16	static
lv_obj_style_dec.h:159:1:lv_obj_get_style_value_str	16	static
lv_obj_style_dec.h:160:1:lv_obj_get_style_text_letter_space	16	static
lv_obj_style_dec.h:161:1:lv_obj_get_style_text_line_space	16	static
lv_obj_style_dec.h:162:1:lv_obj_get_style_text_decor	16	static
lv_obj_style_dec.h:163:1:lv_obj_get_style_text_blend_mode	16	static
lv_obj_style_dec.h:164:1:lv_obj_get_style_text_color	16	static
lv_obj_style_dec.h:165:1:lv_obj_get_style_text_sel_color	16	static
lv_obj_style_dec.h:166:1:lv_obj_get_style_text_opa	16	static
lv_obj_style_dec.h:167:1:lv_obj_get_style_text_font	16	static
lv_obj_style_dec.h:168:1:lv_obj_get_style_line_width	16	static
lv_obj_style_dec.h:169:1:lv_obj_get_style_line_blend_mode	16	static
lv_obj_style_dec.h:170:1:lv_obj_get_style_line_dash_width	16	static
lv_obj_style_dec.h:171:1:lv_obj_get_style_line_dash_gap	16	static
lv_obj_style_dec.h:172:1:lv_obj_get_style_line_rounded	16	static
lv_obj_style_dec.h:173:1:lv_obj_get_style_line_color	16	static
lv_obj_style_dec.h:174:1:lv_obj_get_style_line_opa	16	static
lv_obj_style_dec.h:175:1:lv_obj_get_style_image_blend_mode	16	static
lv_obj_style_dec.h:176:1:lv_obj_get_style_image_recolor	16	static
lv_obj_style_dec.h:177:1:lv_obj_get_style_image_opa	16	static
lv_obj_style_dec.h:178:1:lv_obj_get_style_image_recolor_opa	16	static
lv_obj_style_dec.h:179:1:lv_obj_get_style_transition_time	16	static
lv_obj_style_dec.h:180:1:lv_obj_get_style_transition_delay	16	static
lv_obj_style_dec.h:181:1:lv_obj_get_style_transition_prop_1	16	static
lv_obj_style_dec.h:182:1:lv_obj_get_style_transition_prop_2	16	static
lv_obj_style_dec.h:183:1:lv_obj_get_style_transition_prop_3	16	static
lv_obj_style_dec.h:184:1:lv_obj_get_style_transition_prop_4	16	static
lv_obj_style_dec.h:185:1:lv_obj_get_style_transition_prop_5	16	static
lv_obj_style_dec.h:186:1:lv_obj_get_style_transition_prop_6	16	static
lv_obj_style_dec.h:188:1:lv_obj_get_style_transition_path	16	static
lv_obj.c:125:6:lv_init	48	static
lv_obj.c:193:6:lv_deinit	8	static
lv_obj.c:220:12:lv_obj_create	32	static
lv_obj.c:425:10:lv_obj_del	40	static
lv_obj.c:460:6:lv_obj_del_anim_ready_cb	16	static
lv_obj.c:472:6:lv_obj_del_async	24	static
lv_obj.c:482:6:lv_obj_clean	32	static
lv_obj.c:502:6:lv_obj_invalidate_area	64	static
lv_obj.c:549:6:lv_obj_invalidate	40	static
lv_obj.c:578:6:lv_obj_set_parent	40	static
lv_obj.c:634:6:lv_obj_move_foreground	32	static
lv_obj.c:657:6:lv_obj_move_background	32	static
lv_obj.c:686:6:lv_obj_set_pos	40	static
lv_obj.c:738:6:lv_obj_set_x	24	static
lv_obj.c:750:6:lv_obj_set_y	24	static
lv_obj.c:763:6:lv_obj_set_size	40	static
lv_obj.c:817:6:lv_obj_set_width	24	static
lv_obj.c:829:6:lv_obj_set_height	24	static
lv_obj.c:841:6:lv_obj_set_width_fit	24	static
lv_obj.c:854:6:lv_obj_set_height_fit	24	static
lv_obj.c:868:6:lv_obj_set_width_margin	24	static
lv_obj.c:882:6:lv_obj_set_height_margin	24	static
lv_obj.c:898:6:lv_obj_align	48	static
lv_obj.c:925:6:lv_obj_align_x	48	static
lv_obj.c:943:6:lv_obj_align_y	48	static
lv_obj.c:962:6:lv_obj_align_mid	48	static
lv_obj.c:992:6:lv_obj_align_mid_x	48	static
lv_obj.c:1014:6:lv_obj_align_mid_y	48	static
lv_obj.c:1032:6:lv_obj_realign	32	static
lv_obj.c:1053:6:lv_obj_set_auto_realign	24	static
lv_obj.c:1077:6:lv_obj_set_ext_click_area	32	static
lv_obj.c:1109:6:lv_obj_add_style	32	static
lv_obj.c:1133:6:lv_obj_remove_style	32	static
lv_obj.c:1158:6:lv_obj_clean_style_list	24	static
lv_obj.c:1180:6:lv_obj_reset_style_list	16	static
lv_obj.c:1199:6:_lv_obj_set_style_local_int	32	static
lv_obj.c:1221:6:_lv_obj_set_style_local_color	32	static
lv_obj.c:1243:6:_lv_obj_set_style_local_opa	24	static
lv_obj.c:1265:6:_lv_obj_set_style_local_ptr	32	static
lv_obj.c:1286:6:lv_obj_remove_style_local_prop	32	static
lv_obj.c:1299:6:lv_obj_refresh_style	32	static
lv_obj.c:1377:6:lv_obj_report_style_mod	24	static
lv_obj.c:1399:6:lv_obj_set_hidden	32	static
lv_obj.c:1418:6:lv_obj_set_adv_hittest	24	static
lv_obj.c:1430:6:lv_obj_set_click	24	static
lv_obj.c:1443:6:lv_obj_set_top	24	static
lv_obj.c:1455:6:lv_obj_set_drag	24	static
lv_obj.c:1468:6:lv_obj_set_drag_dir	24	static
lv_obj.c:1482:6:lv_obj_set_drag_throw	24	static
lv_obj.c:1495:6:lv_obj_set_drag_parent	24	static
lv_obj.c:1508:6:lv_obj_set_gesture_parent	16	static
lv_obj.c:1519:6:lv_obj_set_focus_parent	16	static
lv_obj.c:1543:6:lv_obj_set_parent_event	24	static
lv_obj.c:1555:6:lv_obj_set_base_dir	16	static
lv_obj.c:1577:6:lv_obj_add_protect	24	static
lv_obj.c:1589:6:lv_obj_clear_protect	24	static
lv_obj.c:1604:6:lv_obj_set_state	128	static
lv_obj.c:1677:6:lv_obj_add_state	32	static
lv_obj.c:1694:6:lv_obj_clear_state	32	static
lv_obj.c:1710:6:lv_obj_finish_transitions	24	static
lv_obj.c:1731:6:lv_obj_set_event_cb	24	static
lv_obj.c:1745:10:lv_event_send	40	static
lv_obj.c:1761:10:lv_event_send_refresh	16	static
lv_obj.c:1770:6:lv_event_send_refresh_recursive	32	static
lv_obj.c:1812:10:lv_event_send_func	56	static
lv_obj.c:1869:14:lv_event_get_data	4	static
lv_obj.c:1880:6:lv_obj_set_signal_cb	24	static
lv_obj.c:1893:10:lv_signal_send	32	static
lv_obj.c:1908:6:lv_obj_set_design_cb	24	static
lv_obj.c:1926:8:lv_obj_allocate_ext_attr	32	static
lv_obj.c:1942:6:lv_obj_refresh_ext_draw_pad	24	static
lv_obj.c:1960:12:lv_obj_get_screen	32	static
lv_obj.c:1980:13:lv_obj_get_disp	40	static
lv_obj.c:2012:12:lv_obj_get_parent	24	static
lv_obj.c:2026:12:lv_obj_get_child	32	static
lv_obj.c:2049:12:lv_obj_get_child_back	32	static
lv_obj.c:2070:10:lv_obj_count_children	32	static
lv_obj.c:2086:10:lv_obj_count_children_recursive	32	static
lv_obj.c:2110:6:lv_obj_get_coords	24	static
lv_obj.c:2122:6:lv_obj_get_inner_coords	32	static
lv_obj.c:2143:12:lv_obj_get_x	32	static
lv_obj.c:2163:12:lv_obj_get_y	32	static
lv_obj.c:2183:12:lv_obj_get_width	24	static
lv_obj.c:2195:12:lv_obj_get_height	24	static
lv_obj.c:2207:12:lv_obj_get_width_fit	32	static
lv_obj.c:2222:12:lv_obj_get_height_fit	32	static
lv_obj.c:2238:12:lv_obj_get_height_margin	24	static
lv_obj.c:2252:12:lv_obj_get_width_margin	24	static
lv_obj.c:2270:12:lv_obj_get_width_grid	24	static
lv_obj.c:2291:12:lv_obj_get_height_grid	24	static
lv_obj.c:2307:6:lv_obj_get_auto_realign	24	static
lv_obj.c:2324:12:lv_obj_get_ext_click_pad_left	24	static
lv_obj.c:2343:12:lv_obj_get_ext_click_pad_right	24	static
lv_obj.c:2362:12:lv_obj_get_ext_click_pad_top	24	static
lv_obj.c:2381:12:lv_obj_get_ext_click_pad_bottom	24	static
lv_obj.c:2400:12:lv_obj_get_ext_draw_pad	24	static
lv_obj.c:2411:19:lv_obj_get_style_list	32	static
lv_obj.c:2441:16:_lv_obj_get_style_int	32	static
lv_obj.c:2504:12:_lv_obj_get_style_color	40	static
lv_obj.c:2560:10:_lv_obj_get_style_opa	32	static
lv_obj.c:2617:14:_lv_obj_get_style_ptr	40	static
lv_obj.c:2670:14:lv_obj_get_local_style	32	static
lv_obj.c:2686:6:lv_obj_get_hidden	24	static
lv_obj.c:2698:6:lv_obj_get_adv_hittest	24	static
lv_obj.c:2710:6:lv_obj_get_click	24	static
lv_obj.c:2722:6:lv_obj_get_top	24	static
lv_obj.c:2734:6:lv_obj_get_drag	24	static
lv_obj.c:2746:15:lv_obj_get_drag_dir	24	static
lv_obj.c:2758:6:lv_obj_get_drag_throw	24	static
lv_obj.c:2770:6:lv_obj_get_drag_parent	16	static
lv_obj.c:2780:6:lv_obj_get_gesture_parent	16	static
lv_obj.c:2790:6:lv_obj_get_focus_parent	16	static
lv_obj.c:2800:6:lv_obj_get_parent_event	24	static
lv_obj.c:2808:15:lv_obj_get_base_dir	24	static
lv_obj.c:2833:9:lv_obj_get_protect	24	static
lv_obj.c:2846:6:lv_obj_is_protected	24	static
lv_obj.c:2853:12:lv_obj_get_state	32	static
lv_obj.c:2876:16:lv_obj_get_signal_cb	24	static
lv_obj.c:2888:16:lv_obj_get_design_cb	24	static
lv_obj.c:2900:15:lv_obj_get_event_cb	24	static
lv_obj.c:2917:8:lv_obj_get_ext_attr	24	static
lv_obj.c:2930:6:lv_obj_get_type	64	static
lv_obj.c:2998:8:lv_obj_get_group	24	static
lv_obj.c:3015:6:lv_obj_is_focused	24	static
lv_obj.c:3043:6:lv_obj_is_point_on_coords	24	static
lv_obj.c:3075:6:lv_obj_hittest	24	static
lv_obj.c:3095:10:lv_obj_handle_get_type_signal	24	static
lv_obj.c:3114:6:lv_obj_init_draw_rect_dsc	40	static
lv_obj.c:3250:6:lv_obj_init_draw_label_dsc	40	static
lv_obj.c:3282:6:lv_obj_init_draw_img_dsc	40	static
lv_obj.c:3309:6:lv_obj_init_draw_line_dsc	40	static
lv_obj.c:3345:12:lv_obj_get_draw_rect_ext_pad_size	96	static
lv_obj.c:3421:6:lv_obj_fade_in	88	static
lv_obj.c:3446:6:lv_obj_fade_out	88	static
lv_obj.c:3470:6:lv_debug_check_obj_type	56	static
lv_obj.c:3492:6:lv_debug_check_obj_valid	32	static
lv_obj.c:3514:13:lv_obj_del_async_cb	24	static
lv_obj.c:3521:13:obj_del_core	40	static
lv_obj.c:3608:24:lv_obj_design	160	static
lv_obj.c:3703:12:lv_obj_get_focused_obj	24	static
lv_obj.c:3721:17:lv_obj_signal	40	static
lv_obj.c:3800:13:refresh_children_position	24	static
lv_obj.c:3818:13:report_style_mod_core	32	static
lv_obj.c:3848:13:refresh_children_style	24	static
lv_obj.c:3861:13:base_dir_refr_children	24	static
lv_obj.c:3876:13:obj_align_core	40	static
lv_obj.c:3896:13:obj_align_mid_core	48	static
lv_obj.c:4041:27:trans_create	64	static
lv_obj.c:4152:13:trans_del	40	static
lv_obj.c:4178:13:trans_anim_cb	40	static
lv_obj.c:4214:13:trans_anim_start_cb	32	static
lv_obj.c:4243:13:trans_anim_ready_cb	40	static
lv_obj.c:4269:13:opa_scale_anim	16	static
lv_obj.c:4274:13:fade_in_anim_ready	16	static
lv_obj.c:4281:13:lv_event_mark_deleted	24	static
lv_obj.c:4291:13:obj_valid_child	24	static
